Archive member included because of file (symbol)

contiki-sky.a(contiki-sky-pla)
                              obj_sky/contiki-sky-main.o (init_platform)
contiki-sky.a(button-sensor.o)
                              contiki-sky.a(contiki-sky-pla) (button_sensor)
contiki-sky.a(ds2411.o)       obj_sky/contiki-sky-main.o (ds2411_init)
contiki-sky.a(xmem.o)         obj_sky/contiki-sky-main.o (xmem_init)
contiki-sky.a(node-id.o)      obj_sky/contiki-sky-main.o (node_id_restore)
contiki-sky.a(sensors.o)      contiki-sky.a(button-sensor.o) (sensors_changed)
contiki-sky.a(cc2420.o)       obj_sky/contiki-sky-main.o (cc2420_set_pan_addr)
contiki-sky.a(cc2420-arch.o)  contiki-sky.a(cc2420.o) (cc2420_arch_init)
contiki-sky.a(uart1.o)        obj_sky/contiki-sky-main.o (uart1_active)
contiki-sky.a(uart1-putchar.o)
                              3pc-app.co (putchar)
contiki-sky.a(msp430.o)       obj_sky/contiki-sky-main.o (msp430_dco_required)
contiki-sky.a(clock.o)        obj_sky/contiki-sky-main.o (clock_init)
contiki-sky.a(leds.o)         obj_sky/contiki-sky-main.o (leds_init)
contiki-sky.a(leds-arch.o)    contiki-sky.a(leds.o) (leds_arch_init)
contiki-sky.a(watchdog.o)     obj_sky/contiki-sky-main.o (watchdog_start)
contiki-sky.a(autostart.o)    obj_sky/contiki-sky-main.o (autostart_start)
contiki-sky.a(ctimer.o)       obj_sky/contiki-sky-main.o (ctimer_init)
contiki-sky.a(energest.o)     obj_sky/contiki-sky-main.o (energest_type_set)
contiki-sky.a(etimer.o)       contiki-sky.a(clock.o) (etimer_request_poll)
contiki-sky.a(process.o)      contiki-sky.a(ctimer.o) (process_current)
contiki-sky.a(rtimer.o)       obj_sky/contiki-sky-main.o (rtimer_init)
contiki-sky.a(timer.o)        contiki-sky.a(button-sensor.o) (timer_set)
contiki-sky.a(serial-line.o)  obj_sky/contiki-sky-main.o (serial_line_input_byte)
contiki-sky.a(list.o)         contiki-sky.a(ctimer.o) (list_init)
contiki-sky.a(random.o)       obj_sky/contiki-sky-main.o (random_init)
contiki-sky.a(ringbuf.o)      contiki-sky.a(serial-line.o) (ringbuf_init)
contiki-sky.a(chaos.o)        obj_sky/contiki-sky-main.o (chaosnet_driver)
contiki-sky.a(node.o)         3pc-app.co (chaos_node_count)
contiki-sky.a(join.o)         contiki-sky.a(node.o) (join_init)
contiki-sky.a(3pc.o)          3pc-app.co (chaos_3pc_flags_log)
contiki-sky.a(nordc.o)        obj_sky/contiki-sky-main.o (nordc_driver)
contiki-sky.a(linkaddr.o)     obj_sky/contiki-sky-main.o (linkaddr_copy)
contiki-sky.a(packetbuf.o)    contiki-sky.a(cc2420.o) (packetbuf_set_datalen)
contiki-sky.a(nullsec.o)      obj_sky/contiki-sky-main.o (nullsec_driver)
contiki-sky.a(spi.o)          contiki-sky.a(xmem.o) (spi_init)
contiki-sky.a(rtimer-arch.o)  contiki-sky.a(rtimer.o) (rtimer_arch_init)
contiki-sky.a(chaos-control.o)
                              contiki-sky.a(chaos.o) (chaos_process)
contiki-sky.a(chaos-multichan)
                              contiki-sky.a(chaos.o) (chaos_multichannel_init)
contiki-sky.a(chaos-random-ge)
                              contiki-sky.a(chaos.o) (chaos_random_generator_produce)
contiki-sky.a(chaos-scheduler)
                              contiki-sky.a(chaos-control.o) (scheduler_init)
/usr/local/Cellar/msp430-gcc/4.7.0/lib/gcc/msp430/4.7.0/mmpy-16/libgcc.a(_mulsi3.o)
                              contiki-sky.a(chaos.o) (__mulsi3)
/usr/local/Cellar/msp430-gcc/4.7.0/lib/gcc/msp430/4.7.0/mmpy-16/libgcc.a(_udivmod32.o)
                              obj_sky/contiki-sky-main.o (__udivsi3)
/usr/local/Cellar/msp430-gcc/4.7.0/lib/gcc/msp430/4.7.0/../../../../msp430/lib/mmpy-16/libc.a(printf.o)
                              3pc-app.co (printf)
/usr/local/Cellar/msp430-gcc/4.7.0/lib/gcc/msp430/4.7.0/../../../../msp430/lib/mmpy-16/libc.a(vuprintf.o)
                              /usr/local/Cellar/msp430-gcc/4.7.0/lib/gcc/msp430/4.7.0/../../../../msp430/lib/mmpy-16/libc.a(printf.o) (vuprintf)
/usr/local/Cellar/msp430-gcc/4.7.0/lib/gcc/msp430/4.7.0/../../../../msp430/lib/mmpy-16/libc.a(puts.o)
                              3pc-app.co (puts)
/usr/local/Cellar/msp430-gcc/4.7.0/lib/gcc/msp430/4.7.0/../../../../msp430/lib/mmpy-16/libc.a(rand.o)
                              contiki-sky.a(random.o) (rand)
/usr/local/Cellar/msp430-gcc/4.7.0/lib/gcc/msp430/4.7.0/../../../../msp430/lib/mmpy-16/libc.a(strcmp.o)
                              contiki-sky.a(chaos.o) (strcmp)
/usr/local/Cellar/msp430-gcc/4.7.0/lib/gcc/msp430/4.7.0/../../../../msp430/lib/mmpy-16/libc.a(strncmp.o)
                              contiki-sky.a(sensors.o) (strncmp)
/usr/local/Cellar/msp430-gcc/4.7.0/lib/gcc/msp430/4.7.0/../../../../msp430/lib/mmpy-16/libc.a(memcmp.o)
                              contiki-sky.a(chaos.o) (memcmp)
/usr/local/Cellar/msp430-gcc/4.7.0/lib/gcc/msp430/4.7.0/../../../../msp430/lib/mmpy-16/libc.a(memcpy.o)
                              contiki-sky.a(watchdog.o) (memcpy)
/usr/local/Cellar/msp430-gcc/4.7.0/lib/gcc/msp430/4.7.0/../../../../msp430/lib/mmpy-16/libc.a(memset.o)
[...]
Memory Configuration

Name             Origin             Length             Attributes
sfr              0x0000000000000000 0x0000000000000010
peripheral_8bit  0x0000000000000010 0x00000000000000f0
peripheral_16bit 0x0000000000000100 0x0000000000000100
ram_mirror       0x0000000000000200 0x0000000000000800 xw
infomem          0x0000000000001000 0x0000000000000100
infob            0x0000000000001000 0x0000000000000080
infoa            0x0000000000001080 0x0000000000000080
ram              0x0000000000001100 0x0000000000002800 xw
rom              0x0000000000004000 0x000000000000bfe0 xr
vectors          0x000000000000ffe0 0x0000000000000020
bsl              0x0000000000000000 0x0000000000000000
infoc            0x0000000000000000 0x0000000000000000
infod            0x0000000000000000 0x0000000000000000
ram2             0x0000000000000000 0x0000000000000000 xw
signature        0x0000000000000000 0x0000000000000000
usbram           0x0000000000000000 0x0000000000000000 xw
far_rom          0x0000000000000000 0x0000000000000000
*default*        0x0000000000000000 0xffffffffffffffff

Linker script and memory map

LOAD /usr/local/Cellar/msp430-gcc/4.7.0/lib/gcc/msp430/4.7.0/mmpy-16/crt0ivtbl16.o
Address of section .chaos_do_tx set to 0x4000
Address of section .chaos_do_rx set to 0x4800
Address of section .text set to 0x5500
LOAD 3pc-app.co
LOAD obj_sky/contiki-sky-main.o
LOAD contiki-sky.a
LOAD /usr/local/Cellar/msp430-gcc/4.7.0/lib/gcc/msp430/4.7.0/mmpy-16/libgcc.a
LOAD /usr/local/Cellar/msp430-gcc/4.7.0/lib/gcc/msp430/4.7.0/../../../../msp430/lib/mmpy-16/libc.a
LOAD /usr/local/Cellar/msp430-gcc/4.7.0/lib/gcc/msp430/4.7.0/mmpy-16/libgcc.a
LOAD /usr/local/Cellar/msp430-gcc/4.7.0/lib/gcc/msp430/4.7.0/mmpy-16/libcrt0.a
                0x0000000000000080                PROVIDE (__info_segment_size, 0x80)
                0x0000000000001000                PROVIDE (__infob, 0x1000)
                0x0000000000001080                PROVIDE (__infoa, 0x1080)
                0x0000000000000000                __IE1 = 0x0
                0x0000000000000002                __IFG1 = 0x2
                0x0000000000000004                __ME1 = 0x4
                0x0000000000000001                __IE2 = 0x1
                0x0000000000000003                __IFG2 = 0x3
                0x0000000000000005                __ME2 = 0x5
                0x0000000000000120                __WDTCTL = 0x120
                0x0000000000000130                __MPY = 0x130
                0x0000000000000132                __MPYS = 0x132
                0x0000000000000134                __MAC = 0x134
                0x0000000000000136                __MACS = 0x136
                0x0000000000000138                __OP2 = 0x138
                0x000000000000013a                __RESLO = 0x13a
                0x000000000000013c                __RESHI = 0x13c
                0x000000000000013e                __SUMEXT = 0x13e
                0x0000000000000020                __P1IN = 0x20
                0x0000000000000021                __P1OUT = 0x21
                0x0000000000000022                __P1DIR = 0x22
                0x0000000000000023                __P1IFG = 0x23
                0x0000000000000024                __P1IES = 0x24
                0x0000000000000025                __P1IE = 0x25
                0x0000000000000026                __P1SEL = 0x26
                0x0000000000000028                __P2IN = 0x28
                0x0000000000000029                __P2OUT = 0x29
                0x000000000000002a                __P2DIR = 0x2a
                0x000000000000002b                __P2IFG = 0x2b
                0x000000000000002c                __P2IES = 0x2c
                0x000000000000002d                __P2IE = 0x2d
                0x000000000000002e                __P2SEL = 0x2e
                0x0000000000000018                __P3IN = 0x18
                0x0000000000000019                __P3OUT = 0x19
                0x000000000000001a                __P3DIR = 0x1a
                0x000000000000001b                __P3SEL = 0x1b
                0x000000000000001c                __P4IN = 0x1c
                0x000000000000001d                __P4OUT = 0x1d
                0x000000000000001e                __P4DIR = 0x1e
                0x000000000000001f                __P4SEL = 0x1f
                0x0000000000000030                __P5IN = 0x30
                0x0000000000000031                __P5OUT = 0x31
                0x0000000000000032                __P5DIR = 0x32
                0x0000000000000033                __P5SEL = 0x33
                0x0000000000000034                __P6IN = 0x34
                0x0000000000000035                __P6OUT = 0x35
                0x0000000000000036                __P6DIR = 0x36
                0x0000000000000037                __P6SEL = 0x37
                0x0000000000000070                __U0CTL = 0x70
                0x0000000000000071                __U0TCTL = 0x71
                0x0000000000000072                __U0RCTL = 0x72
                0x0000000000000073                __U0MCTL = 0x73
                0x0000000000000074                __U0BR0 = 0x74
                0x0000000000000075                __U0BR1 = 0x75
                0x0000000000000076                __U0RXBUF = 0x76
                0x0000000000000077                __U0TXBUF = 0x77
                0x0000000000000078                __U1CTL = 0x78
                0x0000000000000079                __U1TCTL = 0x79
                0x000000000000007a                __U1RCTL = 0x7a
                0x000000000000007b                __U1MCTL = 0x7b
                0x000000000000007c                __U1BR0 = 0x7c
                0x000000000000007d                __U1BR1 = 0x7d
                0x000000000000007e                __U1RXBUF = 0x7e
                0x000000000000007f                __U1TXBUF = 0x7f
                0x0000000000000050                __I2CIE = 0x50
                0x0000000000000051                __I2CIFG = 0x51
                0x0000000000000052                __I2CNDAT = 0x52
                0x0000000000000071                __I2CTCTL = 0x71
                0x0000000000000072                __I2CDCTL = 0x72
                0x0000000000000073                __I2CPSC = 0x73
                0x0000000000000074                __I2CSCLH = 0x74
                0x0000000000000075                __I2CSCLL = 0x75
                0x0000000000000076                __I2CDRB = 0x76
                0x0000000000000076                __I2CDRW = 0x76
                0x0000000000000118                __I2COA = 0x118
                0x000000000000011a                __I2CSA = 0x11a
                0x000000000000011c                __I2CIV = 0x11c
                0x000000000000012e                __TAIV = 0x12e
                0x0000000000000160                __TACTL = 0x160
                0x0000000000000162                __TACCTL0 = 0x162
                0x0000000000000164                __TACCTL1 = 0x164
                0x0000000000000166                __TACCTL2 = 0x166
                0x0000000000000170                __TAR = 0x170
                0x0000000000000172                __TACCR0 = 0x172
                0x0000000000000174                __TACCR1 = 0x174
                0x0000000000000176                __TACCR2 = 0x176
                0x000000000000011e                __TBIV = 0x11e
                0x0000000000000180                __TBCTL = 0x180
                0x0000000000000182                __TBCCTL0 = 0x182
                0x0000000000000184                __TBCCTL1 = 0x184
                0x0000000000000186                __TBCCTL2 = 0x186
                0x0000000000000188                __TBCCTL3 = 0x188
                0x000000000000018a                __TBCCTL4 = 0x18a
                0x000000000000018c                __TBCCTL5 = 0x18c
                0x000000000000018e                __TBCCTL6 = 0x18e
                0x0000000000000190                __TBR = 0x190
                0x0000000000000192                __TBCCR0 = 0x192
                0x0000000000000194                __TBCCR1 = 0x194
                0x0000000000000196                __TBCCR2 = 0x196
                0x0000000000000198                __TBCCR3 = 0x198
                0x000000000000019a                __TBCCR4 = 0x19a
                0x000000000000019c                __TBCCR5 = 0x19c
                0x000000000000019e                __TBCCR6 = 0x19e
                0x0000000000000056                __DCOCTL = 0x56
                0x0000000000000057                __BCSCTL1 = 0x57
                0x0000000000000058                __BCSCTL2 = 0x58
                0x0000000000000055                __SVSCTL = 0x55
                0x0000000000000128                __FCTL1 = 0x128
                0x000000000000012a                __FCTL2 = 0x12a
                0x000000000000012c                __FCTL3 = 0x12c
                0x0000000000000059                __CACTL1 = 0x59
                0x000000000000005a                __CACTL2 = 0x5a
                0x000000000000005b                __CAPD = 0x5b
                0x00000000000001a0                __ADC12CTL0 = 0x1a0
                0x00000000000001a2                __ADC12CTL1 = 0x1a2
                0x00000000000001a4                __ADC12IFG = 0x1a4
                0x00000000000001a6                __ADC12IE = 0x1a6
                0x00000000000001a8                __ADC12IV = 0x1a8
                0x0000000000000140                __ADC12MEM0 = 0x140
                0x0000000000000142                __ADC12MEM1 = 0x142
                0x0000000000000144                __ADC12MEM2 = 0x144
                0x0000000000000146                __ADC12MEM3 = 0x146
                0x0000000000000148                __ADC12MEM4 = 0x148
                0x000000000000014a                __ADC12MEM5 = 0x14a
                0x000000000000014c                __ADC12MEM6 = 0x14c
                0x000000000000014e                __ADC12MEM7 = 0x14e
                0x0000000000000150                __ADC12MEM8 = 0x150
                0x0000000000000152                __ADC12MEM9 = 0x152
                0x0000000000000154                __ADC12MEM10 = 0x154
                0x0000000000000156                __ADC12MEM11 = 0x156
                0x0000000000000158                __ADC12MEM12 = 0x158
                0x000000000000015a                __ADC12MEM13 = 0x15a
                0x000000000000015c                __ADC12MEM14 = 0x15c
                0x000000000000015e                __ADC12MEM15 = 0x15e
                0x0000000000000080                __ADC12MCTL0 = 0x80
                0x0000000000000081                __ADC12MCTL1 = 0x81
                0x0000000000000082                __ADC12MCTL2 = 0x82
                0x0000000000000083                __ADC12MCTL3 = 0x83
                0x0000000000000084                __ADC12MCTL4 = 0x84
                0x0000000000000085                __ADC12MCTL5 = 0x85
                0x0000000000000086                __ADC12MCTL6 = 0x86
                0x0000000000000087                __ADC12MCTL7 = 0x87
                0x0000000000000088                __ADC12MCTL8 = 0x88
                0x0000000000000089                __ADC12MCTL9 = 0x89
                0x000000000000008a                __ADC12MCTL10 = 0x8a
                0x000000000000008b                __ADC12MCTL11 = 0x8b
                0x000000000000008c                __ADC12MCTL12 = 0x8c
                0x000000000000008d                __ADC12MCTL13 = 0x8d
                0x000000000000008e                __ADC12MCTL14 = 0x8e
                0x000000000000008f                __ADC12MCTL15 = 0x8f
                0x00000000000001c0                __DAC12_0CTL = 0x1c0
                0x00000000000001c2                __DAC12_1CTL = 0x1c2
                0x00000000000001c8                __DAC12_0DAT = 0x1c8
                0x00000000000001ca                __DAC12_1DAT = 0x1ca
                0x0000000000000122                __DMACTL0 = 0x122
                0x0000000000000124                __DMACTL1 = 0x124
                0x00000000000001e0                __DMA0CTL = 0x1e0
                0x00000000000001e8                __DMA1CTL = 0x1e8
                0x00000000000001f0                __DMA2CTL = 0x1f0
                0x00000000000001e2                __DMA0SA = 0x1e2
                0x00000000000001e4                __DMA0DA = 0x1e4
                0x00000000000001e6                __DMA0SZ = 0x1e6
                0x00000000000001ea                __DMA1SA = 0x1ea
                0x00000000000001ec                __DMA1DA = 0x1ec
                0x00000000000001ee                __DMA1SZ = 0x1ee
                0x00000000000001f2                __DMA2SA = 0x1f2
                0x00000000000001f4                __DMA2DA = 0x1f4
                0x00000000000001f6                __DMA2SZ = 0x1f6

.hash
 *(.hash)

.dynsym
 *(.dynsym)

.dynstr
 *(.dynstr)

.gnu.version
 *(.gnu.version)

.gnu.version_d
 *(.gnu.version_d)

.gnu.version_r
 *(.gnu.version_r)

.rel.init
 *(.rel.init)

.rela.init
 *(.rela.init)

.rel.fini
 *(.rel.fini)

.rela.fini
 *(.rela.fini)

.rel.text
 *(.rel.text .rel.text.* .rel.gnu.linkonce.t.*)

.rela.text
 *(.rela.text .rela.text.* .rela.gnu.linkonce.t.*)

.rel.rodata
 *(.rel.rodata .rel.rodata.* .rel.gnu.linkonce.r.*)

.rela.rodata
 *(.rela.rodata .rela.rodata.* .rela.gnu.linkonce.r.*)

.rel.data
 *(.rel.data .rel.data.* .rel.gnu.linkonce.d.*)

.rela.data
 *(.rela.data .rela.data.* .rela.gnu.linkonce.d.*)

.rel.bss
 *(.rel.bss .rel.bss.* .rel.gnu.linkonce.b.*)

.rela.bss
 *(.rela.bss .rela.bss.* .rela.gnu.linkonce.b.*)

.rel.ctors
 *(.rel.ctors)

.rela.ctors
 *(.rela.ctors)

.rel.dtors
 *(.rel.dtors)

.rela.dtors
 *(.rela.dtors)

.rel.got
 *(.rel.got)

.rela.got
 *(.rela.got)

.rel.plt
 *(.rel.plt)

.rela.plt
 *(.rela.plt)

.text           0x0000000000005500     0x5ee6
                0x0000000000005500                . = ALIGN (0x2)
 *(.init .init.*)
 *(.init0)
 .init0         0x0000000000005500        0x0 /usr/local/Cellar/msp430-gcc/4.7.0/lib/gcc/msp430/4.7.0/mmpy-16/libcrt0.a(_reset_vector__.o)
                0x0000000000005500                _reset_vector__
 *(.init1)
 .init1         0x0000000000005500        0xc /usr/local/Cellar/msp430-gcc/4.7.0/lib/gcc/msp430/4.7.0/mmpy-16/libcrt0.a(__watchdog_support.o)
                0x0000000000005500                __watchdog_support
 *(.init2)
 .init2         0x000000000000550c        0x4 /usr/local/Cellar/msp430-gcc/4.7.0/lib/gcc/msp430/4.7.0/mmpy-16/libcrt0.a(__init_stack.o)
                0x000000000000550c                __init_stack
 *(.init3)
 .init3         0x0000000000005510        0x0 /usr/local/Cellar/msp430-gcc/4.7.0/lib/gcc/msp430/4.7.0/mmpy-16/libcrt0.a(__low_level_init.o)
                0x0000000000005510                __low_level_init
 *(.init4)
 .init4         0x0000000000005510       0x18 /usr/local/Cellar/msp430-gcc/4.7.0/lib/gcc/msp430/4.7.0/mmpy-16/libcrt0.a(_copy_data.o)
                0x0000000000005510                __do_copy_data
 .init4         0x0000000000005528       0x16 /usr/local/Cellar/msp430-gcc/4.7.0/lib/gcc/msp430/4.7.0/mmpy-16/libcrt0.a(_clear_bss.o)
                0x0000000000005528                __do_clear_bss
 *(.init5)
 *(.init6)
 *(.init7)
 *(.init8)
 *(.init9)
 .init9         0x000000000000553e      0x272 obj_sky/contiki-sky-main.o
                0x000000000000553e                main
 *(.fini9)
 .fini9         0x00000000000057b0        0x0 /usr/local/Cellar/msp430-gcc/4.7.0/lib/gcc/msp430/4.7.0/mmpy-16/libcrt0.a(__stop_progExec__.o)
                0x00000000000057b0                __stop_progExec__
 *(.fini8)
 *(.fini7)
 *(.fini6)
 *(.fini5)
 *(.fini4)
 *(.fini3)
 *(.fini2)
 *(.fini1)
 *(.fini0)
 .fini0         0x00000000000057b0        0x6 /usr/local/Cellar/msp430-gcc/4.7.0/lib/gcc/msp430/4.7.0/mmpy-16/libcrt0.a(_endless_loop__.o)
                0x00000000000057b0                _endless_loop__
 *(.fini .fini.*)
                0x00000000000057b6                . = ALIGN (0x2)
                0x00000000000057b6                __ctors_start = .
 *(.ctors)
                0x00000000000057b6                __ctors_end = .
                0x00000000000057b6                __dtors_start = .
 *(.dtors)
                0x00000000000057b6                __dtors_end = .
                0x00000000000057b6                . = ALIGN (0x2)
 *(.text .text.* .gnu.linkonce.t.*)
 .text          0x00000000000057b6        0x4 /usr/local/Cellar/msp430-gcc/4.7.0/lib/gcc/msp430/4.7.0/mmpy-16/crt0ivtbl16.o
                0x00000000000057b6                __isr_9
                0x00000000000057b6                __isr_11
                0x00000000000057b6                __isr_2
                0x00000000000057b6                __isr_7
                0x00000000000057b6                __isr_0
                0x00000000000057b6                __isr_8
                0x00000000000057b6                __isr_12
                0x00000000000057b6                __isr_13
                0x00000000000057b6                __isr_14
 .text.process_thread_chaos_3pc_app_process
                0x00000000000057ba      0x1da 3pc-app.co
 .text.round_begin
                0x0000000000005994       0x3e 3pc-app.co
 .text.init_platform
                0x00000000000059d2        0xc contiki-sky.a(contiki-sky-pla)
                0x00000000000059d2                init_platform
 .text.status   0x00000000000059de       0x18 contiki-sky.a(button-sensor.o)
 .text.value    0x00000000000059f6       0x20 contiki-sky.a(button-sensor.o)
 .text.configure
                0x0000000000005a16       0x4c contiki-sky.a(button-sensor.o)
 .text.irq_p2   0x0000000000005a62       0x46 contiki-sky.a(button-sensor.o)
                0x0000000000005a62                irq_p2
                0x0000000000005a62                __isr_1
 .text.owreadb  0x0000000000005aa8       0x50 contiki-sky.a(ds2411.o)
 .text.ds2411_init
                0x0000000000005af8      0x120 contiki-sky.a(ds2411.o)
                0x0000000000005af8                ds2411_init
 .text.wait_ready
                0x0000000000005c18       0x4a contiki-sky.a(xmem.o)
 .text.xmem_init
                0x0000000000005c62       0x3c contiki-sky.a(xmem.o)
                0x0000000000005c62                xmem_init
 .text.xmem_pread
                0x0000000000005c9e       0xa4 contiki-sky.a(xmem.o)
                0x0000000000005c9e                xmem_pread
 .text.node_id_restore
                0x0000000000005d42       0x38 contiki-sky.a(node-id.o)
                0x0000000000005d42                node_id_restore
 .text.process_thread_sensors_process
                0x0000000000005d7a       0xc2 contiki-sky.a(sensors.o)
 .text.sensors_changed
                0x0000000000005e3c       0x2a contiki-sky.a(sensors.o)
                0x0000000000005e3c                sensors_changed
 .text.rtimer_arch_now
                0x0000000000005e66       0x20 contiki-sky.a(cc2420.o)
 .text.get_object
                0x0000000000005e86        0x4 contiki-sky.a(cc2420.o)
 .text.set_object
                0x0000000000005e8a        0x4 contiki-sky.a(cc2420.o)
 .text.strobe   0x0000000000005e8e       0x1c contiki-sky.a(cc2420.o)
 .text.status   0x0000000000005eaa       0x22 contiki-sky.a(cc2420.o)
 .text.getreg   0x0000000000005ecc       0x4c contiki-sky.a(cc2420.o)
 .text.setreg   0x0000000000005f18       0x4c contiki-sky.a(cc2420.o)
 .text.write_ram
                0x0000000000005f64       0x7c contiki-sky.a(cc2420.o)
 .text.write_fifo_buf
                0x0000000000005fe0       0x3c contiki-sky.a(cc2420.o)
 .text.get_status
                0x000000000000601c       0x20 contiki-sky.a(cc2420.o)
 .text.wait_for_status
                0x000000000000603c       0x28 contiki-sky.a(cc2420.o)
 .text.wait_for_transmission
                0x0000000000006064       0x22 contiki-sky.a(cc2420.o)
 .text.on       0x0000000000006086       0x1a contiki-sky.a(cc2420.o)
 .text.cc2420_receiving_packet
                0x00000000000060a0        0xc contiki-sky.a(cc2420.o)
 .text.pending_packet
                0x00000000000060ac        0x8 contiki-sky.a(cc2420.o)
 .text.getrxdata
                0x00000000000060b4       0x50 contiki-sky.a(cc2420.o)
 .text.flushrx  0x0000000000006104       0x1a contiki-sky.a(cc2420.o)
 .text.off      0x000000000000611e       0x28 contiki-sky.a(cc2420.o)
 .text.RELEASE_LOCK
                0x0000000000006146       0x28 contiki-sky.a(cc2420.o)
 .text.cc2420_prepare
                0x000000000000616e       0x3c contiki-sky.a(cc2420.o)
 .text.cc2420_on
                0x00000000000061aa       0x22 contiki-sky.a(cc2420.o)
                0x00000000000061aa                cc2420_on
 .text.cc2420_transmit
                0x00000000000061cc       0x50 contiki-sky.a(cc2420.o)
 .text.cc2420_send
                0x000000000000621c       0x12 contiki-sky.a(cc2420.o)
 .text.cc2420_off
                0x000000000000622e       0x30 contiki-sky.a(cc2420.o)
                0x000000000000622e                cc2420_off
 .text.cc2420_cca
                0x000000000000625e       0x68 contiki-sky.a(cc2420.o)
 .text.cc2420_read
                0x00000000000062c6       0xc0 contiki-sky.a(cc2420.o)
 .text.process_thread_cc2420_process
                0x0000000000006386       0x5c contiki-sky.a(cc2420.o)
 .text.encrypt  0x00000000000063e2       0x88 contiki-sky.a(cc2420.o)
 .text.cc2420_flushrx
                0x000000000000646a        0x6 contiki-sky.a(cc2420.o)
                0x000000000000646a                cc2420_flushrx
 .text.cc2420_set_security
                0x0000000000006470       0x62 contiki-sky.a(cc2420.o)
                0x0000000000006470                cc2420_set_security
 .text.cc2420_set_nonce
                0x00000000000064d2       0x22 contiki-sky.a(cc2420.o)
                0x00000000000064d2                cc2420_set_nonce
 .text.cc2420_decrypt_rx
                0x00000000000064f4       0x12 contiki-sky.a(cc2420.o)
                0x00000000000064f4                cc2420_decrypt_rx
 .text.cc2420_set_key
                0x0000000000006506       0x18 contiki-sky.a(cc2420.o)
                0x0000000000006506                cc2420_set_key
 .text.set_key  0x000000000000651e        0x6 contiki-sky.a(cc2420.o)
 .text.cc2420_set_channel
                0x0000000000006524       0x3c contiki-sky.a(cc2420.o)
                0x0000000000006524                cc2420_set_channel
 .text.cc2420_set_channel_fast
                0x0000000000006560       0x5e contiki-sky.a(cc2420.o)
                0x0000000000006560                cc2420_set_channel_fast
 .text.cc2420_set_pan_addr
                0x00000000000065be       0x4c contiki-sky.a(cc2420.o)
                0x00000000000065be                cc2420_set_pan_addr
 .text.cc2420_interrupt
                0x000000000000660a       0x16 contiki-sky.a(cc2420.o)
                0x000000000000660a                cc2420_interrupt
 .text.cc2420_set_txpower
                0x0000000000006620       0x2c contiki-sky.a(cc2420.o)
                0x0000000000006620                cc2420_set_txpower
 .text.cc2420_get_txpower
                0x000000000000664c       0x1e contiki-sky.a(cc2420.o)
                0x000000000000664c                cc2420_get_txpower
 .text.cc2420_rssi
                0x000000000000666a       0x4c contiki-sky.a(cc2420.o)
                0x000000000000666a                cc2420_rssi
 .text.get_value
                0x00000000000066b6       0xa8 contiki-sky.a(cc2420.o)
 .text.cc2420_set_cca_threshold
                0x000000000000675e       0x16 contiki-sky.a(cc2420.o)
                0x000000000000675e                cc2420_set_cca_threshold
 .text.set_value
                0x0000000000006774       0x86 contiki-sky.a(cc2420.o)
 .text.cc2420_sfd_sync
                0x00000000000067fa       0x5e contiki-sky.a(cc2420.o)
                0x00000000000067fa                cc2420_sfd_sync
 .text.cc2420_read_sfd_timer
                0x0000000000006858       0x38 contiki-sky.a(cc2420.o)
                0x0000000000006858                cc2420_read_sfd_timer
 .text.cc2420_address_decode
                0x0000000000006890       0x7c contiki-sky.a(cc2420.o)
                0x0000000000006890                cc2420_address_decode
 .text.cc2420_set_autoack
                0x000000000000690c       0x78 contiki-sky.a(cc2420.o)
                0x000000000000690c                cc2420_set_autoack
 .text.cc2420_set_interrupt_enable
                0x0000000000006984       0x40 contiki-sky.a(cc2420.o)
                0x0000000000006984                cc2420_set_interrupt_enable
 .text.cc2420_init
                0x00000000000069c4      0x116 contiki-sky.a(cc2420.o)
                0x00000000000069c4                cc2420_init
 .text.cc2420_port1_interrupt
                0x0000000000006ada       0x20 contiki-sky.a(cc2420-arch.o)
                0x0000000000006ada                __isr_4
                0x0000000000006ada                cc2420_port1_interrupt
 .text.cc2420_arch_init
                0x0000000000006afa       0x1a contiki-sky.a(cc2420-arch.o)
                0x0000000000006afa                cc2420_arch_init
 .text.uart1_active
                0x0000000000006b14       0x18 contiki-sky.a(uart1.o)
                0x0000000000006b14                uart1_active
 .text.uart1_set_input
                0x0000000000006b2c        0x6 contiki-sky.a(uart1.o)
                0x0000000000006b2c                uart1_set_input
 .text.uart1_writeb
                0x0000000000006b32       0x18 contiki-sky.a(uart1.o)
                0x0000000000006b32                uart1_writeb
 .text.uart1_init
                0x0000000000006b4a       0xc6 contiki-sky.a(uart1.o)
                0x0000000000006b4a                uart1_init
 .text.uart1_rx_interrupt
                0x0000000000006c10       0x50 contiki-sky.a(uart1.o)
                0x0000000000006c10                uart1_rx_interrupt
                0x0000000000006c10                __isr_3
 .text.putchar  0x0000000000006c60       0x10 contiki-sky.a(uart1-putchar.o)
                0x0000000000006c60                putchar
 .text.msp430_init_dco
                0x0000000000006c70       0x82 contiki-sky.a(msp430.o)
                0x0000000000006c70                msp430_init_dco
 .text.msp430_cpu_init
                0x0000000000006cf2       0x2a contiki-sky.a(msp430.o)
                0x0000000000006cf2                msp430_cpu_init
 .text.splhigh_
                0x0000000000006d1c        0x8 contiki-sky.a(msp430.o)
                0x0000000000006d1c                splhigh_
 .text.msp430_sync_dco_log
                0x0000000000006d24       0x9e contiki-sky.a(msp430.o)
                0x0000000000006d24                msp430_sync_dco_log
 .text.msp430_rand
                0x0000000000006dc2       0xca contiki-sky.a(msp430.o)
                0x0000000000006dc2                msp430_rand
 .text.timera1  0x0000000000006e8c       0xdc contiki-sky.a(clock.o)
                0x0000000000006e8c                __isr_5
                0x0000000000006e8c                timera1
 .text.clock_time
                0x0000000000006f68       0x1a contiki-sky.a(clock.o)
                0x0000000000006f68                clock_time
 .text.clock_init
                0x0000000000006f82       0x28 contiki-sky.a(clock.o)
                0x0000000000006f82                clock_init
 .text.clock_delay
                0x0000000000006faa        0xc contiki-sky.a(clock.o)
                0x0000000000006faa                clock_delay
 .text.clock_seconds
                0x0000000000006fb6       0x1a contiki-sky.a(clock.o)
                0x0000000000006fb6                clock_seconds
 .text.leds_init
                0x0000000000006fd0        0xa contiki-sky.a(leds.o)
                0x0000000000006fd0                leds_init
 .text.leds_on  0x0000000000006fda        0xe contiki-sky.a(leds.o)
                0x0000000000006fda                leds_on
 .text.leds_off
                0x0000000000006fe8       0x12 contiki-sky.a(leds.o)
                0x0000000000006fe8                leds_off
 .text.leds_toggle
                0x0000000000006ffa        0xe contiki-sky.a(leds.o)
                0x0000000000006ffa                leds_toggle
 .text.leds_blink
                0x0000000000007008       0x20 contiki-sky.a(leds.o)
                0x0000000000007008                leds_blink
 .text.leds_arch_init
                0x0000000000007028        0xe contiki-sky.a(leds-arch.o)
                0x0000000000007028                leds_arch_init
 .text.leds_arch_set
                0x0000000000007036       0x38 contiki-sky.a(leds-arch.o)
                0x0000000000007036                leds_arch_set
 .text.printchar
                0x000000000000706e        0xe contiki-sky.a(watchdog.o)
 .text.hexprint
                0x000000000000707c       0x48 contiki-sky.a(watchdog.o)
 .text.printstring
                0x00000000000070c4       0x16 contiki-sky.a(watchdog.o)
 .text.watchdog_start
                0x00000000000070da       0x14 contiki-sky.a(watchdog.o)
                0x00000000000070da                watchdog_start
 .text.watchdog_periodic
                0x00000000000070ee       0x12 contiki-sky.a(watchdog.o)
                0x00000000000070ee                watchdog_periodic
 .text.watchdog_stop
                0x0000000000007100       0x16 contiki-sky.a(watchdog.o)
                0x0000000000007100                watchdog_stop
 .text.watchdog_init
                0x0000000000007116       0x12 contiki-sky.a(watchdog.o)
                0x0000000000007116                watchdog_init
 .text.watchdog_reboot
                0x0000000000007128       0x18 contiki-sky.a(watchdog.o)
                0x0000000000007128                watchdog_reboot
 .text.watchdog_interrupt
                0x0000000000007140       0x8e contiki-sky.a(watchdog.o)
                0x0000000000007140                __isr_10
                0x0000000000007140                watchdog_interrupt
 .text.autostart_start
                0x00000000000071ce       0x16 contiki-sky.a(autostart.o)
                0x00000000000071ce                autostart_start
 .text.process_thread_ctimer_process
                0x00000000000071e4       0xa8 contiki-sky.a(ctimer.o)
 .text.ctimer_init
                0x000000000000728c       0x18 contiki-sky.a(ctimer.o)
                0x000000000000728c                ctimer_init
 .text.ctimer_set_with_process
                0x00000000000072a4       0x4e contiki-sky.a(ctimer.o)
                0x00000000000072a4                ctimer_set_with_process
 .text.ctimer_set_absolute
                0x00000000000072f2       0x3a contiki-sky.a(ctimer.o)
                0x00000000000072f2                ctimer_set_absolute
 .text.energest_type_set
                0x000000000000732c        0x2 contiki-sky.a(energest.o)
                0x000000000000732c                energest_type_set
 .text.energest_init
                0x000000000000732e        0x2 contiki-sky.a(energest.o)
                0x000000000000732e                energest_init
 .text.energest_type_time
                0x0000000000007330        0x6 contiki-sky.a(energest.o)
                0x0000000000007330                energest_type_time
 .text.energest_flush
                0x0000000000007336        0x2 contiki-sky.a(energest.o)
                0x0000000000007336                energest_flush
 .text.update_time
                0x0000000000007338       0x78 contiki-sky.a(etimer.o)
 .text.etimer_request_poll
                0x00000000000073b0        0xa contiki-sky.a(etimer.o)
                0x00000000000073b0                etimer_request_poll
 .text.process_thread_etimer_process
                0x00000000000073ba       0xcc contiki-sky.a(etimer.o)
 .text.add_timer
                0x0000000000007486       0x40 contiki-sky.a(etimer.o)
 .text.etimer_set
                0x00000000000074c6       0x12 contiki-sky.a(etimer.o)
                0x00000000000074c6                etimer_set
 .text.etimer_adjust_absolute
                0x00000000000074d8        0xe contiki-sky.a(etimer.o)
                0x00000000000074d8                etimer_adjust_absolute
 .text.etimer_pending
                0x00000000000074e6        0xc contiki-sky.a(etimer.o)
                0x00000000000074e6                etimer_pending
 .text.etimer_next_expiration_time
                0x00000000000074f2       0x16 contiki-sky.a(etimer.o)
                0x00000000000074f2                etimer_next_expiration_time
 .text.call_process
                0x0000000000007508       0x46 contiki-sky.a(process.o)
 .text.exit_process
                0x000000000000754e       0x96 contiki-sky.a(process.o)
 .text.do_poll  0x00000000000075e4       0x30 contiki-sky.a(process.o)
 .text.process_alloc_event
                0x0000000000007614        0xe contiki-sky.a(process.o)
                0x0000000000007614                process_alloc_event
 .text.process_init
                0x0000000000007622       0x1c contiki-sky.a(process.o)
                0x0000000000007622                process_init
 .text.process_run
                0x000000000000763e       0xa2 contiki-sky.a(process.o)
                0x000000000000763e                process_run
 .text.process_nevents
                0x00000000000076e0        0xe contiki-sky.a(process.o)
                0x00000000000076e0                process_nevents
 .text.process_post
                0x00000000000076ee       0x54 contiki-sky.a(process.o)
                0x00000000000076ee                process_post
 .text.process_post_synch
                0x0000000000007742       0x12 contiki-sky.a(process.o)
                0x0000000000007742                process_post_synch
 .text.process_start
                0x0000000000007754       0x36 contiki-sky.a(process.o)
                0x0000000000007754                process_start
 .text.process_poll
                0x000000000000778a       0x18 contiki-sky.a(process.o)
                0x000000000000778a                process_poll
 .text.rtimer_init
                0x00000000000077a2        0x6 contiki-sky.a(rtimer.o)
                0x00000000000077a2                rtimer_init
 .text.rtimer_set_override
                0x00000000000077a8       0x1c contiki-sky.a(rtimer.o)
                0x00000000000077a8                rtimer_set_override
 .text.rtimer_run_next
                0x00000000000077c4       0x26 contiki-sky.a(rtimer.o)
                0x00000000000077c4                rtimer_run_next
 .text.timer_set
                0x00000000000077ea       0x1c contiki-sky.a(timer.o)
                0x00000000000077ea                timer_set
 .text.timer_expired
                0x0000000000007806       0x2a contiki-sky.a(timer.o)
                0x0000000000007806                timer_expired
 .text.process_thread_serial_line_process
                0x0000000000007830       0x9e contiki-sky.a(serial-line.o)
 .text.serial_line_input_byte
                0x00000000000078ce       0x4a contiki-sky.a(serial-line.o)
                0x00000000000078ce                serial_line_input_byte
 .text.serial_line_init
                0x0000000000007918       0x1c contiki-sky.a(serial-line.o)
                0x0000000000007918                serial_line_init
 .text.list_init
                0x0000000000007934        0x6 contiki-sky.a(list.o)
                0x0000000000007934                list_init
 .text.list_head
                0x000000000000793a        0x4 contiki-sky.a(list.o)
                0x000000000000793a                list_head
 .text.list_tail
                0x000000000000793e       0x12 contiki-sky.a(list.o)
                0x000000000000793e                list_tail
 .text.list_remove
                0x0000000000007950       0x34 contiki-sky.a(list.o)
                0x0000000000007950                list_remove
 .text.list_add
                0x0000000000007984       0x2a contiki-sky.a(list.o)
                0x0000000000007984                list_add
 .text.random_init
                0x00000000000079ae        0x6 contiki-sky.a(random.o)
                0x00000000000079ae                random_init
 .text.ringbuf_init
                0x00000000000079b4       0x14 contiki-sky.a(ringbuf.o)
                0x00000000000079b4                ringbuf_init
 .text.ringbuf_put
                0x00000000000079c8       0x38 contiki-sky.a(ringbuf.o)
                0x00000000000079c8                ringbuf_put
 .text.ringbuf_get
                0x0000000000007a00       0x32 contiki-sky.a(ringbuf.o)
                0x0000000000007a00                ringbuf_get
 .text.rtimer_arch_now
                0x0000000000007a32       0x20 contiki-sky.a(chaos.o)
 .text.rtimer_arch_now_vht_dco
                0x0000000000007a52       0x20 contiki-sky.a(chaos.o)
 .text.rtimer_arch_now_vht
                0x0000000000007a72       0x68 contiki-sky.a(chaos.o)
 .text.rtimer_sync_dco
                0x0000000000007ada       0x24 contiki-sky.a(chaos.o)
 .text.CC2420_GET_STATUS_FAST
                0x0000000000007afe       0x22 contiki-sky.a(chaos.o)
 .text.cc2420_fast_on
                0x0000000000007b20       0x1e contiki-sky.a(chaos.o)
 .text.channel_check_interval
                0x0000000000007b3e        0x6 contiki-sky.a(chaos.o)
 .text.send_packet
                0x0000000000007b44        0x2 contiki-sky.a(chaos.o)
 .text.packet_input
                0x0000000000007b46        0x2 contiki-sky.a(chaos.o)
 .text.chaos_net_init
                0x0000000000007b48        0x2 contiki-sky.a(chaos.o)
 .text.chaos_net_input
                0x0000000000007b4a        0x2 contiki-sky.a(chaos.o)
 .text.turn_off
                0x0000000000007b4c        0xc contiki-sky.a(chaos.o)
 .text.turn_on  0x0000000000007b58        0xe contiki-sky.a(chaos.o)
 .text.cc2420_fast_off
                0x0000000000007b66       0x28 contiki-sky.a(chaos.o)
 .text.cc2420_fast_rx.isra.1.constprop.4
                0x0000000000007b8e      0x2d0 contiki-sky.a(chaos.o)
 .text.chaos_clear_rx_tx_packets
                0x0000000000007e5e       0x1e contiki-sky.a(chaos.o)
                0x0000000000007e5e                chaos_clear_rx_tx_packets
 .text.chaos_make_const_nonce
                0x0000000000007e7c       0x36 contiki-sky.a(chaos.o)
                0x0000000000007e7c                chaos_make_const_nonce
 .text.chaos_init
                0x0000000000007eb2       0xa6 contiki-sky.a(chaos.o)
 .text.chaos_round
                0x0000000000007f58      0x89a contiki-sky.a(chaos.o)
                0x0000000000007f58                chaos_round
 .text.chaos_associate
                0x00000000000087f2      0x214 contiki-sky.a(chaos.o)
                0x00000000000087f2                chaos_associate
 .text.set_round_rtimer
                0x0000000000008a06        0xa contiki-sky.a(chaos.o)
                0x0000000000008a06                set_round_rtimer
 .text.get_round_rtimer
                0x0000000000008a10        0xa contiki-sky.a(chaos.o)
                0x0000000000008a10                get_round_rtimer
 .text.get_round_synced
                0x0000000000008a1a        0x6 contiki-sky.a(chaos.o)
                0x0000000000008a1a                get_round_synced
 .text.get_next_round_begin
                0x0000000000008a20        0x6 contiki-sky.a(chaos.o)
                0x0000000000008a20                get_next_round_begin
 .text.get_next_round_id
                0x0000000000008a26        0x6 contiki-sky.a(chaos.o)
                0x0000000000008a26                get_next_round_id
 .text.init_node_index
                0x0000000000008a2c        0x6 contiki-sky.a(node.o)
                0x0000000000008a2c                init_node_index
 .text.set_stable_initiator
                0x0000000000008a32        0x8 contiki-sky.a(node.o)
                0x0000000000008a32                set_stable_initiator
 .text.is_pending
                0x0000000000008a3a       0x12 contiki-sky.a(join.o)
 .text.round_begin_sniffer
                0x0000000000008a4c       0x42 contiki-sky.a(join.o)
 .text.round_end_sniffer
                0x0000000000008a8e       0x2c contiki-sky.a(join.o)
 .text.merge_sort
                0x0000000000008aba       0xc4 contiki-sky.a(join.o)
 .text.round_begin
                0x0000000000008b7e      0x108 contiki-sky.a(join.o)
 .text.process  0x0000000000008c86      0x70a contiki-sky.a(join.o)
 .text.join_print_nodes
                0x0000000000009390       0x42 contiki-sky.a(join.o)
                0x0000000000009390                join_print_nodes
 .text.join_init
                0x00000000000093d2       0x7e contiki-sky.a(join.o)
                0x00000000000093d2                join_init
 .text.join_last_round_is_complete
                0x0000000000009450        0x6 contiki-sky.a(join.o)
                0x0000000000009450                join_last_round_is_complete
 .text.join_get_off_slot
                0x0000000000009456        0x6 contiki-sky.a(join.o)
                0x0000000000009456                join_get_off_slot
 .text.join_get_commit_slot
                0x000000000000945c        0x6 contiki-sky.a(join.o)
                0x000000000000945c                join_get_commit_slot
 .text.three_pc_get_votes_length
                0x0000000000009462       0x24 contiki-sky.a(3pc.o)
 .text.three_pc_get_flags_length
                0x0000000000009486       0x24 contiki-sky.a(3pc.o)
                0x0000000000009486                three_pc_get_flags_length
 .text.process  0x00000000000094aa      0x81a contiki-sky.a(3pc.o)
 .text.three_pc_is_pending
                0x0000000000009cc4        0x4 contiki-sky.a(3pc.o)
                0x0000000000009cc4                three_pc_is_pending
 .text.three_pc_agreed
                0x0000000000009cc8        0x6 contiki-sky.a(3pc.o)
                0x0000000000009cc8                three_pc_agreed
 .text.three_pc_get_off_slot
                0x0000000000009cce        0x6 contiki-sky.a(3pc.o)
                0x0000000000009cce                three_pc_get_off_slot
 .text.three_pc_round_begin
                0x0000000000009cd4      0x130 contiki-sky.a(3pc.o)
                0x0000000000009cd4                three_pc_round_begin
 .text.send_packet
                0x0000000000009e04        0x2 contiki-sky.a(nordc.o)
 .text.send_list
                0x0000000000009e06        0x2 contiki-sky.a(nordc.o)
 .text.packet_input
                0x0000000000009e08        0x2 contiki-sky.a(nordc.o)
 .text.on       0x0000000000009e0a        0x4 contiki-sky.a(nordc.o)
 .text.off      0x0000000000009e0e        0x4 contiki-sky.a(nordc.o)
 .text.channel_check_interval
                0x0000000000009e12        0x4 contiki-sky.a(nordc.o)
 .text.init     0x0000000000009e16        0x2 contiki-sky.a(nordc.o)
 .text.linkaddr_copy
                0x0000000000009e18        0xc contiki-sky.a(linkaddr.o)
                0x0000000000009e18                linkaddr_copy
 .text.linkaddr_set_node_addr
                0x0000000000009e24        0xc contiki-sky.a(linkaddr.o)
                0x0000000000009e24                linkaddr_set_node_addr
 .text.packetbuf_set_datalen
                0x0000000000009e30        0x6 contiki-sky.a(packetbuf.o)
                0x0000000000009e30                packetbuf_set_datalen
 .text.packetbuf_dataptr
                0x0000000000009e36        0xe contiki-sky.a(packetbuf.o)
                0x0000000000009e36                packetbuf_dataptr
 .text.packetbuf_attr_clear
                0x0000000000009e44       0x28 contiki-sky.a(packetbuf.o)
                0x0000000000009e44                packetbuf_attr_clear
 .text.packetbuf_clear
                0x0000000000009e6c       0x1a contiki-sky.a(packetbuf.o)
                0x0000000000009e6c                packetbuf_clear
 .text.init     0x0000000000009e86        0x2 contiki-sky.a(nullsec.o)
 .text.send     0x0000000000009e88        0xa contiki-sky.a(nullsec.o)
 .text.input    0x0000000000009e92        0x6 contiki-sky.a(nullsec.o)
 .text.spi_init
                0x0000000000009e98       0x30 contiki-sky.a(spi.o)
                0x0000000000009e98                spi_init
 .text.timera0  0x0000000000009ec8       0x2e contiki-sky.a(rtimer-arch.o)
                0x0000000000009ec8                __isr_6
                0x0000000000009ec8                timera0
 .text.rtimer_arch_init
                0x0000000000009ef6        0xe contiki-sky.a(rtimer-arch.o)
                0x0000000000009ef6                rtimer_arch_init
 .text.rtimer_arch_schedule
                0x0000000000009f04        0x6 contiki-sky.a(rtimer-arch.o)
                0x0000000000009f04                rtimer_arch_schedule
 .text.rtimer_arch_now
                0x0000000000009f0a       0x20 contiki-sky.a(chaos-control.o)
 .text.chaos_round_proc
                0x0000000000009f2a       0x60 contiki-sky.a(chaos-control.o)
 .text.chaos_pre_processing
                0x0000000000009f8a       0x58 contiki-sky.a(chaos-control.o)
 .text.chaos_control_get_round_rtimer
                0x0000000000009fe2        0xa contiki-sky.a(chaos-control.o)
                0x0000000000009fe2                chaos_control_get_round_rtimer
 .text.chaos_schedule_check_timer_miss
                0x0000000000009fec       0x2c contiki-sky.a(chaos-control.o)
                0x0000000000009fec                chaos_schedule_check_timer_miss
 .text.process_thread_chaos_process
                0x000000000000a018      0x4d4 contiki-sky.a(chaos-control.o)
 .text.chaos_multichannel_init
                0x000000000000a4ec        0xa contiki-sky.a(chaos-multichan)
                0x000000000000a4ec                chaos_multichannel_init
 .text.chaos_multichannel_update_black_list
                0x000000000000a4f6        0x2 contiki-sky.a(chaos-multichan)
                0x000000000000a4f6                chaos_multichannel_update_black_list
 .text.chaos_multichannel_round_init
                0x000000000000a4f8        0x2 contiki-sky.a(chaos-multichan)
                0x000000000000a4f8                chaos_multichannel_round_init
 .text.chaos_multichannel_lookup_channel
                0x000000000000a4fa       0x32 contiki-sky.a(chaos-multichan)
                0x000000000000a4fa                chaos_multichannel_lookup_channel
 .text.chaos_multichannel_update_current_channel
                0x000000000000a52c        0xa contiki-sky.a(chaos-multichan)
                0x000000000000a52c                chaos_multichannel_update_current_channel
 .text.chaos_multichannel_get_current_channel
                0x000000000000a536        0x6 contiki-sky.a(chaos-multichan)
                0x000000000000a536                chaos_multichannel_get_current_channel
 .text.chaos_random_generator_set_seed
                0x000000000000a53c       0x56 contiki-sky.a(chaos-random-ge)
                0x000000000000a53c                chaos_random_generator_set_seed
 .text.chaos_random_generator_produce
                0x000000000000a592      0x19a contiki-sky.a(chaos-random-ge)
                0x000000000000a592                chaos_random_generator_produce
 .text.chaos_random_generator_update_table
                0x000000000000a72c       0x20 contiki-sky.a(chaos-random-ge)
                0x000000000000a72c                chaos_random_generator_update_table
 .text.chaos_random_generator_init
                0x000000000000a74c       0x1a contiki-sky.a(chaos-random-ge)
                0x000000000000a74c                chaos_random_generator_init
 .text.chaos_random_generator_fast
                0x000000000000a766       0x1a contiki-sky.a(chaos-random-ge)
                0x000000000000a766                chaos_random_generator_fast
 .text.scheduler_init
                0x000000000000a780       0x48 contiki-sky.a(chaos-scheduler)
                0x000000000000a780                scheduler_init
 .text.scheduler_round_begin
                0x000000000000a7c8       0x72 contiki-sky.a(chaos-scheduler)
                0x000000000000a7c8                scheduler_round_begin
 .text.scheduler_round_end
                0x000000000000a83a       0x52 contiki-sky.a(chaos-scheduler)
                0x000000000000a83a                scheduler_round_end
 .text.scheduler_get_current_app
                0x000000000000a88c        0x6 contiki-sky.a(chaos-scheduler)
                0x000000000000a88c                scheduler_get_current_app
 .text.scheduler_get_next_round_app_id
                0x000000000000a892        0x6 contiki-sky.a(chaos-scheduler)
                0x000000000000a892                scheduler_get_next_round_app_id
 .text.scheduler_get_next_round_begin
                0x000000000000a898        0x6 contiki-sky.a(chaos-scheduler)
                0x000000000000a898                scheduler_get_next_round_begin
 .text.libgcc   0x000000000000a89e       0x2c /usr/local/Cellar/msp430-gcc/4.7.0/lib/gcc/msp430/4.7.0/mmpy-16/libgcc.a(_mulsi3.o)
                0x000000000000a89e                __mulsi3
 .text.libgcc   0x000000000000a8ca       0x40 /usr/local/Cellar/msp430-gcc/4.7.0/lib/gcc/msp430/4.7.0/mmpy-16/libgcc.a(_udivmod32.o)
                0x000000000000a8ca                __udivsi3
                0x000000000000a8ca                __ext_udivmod32
                0x000000000000a900                __umodsi3
 .text.printf   0x000000000000a90a       0x10 /usr/local/Cellar/msp430-gcc/4.7.0/lib/gcc/msp430/4.7.0/../../../../msp430/lib/mmpy-16/libc.a(printf.o)
                0x000000000000a90a                printf
 .text.print_field
                0x000000000000a91a      0x194 /usr/local/Cellar/msp430-gcc/4.7.0/lib/gcc/msp430/4.7.0/../../../../msp430/lib/mmpy-16/libc.a(vuprintf.o)
 .text.vuprintf
                0x000000000000aaae      0x63c /usr/local/Cellar/msp430-gcc/4.7.0/lib/gcc/msp430/4.7.0/../../../../msp430/lib/mmpy-16/libc.a(vuprintf.o)
                0x000000000000aaae                vuprintf
 .text.puts     0x000000000000b0ea       0x2c /usr/local/Cellar/msp430-gcc/4.7.0/lib/gcc/msp430/4.7.0/../../../../msp430/lib/mmpy-16/libc.a(puts.o)
                0x000000000000b0ea                puts
 .text.srand    0x000000000000b116        0xa /usr/local/Cellar/msp430-gcc/4.7.0/lib/gcc/msp430/4.7.0/../../../../msp430/lib/mmpy-16/libc.a(rand.o)
                0x000000000000b116                srand
 .text.strcmp   0x000000000000b120       0x1e /usr/local/Cellar/msp430-gcc/4.7.0/lib/gcc/msp430/4.7.0/../../../../msp430/lib/mmpy-16/libc.a(strcmp.o)
                0x000000000000b120                strcmp
 .text.memcmp   0x000000000000b13e       0x30 /usr/local/Cellar/msp430-gcc/4.7.0/lib/gcc/msp430/4.7.0/../../../../msp430/lib/mmpy-16/libc.a(memcmp.o)
                0x000000000000b13e                memcmp
 .text.memcpy   0x000000000000b16e       0xfa /usr/local/Cellar/msp430-gcc/4.7.0/lib/gcc/msp430/4.7.0/../../../../msp430/lib/mmpy-16/libc.a(memcpy.o)
                0x000000000000b16e                memcpy
 .text.memset   0x000000000000b268       0x6a /usr/local/Cellar/msp430-gcc/4.7.0/lib/gcc/msp430/4.7.0/../../../../msp430/lib/mmpy-16/libc.a(memset.o)
                0x000000000000b268                memset
 .text.libgcc   0x000000000000b2d2       0x22 /usr/local/Cellar/msp430-gcc/4.7.0/lib/gcc/msp430/4.7.0/mmpy-16/libgcc.a(_udivmod16.o)
                0x000000000000b2d2                __udivhi3
                0x000000000000b2d2                __ext_udivmod16
                0x000000000000b2ec                __umodhi3
 .text.libgcc   0x000000000000b2f4       0xf0 /usr/local/Cellar/msp430-gcc/4.7.0/lib/gcc/msp430/4.7.0/mmpy-16/libgcc.a(_udivmod64.o)
                0x000000000000b2f4                __xabi_udivmod64
                0x000000000000b352                __udivdi3
                0x000000000000b378                __umoddi3
                0x000000000000b3a6                __udivmoddi4
 .text.crt0     0x000000000000b3e4        0x2 /usr/local/Cellar/msp430-gcc/4.7.0/lib/gcc/msp430/4.7.0/mmpy-16/libcrt0.a(_unexpected_.o)
                0x000000000000b3e4                _unexpected_
 *(.near.text .near.text.*)

.rodata         0x000000000000b3e8      0x644
                0x000000000000b3e8                . = ALIGN (0x2)
 *(.rodata .rodata.* .gnu.linkonce.r.*)
 .rodata        0x000000000000b3e8      0x1a6 3pc-app.co
                0x000000000000b550                autostart_processes
                0x000000000000b56a                chaos_app_count
                0x000000000000b56c                chaos_apps
                0x000000000000b57e                chaos_3pc_app
 .rodata        0x000000000000b58e       0xfa obj_sky/contiki-sky-main.o
 .rodata        0x000000000000b688       0x10 contiki-sky.a(button-sensor.o)
                0x000000000000b690                button_sensor
 .rodata        0x000000000000b698        0x8 contiki-sky.a(sensors.o)
 .rodata.get_value
                0x000000000000b6a0       0x1c contiki-sky.a(cc2420.o)
 .rodata        0x000000000000b6bc       0x3e contiki-sky.a(cc2420.o)
                0x000000000000b6bc                cc2420_aes_128_driver
                0x000000000000b6c0                cc2420_driver
 .rodata        0x000000000000b6fa       0x2f contiki-sky.a(watchdog.o)
 .rodata        0x000000000000b729        0xf contiki-sky.a(ctimer.o)
 .rodata        0x000000000000b738        0xc contiki-sky.a(etimer.o)
 .rodata        0x000000000000b744        0xe contiki-sky.a(serial-line.o)
 .rodata        0x000000000000b752       0xa4 contiki-sky.a(chaos.o)
                0x000000000000b7d8                chaosnet_driver
                0x000000000000b7e8                chaosmac_driver
 .rodata        0x000000000000b7f6       0x22 contiki-sky.a(join.o)
                0x000000000000b808                join
 .rodata        0x000000000000b818       0x16 contiki-sky.a(nordc.o)
                0x000000000000b81e                nordc_driver
 .rodata        0x000000000000b82e        0x2 contiki-sky.a(linkaddr.o)
                0x000000000000b82e                linkaddr_null
 .rodata        0x000000000000b830       0x10 contiki-sky.a(nullsec.o)
                0x000000000000b838                nullsec_driver
 .rodata        0x000000000000b840      0x19f contiki-sky.a(chaos-control.o)
 .rodata        0x000000000000b9df       0x46 contiki-sky.a(chaos-scheduler)
 .rodata.vuprintf
                0x000000000000ba25        0x7 /usr/local/Cellar/msp430-gcc/4.7.0/lib/gcc/msp430/4.7.0/../../../../msp430/lib/mmpy-16/libc.a(vuprintf.o)
 *(.near.rodata .near.rodata.*)
                0x000000000000ba2c                . = ALIGN (0x2)
                0x000000000000ba2c                _etext = .

.data           0x0000000000001100       0xae load address 0x000000000000ba2c
                0x0000000000001100                . = ALIGN (0x2)
                0x0000000000001100                __data_start = .
 *(.data .data.* .gnu.linkonce.d.*)
 .data          0x0000000000001100        0xa 3pc-app.co
                0x0000000000001100                chaos_3pc_app_process
 .data          0x000000000000110a        0x4 contiki-sky.a(contiki-sky-pla)
                0x000000000000110a                sensors
 .data          0x000000000000110e        0xa contiki-sky.a(sensors.o)
                0x000000000000110e                sensors_process
 .data          0x0000000000001118        0xc contiki-sky.a(cc2420.o)
                0x000000000000111a                cc2420_process
 .data          0x0000000000001124        0x2 contiki-sky.a(msp430.o)
 .data          0x0000000000001126        0xa contiki-sky.a(ctimer.o)
                0x0000000000001126                ctimer_process
 .data          0x0000000000001130        0xa contiki-sky.a(etimer.o)
                0x0000000000001130                etimer_process
 .data          0x000000000000113a        0xa contiki-sky.a(serial-line.o)
                0x000000000000113a                serial_line_process
 .data          0x0000000000001144        0xa contiki-sky.a(chaos.o)
 .data          0x000000000000114e        0x2 contiki-sky.a(3pc.o)
 .data          0x0000000000001150        0xa contiki-sky.a(chaos-control.o)
                0x0000000000001150                chaos_process
 .data          0x000000000000115a       0x40 contiki-sky.a(chaos-multichan)
                0x000000000000115a                chaos_channel_hopping_sequence
 .data          0x000000000000119a       0x10 contiki-sky.a(chaos-random-ge)
 .data.next     0x00000000000011aa        0x4 /usr/local/Cellar/msp430-gcc/4.7.0/lib/gcc/msp430/4.7.0/../../../../msp430/lib/mmpy-16/libc.a(rand.o)
 *(.near.data .near.data.*)
                0x00000000000011ae                . = ALIGN (0x2)
                0x00000000000011ae                _edata = .
                0x000000000000ba2c                __data_load_start = LOADADDR (.data)
                0x00000000000000ae                __data_size = SIZEOF (.data)

.bss            0x00000000000011ae     0x1536 load address 0x000000000000bada
                0x00000000000011ae                __bss_start = .
 *(.bss .bss.*)
 .bss           0x00000000000011ae       0x14 3pc-app.co
 .bss           0x00000000000011c2        0x4 obj_sky/contiki-sky-main.o
 .bss           0x00000000000011c6        0x8 contiki-sky.a(button-sensor.o)
 .bss           0x00000000000011ce        0x2 contiki-sky.a(node-id.o)
                0x00000000000011ce                node_id
 .bss           0x00000000000011d0        0x6 contiki-sky.a(sensors.o)
 .bss           0x00000000000011d6        0x8 contiki-sky.a(cc2420.o)
 .bss           0x00000000000011de        0x4 contiki-sky.a(uart1.o)
 .bss           0x00000000000011e2        0xa contiki-sky.a(clock.o)
 .bss           0x00000000000011ec        0x1 contiki-sky.a(leds.o)
 *fill*         0x00000000000011ed        0x1 00
 .bss           0x00000000000011ee        0x6 contiki-sky.a(watchdog.o)
 .bss           0x00000000000011f4        0x4 contiki-sky.a(ctimer.o)
 .bss           0x00000000000011f8        0x6 contiki-sky.a(etimer.o)
 .bss           0x00000000000011fe       0x42 contiki-sky.a(process.o)
                0x00000000000011fe                process_current
                0x0000000000001200                process_list
 .bss           0x0000000000001240        0x2 contiki-sky.a(rtimer.o)
 .bss           0x0000000000001242      0x10a contiki-sky.a(serial-line.o)
 .bss           0x000000000000134c      0x44a contiki-sky.a(chaos.o)
                0x000000000000134c                chaos_slot_stats
                0x000000000000136c                chaos_slot_timing_tx_sum
                0x0000000000001370                chaos_slot_timing_rx_sum
                0x0000000000001374                chaos_slot_timing_log_current
                0x000000000000138a                chaos_slot_timing_log_min
                0x00000000000013a0                chaos_slot_timing_log_max
                0x00000000000013b6                chaos_slot_log
 .bss           0x0000000000001796        0x6 contiki-sky.a(node.o)
                0x0000000000001796                stable_initiator
                0x0000000000001798                chaos_has_node_index
                0x0000000000001799                chaos_node_count
                0x000000000000179a                chaos_node_index
 .bss           0x000000000000179c      0x30e contiki-sky.a(join.o)
                0x000000000000179c                join_debug_var
                0x00000000000017a4                rx_pkt_copy
                0x0000000000001825                rx_pkt_crc_err
 .bss           0x0000000000001aaa      0x2e6 contiki-sky.a(3pc.o)
                0x0000000000001aaa                chaos_3pc_phase_log
                0x0000000000001c08                chaos_3pc_flags_log
 .bss           0x0000000000001d90       0xb8 contiki-sky.a(packetbuf.o)
 .bss           0x0000000000001e48       0x40 contiki-sky.a(chaos-control.o)
                0x0000000000001e48                dco_ref
                0x0000000000001e4a                rtimer_ref
 .bss           0x0000000000001e88        0x2 contiki-sky.a(chaos-multichan)
                0x0000000000001e88                chaos_current_channel
 .bss           0x0000000000001e8a      0x806 contiki-sky.a(chaos-random-ge)
 .bss           0x0000000000002690        0xa contiki-sky.a(chaos-scheduler)
 *(.near.bss .near.bss.*)
 *(COMMON)
 COMMON         0x000000000000269a        0x2 contiki-sky.a(contiki-sky-pla)
                0x000000000000269a                sensors_flags
 COMMON         0x000000000000269c        0x8 contiki-sky.a(ds2411.o)
                0x000000000000269c                ds2411_id
 COMMON         0x00000000000026a4        0x1 contiki-sky.a(sensors.o)
                0x00000000000026a4                sensors_event
 *fill*         0x00000000000026a5        0x1 00
 COMMON         0x00000000000026a6       0x10 contiki-sky.a(cc2420.o)
                0x00000000000026a6                cc2420_last_rssi
                0x00000000000026a8                cc2420_sfd_start_time
                0x00000000000026aa                cc2420_time_of_departure
                0x00000000000026ac                cc2420_time_of_arrival
                0x00000000000026ae                cc2420_last_correlation
                0x00000000000026af                radio_last_correlation
                0x00000000000026b0                cc2420_authority_level_of_sender
                0x00000000000026b2                radio_last_rssi
                0x00000000000026b3                cc2420_sfd_counter
                0x00000000000026b4                cc2420_sfd_end_time
 COMMON         0x00000000000026b6        0x2 contiki-sky.a(msp430.o)
                0x00000000000026b6                msp430_dco_required
 COMMON         0x00000000000026b8        0x1 contiki-sky.a(process.o)
                0x00000000000026b8                process_maxevents
 COMMON         0x00000000000026b9        0x1 contiki-sky.a(serial-line.o)
                0x00000000000026b9                serial_line_event_message
 COMMON         0x00000000000026ba        0x2 contiki-sky.a(linkaddr.o)
                0x00000000000026ba                linkaddr_node_addr
 COMMON         0x00000000000026bc       0x28 contiki-sky.a(packetbuf.o)
                0x00000000000026bc                packetbuf_addrs
                0x00000000000026c0                packetbuf_attrs
                0x00000000000026e4                . = ALIGN (0x2)
                0x00000000000026e4                __bss_end = .
                0x0000000000001536                __bss_size = SIZEOF (.bss)

.noinit         0x00000000000026e4        0x2 load address 0x000000000000bada
                0x00000000000026e4                . = ALIGN (0x2)
                0x00000000000026e4                __noinit_start = .
 *(.noinit .noinit.*)
 .noinit.crt0   0x00000000000026e4        0x2 /usr/local/Cellar/msp430-gcc/4.7.0/lib/gcc/msp430/4.7.0/mmpy-16/libcrt0.a(__watchdog_support.o)
                0x00000000000026e4                __wdt_clear_value
                0x00000000000026e6                . = ALIGN (0x2)
                0x00000000000026e6                __noinit_end = .
                0x00000000000026e6                . = ALIGN (0x2)
                0x00000000000026e6                _end = .

.infomem        0x0000000000001000        0x0
                0x0000000000001000                . = ALIGN (0x2)
 *(.infomem .infomem.*)

.infomemnobits  0x0000000000001000        0x0
                0x0000000000001000                . = ALIGN (0x2)
 *(.infomemnobits .infomemnobits.*)

.infoa          0x0000000000001080        0x0
                0x0000000000001080                . = ALIGN (0x2)
 *(.infoa .infoa.*)

.infob          0x0000000000001000        0x0
                0x0000000000001000                . = ALIGN (0x2)
 *(.infob .infob.*)

.infoc          0x0000000000000000        0x0
                0x0000000000000000                . = ALIGN (0x2)
 *(.infoc .infoc.*)

.infod          0x0000000000000000        0x0
                0x0000000000000000                . = ALIGN (0x2)
 *(.infod .infod.*)
                0x000000000000ffff                PROVIDE (__vte_0, 0xffff)
                0x000000000000ffff                PROVIDE (__vte_1, 0xffff)
                0x000000000000ffff                PROVIDE (__vte_2, 0xffff)
                0x000000000000ffff                PROVIDE (__vte_3, 0xffff)
                0x000000000000ffff                PROVIDE (__vte_4, 0xffff)
                0x000000000000ffff                PROVIDE (__vte_5, 0xffff)
                0x000000000000ffff                PROVIDE (__vte_6, 0xffff)
                0x000000000000ffff                PROVIDE (__vte_7, 0xffff)
                0x000000000000ffff                PROVIDE (__vte_8, 0xffff)
                0x000000000000ffff                PROVIDE (__vte_9, 0xffff)
                0x000000000000ffff                PROVIDE (__vte_10, 0xffff)
                0x000000000000ffff                PROVIDE (__vte_11, 0xffff)
                0x000000000000ffff                PROVIDE (__vte_12, 0xffff)
                0x000000000000ffff                PROVIDE (__vte_13, 0xffff)
                0x000000000000ffff                PROVIDE (__vte_14, 0xffff)
                0x000000000000ffff                PROVIDE (__vte_15, 0xffff)
                0x000000000000ffff                PROVIDE (__vte_16, 0xffff)
                0x000000000000ffff                PROVIDE (__vte_17, 0xffff)
                0x000000000000ffff                PROVIDE (__vte_18, 0xffff)
                0x000000000000ffff                PROVIDE (__vte_19, 0xffff)
                0x000000000000ffff                PROVIDE (__vte_20, 0xffff)
                0x000000000000ffff                PROVIDE (__vte_21, 0xffff)
                0x000000000000ffff                PROVIDE (__vte_22, 0xffff)
                0x000000000000ffff                PROVIDE (__vte_23, 0xffff)
                0x000000000000ffff                PROVIDE (__vte_24, 0xffff)
                0x000000000000ffff                PROVIDE (__vte_25, 0xffff)
                0x000000000000ffff                PROVIDE (__vte_26, 0xffff)
                0x000000000000ffff                PROVIDE (__vte_27, 0xffff)
                0x000000000000ffff                PROVIDE (__vte_28, 0xffff)
                0x000000000000ffff                PROVIDE (__vte_29, 0xffff)
                0x000000000000ffff                PROVIDE (__vte_30, 0xffff)
                0x000000000000ffff                PROVIDE (__vte_31, 0xffff)

.vectors        0x000000000000ffe0       0x20
                0x000000000000ffe0                __vectors_start = .
 *(.vectors*)
 .vectors       0x000000000000ffe0       0x20 /usr/local/Cellar/msp430-gcc/4.7.0/lib/gcc/msp430/4.7.0/mmpy-16/crt0ivtbl16.o
                0x000000000000ffe0                __ivtbl_16
                0x0000000000010000                _vectors_end = .

.fartext        0x0000000000000000        0x0
                0x0000000000000000                . = ALIGN (0x2)
 *(.fartext .fartext.*)

.far.text       0x0000000000000000        0x0
                0x0000000000000000                . = ALIGN (0x2)
 *(.far.text .far.text.*)

.far.rodata     0x0000000000000000        0x0
                0x0000000000000000                . = ALIGN (0x2)
 *(.far.rodata .far.rodata.*)
                0x0000000000000000                . = ALIGN (0x2)
                0x0000000000000000                _efartext = .

.far.data       0x0000000000000000        0x0
                0x0000000000000000                . = ALIGN (0x2)
                0x0000000000000000                __far_data_start = .
 *(.far.data .far.data.*)
                0x0000000000000000                . = ALIGN (0x2)
                0x0000000000000000                _efardata = .
                0x0000000000000000                __far_data_load_start = LOADADDR (.far.data)
                0x0000000000000000                __far_data_size = SIZEOF (.far.data)

.far.bss        0x0000000000000000        0x0
                0x0000000000000000                . = ALIGN (0x2)
                0x0000000000000000                __far_bss_start = .
 *(.far.bss .far.bss.*)
                0x0000000000000000                . = ALIGN (0x2)
                0x0000000000000000                __far_bss_end = .
                0x0000000000000000                __far_bss_size = SIZEOF (.far.bss)
                0x0000000000000000                . = ALIGN (0x2)
                0x0000000000000000                _far_end = .

.profiler
 *(.profiler)

.stab           0x0000000000000000    0x185f4
 *(.stab)
 .stab          0x0000000000000000     0x10c8 3pc-app.co
 .stab          0x00000000000010c8     0x132c obj_sky/contiki-sky-main.o
                                       0x17f4 (size before relaxing)
 .stab          0x00000000000023f4      0x264 contiki-sky.a(contiki-sky-pla)
                                        0x5e8 (size before relaxing)
 .stab          0x0000000000002658      0x450 contiki-sky.a(button-sensor.o)
                                        0x7ec (size before relaxing)
 .stab          0x0000000000002aa8      0x630 contiki-sky.a(ds2411.o)
                                        0xb70 (size before relaxing)
 .stab          0x00000000000030d8      0x9b4 contiki-sky.a(xmem.o)
                                        0xf0c (size before relaxing)
 .stab          0x0000000000003a8c      0x2b8 contiki-sky.a(node-id.o)
                                        0x4e0 (size before relaxing)
 .stab          0x0000000000003d44      0x6a8 contiki-sky.a(sensors.o)
                                        0xbf4 (size before relaxing)
 .stab          0x00000000000043ec     0x2d00 contiki-sky.a(cc2420.o)
                                       0x37ec (size before relaxing)
 .stab          0x00000000000070ec      0xb58 contiki-sky.a(cc2420-arch.o)
                                       0x1548 (size before relaxing)
 .stab          0x0000000000007c44      0x564 contiki-sky.a(uart1.o)
                                        0x8e8 (size before relaxing)
 .stab          0x00000000000081a8      0x24c contiki-sky.a(uart1-putchar.o)
                                        0x5e8 (size before relaxing)
 .stab          0x00000000000083f4      0xa2c contiki-sky.a(msp430.o)
                                        0xdb0 (size before relaxing)
 .stab          0x0000000000008e20      0x918 contiki-sky.a(clock.o)
                                        0xc9c (size before relaxing)
 .stab          0x0000000000009738      0x4d4 contiki-sky.a(leds.o)
                                        0x858 (size before relaxing)
 .stab          0x0000000000009c0c      0x384 contiki-sky.a(leds-arch.o)
                                        0x708 (size before relaxing)
 .stab          0x0000000000009f90      0x660 contiki-sky.a(watchdog.o)
                                        0x9e4 (size before relaxing)
 .stab          0x000000000000a5f0      0x294 contiki-sky.a(autostart.o)
                                        0x534 (size before relaxing)
 .stab          0x000000000000a884      0x8dc contiki-sky.a(ctimer.o)
                                        0xc78 (size before relaxing)
 .stab          0x000000000000b160      0x2e8 contiki-sky.a(energest.o)
                                        0x66c (size before relaxing)
 .stab          0x000000000000b448      0xaec contiki-sky.a(etimer.o)
                                        0xdbc (size before relaxing)
 .stab          0x000000000000bf34      0xb70 contiki-sky.a(process.o)
                                       0x1008 (size before relaxing)
 .stab          0x000000000000caa4      0x42c contiki-sky.a(rtimer.o)
                                        0x7b0 (size before relaxing)
 .stab          0x000000000000ced0      0x348 contiki-sky.a(timer.o)
                                        0x588 (size before relaxing)
 .stab          0x000000000000d218      0x528 contiki-sky.a(serial-line.o)
                                        0xa74 (size before relaxing)
 .stab          0x000000000000d740      0x7bc contiki-sky.a(list.o)
                                        0x7c8 (size before relaxing)
 .stab          0x000000000000defc      0x240 contiki-sky.a(random.o)
                                        0x618 (size before relaxing)
 .stab          0x000000000000e13c      0x3f0 contiki-sky.a(ringbuf.o)
                                        0x630 (size before relaxing)
 .stab          0x000000000000e52c     0x2f40 contiki-sky.a(chaos.o)
                                       0x37c8 (size before relaxing)
 .stab          0x000000000001146c      0x864 contiki-sky.a(node.o)
                                        0xe28 (size before relaxing)
 .stab          0x0000000000011cd0     0x180c contiki-sky.a(join.o)
                                       0x2208 (size before relaxing)
 .stab          0x00000000000134dc      0xf78 contiki-sky.a(3pc.o)
                                       0x192c (size before relaxing)
 .stab          0x0000000000014454      0x3b4 contiki-sky.a(nordc.o)
                                        0x6a8 (size before relaxing)
 .stab          0x0000000000014808      0x2ac contiki-sky.a(linkaddr.o)
                                        0x6a8 (size before relaxing)
 .stab          0x0000000000014ab4      0xd38 contiki-sky.a(packetbuf.o)
                                       0x1b9c (size before relaxing)
 .stab          0x00000000000157ec      0x630 contiki-sky.a(nullsec.o)
                                        0xcfc (size before relaxing)
 .stab          0x0000000000015e1c      0x1f8 contiki-sky.a(spi.o)
                                        0x420 (size before relaxing)
 .stab          0x0000000000016014      0x300 contiki-sky.a(rtimer-arch.o)
                                        0x684 (size before relaxing)
 .stab          0x0000000000016314     0x1068 contiki-sky.a(chaos-control.o)
                                       0x1b48 (size before relaxing)
 .stab          0x000000000001737c      0x6b4 contiki-sky.a(chaos-multichan)
                                       0x1050 (size before relaxing)
 .stab          0x0000000000017a30      0x4bc contiki-sky.a(chaos-random-ge)
                                        0xa20 (size before relaxing)
 .stab          0x0000000000017eec      0x708 contiki-sky.a(chaos-scheduler)
                                       0x10c8 (size before relaxing)

.stabstr        0x0000000000000000    0x14a82
 *(.stabstr)
 .stabstr       0x0000000000000000    0x14a82 3pc-app.co

.stab.excl
 *(.stab.excl)

.stab.exclstr
 *(.stab.exclstr)

.stab.index
 *(.stab.index)

.stab.indexstr
 *(.stab.indexstr)

.comment        0x0000000000000000       0x30
 *(.comment)
 .comment       0x0000000000000000       0x30 3pc-app.co
                                         0x31 (size before relaxing)
 .comment       0x0000000000000000       0x31 obj_sky/contiki-sky-main.o
 .comment       0x0000000000000000       0x31 contiki-sky.a(contiki-sky-pla)
 .comment       0x0000000000000000       0x31 contiki-sky.a(button-sensor.o)
 .comment       0x0000000000000000       0x31 contiki-sky.a(ds2411.o)
 .comment       0x0000000000000000       0x31 contiki-sky.a(xmem.o)
 .comment       0x0000000000000000       0x31 contiki-sky.a(node-id.o)
 .comment       0x0000000000000000       0x31 contiki-sky.a(sensors.o)
 .comment       0x0000000000000000       0x31 contiki-sky.a(cc2420.o)
 .comment       0x0000000000000000       0x31 contiki-sky.a(cc2420-arch.o)
 .comment       0x0000000000000000       0x31 contiki-sky.a(uart1.o)
 .comment       0x0000000000000000       0x31 contiki-sky.a(uart1-putchar.o)
 .comment       0x0000000000000000       0x31 contiki-sky.a(msp430.o)
 .comment       0x0000000000000000       0x31 contiki-sky.a(clock.o)
 .comment       0x0000000000000000       0x31 contiki-sky.a(leds.o)
 .comment       0x0000000000000000       0x31 contiki-sky.a(leds-arch.o)
 .comment       0x0000000000000000       0x31 contiki-sky.a(watchdog.o)
 .comment       0x0000000000000000       0x31 contiki-sky.a(autostart.o)
 .comment       0x0000000000000000       0x31 contiki-sky.a(ctimer.o)
 .comment       0x0000000000000000       0x31 contiki-sky.a(energest.o)
 .comment       0x0000000000000000       0x31 contiki-sky.a(etimer.o)
 .comment       0x0000000000000000       0x31 contiki-sky.a(process.o)
 .comment       0x0000000000000000       0x31 contiki-sky.a(rtimer.o)
 .comment       0x0000000000000000       0x31 contiki-sky.a(timer.o)
 .comment       0x0000000000000000       0x31 contiki-sky.a(serial-line.o)
 .comment       0x0000000000000000       0x31 contiki-sky.a(list.o)
 .comment       0x0000000000000000       0x31 contiki-sky.a(random.o)
 .comment       0x0000000000000000       0x31 contiki-sky.a(ringbuf.o)
 .comment       0x0000000000000000       0x31 contiki-sky.a(chaos.o)
 .comment       0x0000000000000000       0x31 contiki-sky.a(node.o)
 .comment       0x0000000000000000       0x31 contiki-sky.a(join.o)
 .comment       0x0000000000000000       0x31 contiki-sky.a(3pc.o)
 .comment       0x0000000000000000       0x31 contiki-sky.a(nordc.o)
 .comment       0x0000000000000000       0x31 contiki-sky.a(linkaddr.o)
 .comment       0x0000000000000000       0x31 contiki-sky.a(packetbuf.o)
 .comment       0x0000000000000000       0x31 contiki-sky.a(nullsec.o)
 .comment       0x0000000000000000       0x31 contiki-sky.a(spi.o)
 .comment       0x0000000000000000       0x31 contiki-sky.a(rtimer-arch.o)
 .comment       0x0000000000000000       0x31 contiki-sky.a(chaos-control.o)
 .comment       0x0000000000000000       0x31 contiki-sky.a(chaos-multichan)
 .comment       0x0000000000000000       0x31 contiki-sky.a(chaos-random-ge)
 .comment       0x0000000000000000       0x31 contiki-sky.a(chaos-scheduler)
 .comment       0x0000000000000000       0x31 /usr/local/Cellar/msp430-gcc/4.7.0/lib/gcc/msp430/4.7.0/../../../../msp430/lib/mmpy-16/libc.a(printf.o)
 .comment       0x0000000000000000       0x31 /usr/local/Cellar/msp430-gcc/4.7.0/lib/gcc/msp430/4.7.0/../../../../msp430/lib/mmpy-16/libc.a(vuprintf.o)
 .comment       0x0000000000000000       0x31 /usr/local/Cellar/msp430-gcc/4.7.0/lib/gcc/msp430/4.7.0/../../../../msp430/lib/mmpy-16/libc.a(puts.o)
 .comment       0x0000000000000000       0x31 /usr/local/Cellar/msp430-gcc/4.7.0/lib/gcc/msp430/4.7.0/../../../../msp430/lib/mmpy-16/libc.a(rand.o)
 .comment       0x0000000000000000       0x31 /usr/local/Cellar/msp430-gcc/4.7.0/lib/gcc/msp430/4.7.0/../../../../msp430/lib/mmpy-16/libc.a(strcmp.o)
 .comment       0x0000000000000000       0x31 /usr/local/Cellar/msp430-gcc/4.7.0/lib/gcc/msp430/4.7.0/../../../../msp430/lib/mmpy-16/libc.a(memcmp.o)
 .comment       0x0000000000000000       0x31 /usr/local/Cellar/msp430-gcc/4.7.0/lib/gcc/msp430/4.7.0/../../../../msp430/lib/mmpy-16/libc.a(memcpy.o)
 .comment       0x0000000000000000       0x31 /usr/local/Cellar/msp430-gcc/4.7.0/lib/gcc/msp430/4.7.0/../../../../msp430/lib/mmpy-16/libc.a(memset.o)

.debug
 *(.debug)

.line
 *(.line)

.debug_srcinfo
 *(.debug_srcinfo)

.debug_sfnames
 *(.debug_sfnames)

.debug_aranges  0x0000000000000000      0x18c
 *(.debug_aranges)
 .debug_aranges
                0x0000000000000000       0x14 /usr/local/Cellar/msp430-gcc/4.7.0/lib/gcc/msp430/4.7.0/mmpy-16/crt0ivtbl16.o
 .debug_aranges
                0x0000000000000014       0x14 /usr/local/Cellar/msp430-gcc/4.7.0/lib/gcc/msp430/4.7.0/mmpy-16/libgcc.a(_mulsi3.o)
 .debug_aranges
                0x0000000000000028       0x14 /usr/local/Cellar/msp430-gcc/4.7.0/lib/gcc/msp430/4.7.0/mmpy-16/libgcc.a(_udivmod32.o)
 .debug_aranges
                0x000000000000003c       0x18 /usr/local/Cellar/msp430-gcc/4.7.0/lib/gcc/msp430/4.7.0/../../../../msp430/lib/mmpy-16/libc.a(printf.o)
 .debug_aranges
                0x0000000000000054       0x18 /usr/local/Cellar/msp430-gcc/4.7.0/lib/gcc/msp430/4.7.0/../../../../msp430/lib/mmpy-16/libc.a(vuprintf.o)
 .debug_aranges
                0x000000000000006c       0x14 /usr/local/Cellar/msp430-gcc/4.7.0/lib/gcc/msp430/4.7.0/../../../../msp430/lib/mmpy-16/libc.a(puts.o)
 .debug_aranges
                0x0000000000000080       0x1c /usr/local/Cellar/msp430-gcc/4.7.0/lib/gcc/msp430/4.7.0/../../../../msp430/lib/mmpy-16/libc.a(rand.o)
 .debug_aranges
                0x000000000000009c       0x14 /usr/local/Cellar/msp430-gcc/4.7.0/lib/gcc/msp430/4.7.0/../../../../msp430/lib/mmpy-16/libc.a(strcmp.o)
 .debug_aranges
                0x00000000000000b0       0x14 /usr/local/Cellar/msp430-gcc/4.7.0/lib/gcc/msp430/4.7.0/../../../../msp430/lib/mmpy-16/libc.a(memcmp.o)
 .debug_aranges
                0x00000000000000c4       0x14 /usr/local/Cellar/msp430-gcc/4.7.0/lib/gcc/msp430/4.7.0/../../../../msp430/lib/mmpy-16/libc.a(memcpy.o)
 .debug_aranges
                0x00000000000000d8       0x14 /usr/local/Cellar/msp430-gcc/4.7.0/lib/gcc/msp430/4.7.0/../../../../msp430/lib/mmpy-16/libc.a(memset.o)
 .debug_aranges
                0x00000000000000ec       0x14 /usr/local/Cellar/msp430-gcc/4.7.0/lib/gcc/msp430/4.7.0/mmpy-16/libgcc.a(_udivmod16.o)
 .debug_aranges
                0x0000000000000100       0x14 /usr/local/Cellar/msp430-gcc/4.7.0/lib/gcc/msp430/4.7.0/mmpy-16/libgcc.a(_udivmod64.o)
 .debug_aranges
                0x0000000000000114       0x14 /usr/local/Cellar/msp430-gcc/4.7.0/lib/gcc/msp430/4.7.0/mmpy-16/libcrt0.a(__watchdog_support.o)
 .debug_aranges
                0x0000000000000128       0x14 /usr/local/Cellar/msp430-gcc/4.7.0/lib/gcc/msp430/4.7.0/mmpy-16/libcrt0.a(__init_stack.o)
 .debug_aranges
                0x000000000000013c       0x14 /usr/local/Cellar/msp430-gcc/4.7.0/lib/gcc/msp430/4.7.0/mmpy-16/libcrt0.a(_copy_data.o)
 .debug_aranges
                0x0000000000000150       0x14 /usr/local/Cellar/msp430-gcc/4.7.0/lib/gcc/msp430/4.7.0/mmpy-16/libcrt0.a(_clear_bss.o)
 .debug_aranges
                0x0000000000000164       0x14 /usr/local/Cellar/msp430-gcc/4.7.0/lib/gcc/msp430/4.7.0/mmpy-16/libcrt0.a(_endless_loop__.o)
 .debug_aranges
                0x0000000000000178       0x14 /usr/local/Cellar/msp430-gcc/4.7.0/lib/gcc/msp430/4.7.0/mmpy-16/libcrt0.a(_unexpected_.o)

.debug_pubnames
 *(.debug_pubnames)

.debug_info     0x0000000000000000     0x13f7
 *(.debug_info)
 .debug_info    0x0000000000000000       0xa3 /usr/local/Cellar/msp430-gcc/4.7.0/lib/gcc/msp430/4.7.0/mmpy-16/crt0ivtbl16.o
 .debug_info    0x00000000000000a3       0xa0 /usr/local/Cellar/msp430-gcc/4.7.0/lib/gcc/msp430/4.7.0/mmpy-16/libgcc.a(_mulsi3.o)
 .debug_info    0x0000000000000143       0xa0 /usr/local/Cellar/msp430-gcc/4.7.0/lib/gcc/msp430/4.7.0/mmpy-16/libgcc.a(_udivmod32.o)
 .debug_info    0x00000000000001e3      0x16e /usr/local/Cellar/msp430-gcc/4.7.0/lib/gcc/msp430/4.7.0/../../../../msp430/lib/mmpy-16/libc.a(printf.o)
 .debug_info    0x0000000000000351      0x5d4 /usr/local/Cellar/msp430-gcc/4.7.0/lib/gcc/msp430/4.7.0/../../../../msp430/lib/mmpy-16/libc.a(vuprintf.o)
 .debug_info    0x0000000000000925       0xc7 /usr/local/Cellar/msp430-gcc/4.7.0/lib/gcc/msp430/4.7.0/../../../../msp430/lib/mmpy-16/libc.a(puts.o)
 .debug_info    0x00000000000009ec      0x146 /usr/local/Cellar/msp430-gcc/4.7.0/lib/gcc/msp430/4.7.0/../../../../msp430/lib/mmpy-16/libc.a(rand.o)
 .debug_info    0x0000000000000b32       0xa9 /usr/local/Cellar/msp430-gcc/4.7.0/lib/gcc/msp430/4.7.0/../../../../msp430/lib/mmpy-16/libc.a(strcmp.o)
 .debug_info    0x0000000000000bdb       0xe5 /usr/local/Cellar/msp430-gcc/4.7.0/lib/gcc/msp430/4.7.0/../../../../msp430/lib/mmpy-16/libc.a(memcmp.o)
 .debug_info    0x0000000000000cc0      0x12c /usr/local/Cellar/msp430-gcc/4.7.0/lib/gcc/msp430/4.7.0/../../../../msp430/lib/mmpy-16/libc.a(memcpy.o)
 .debug_info    0x0000000000000dec      0x117 /usr/local/Cellar/msp430-gcc/4.7.0/lib/gcc/msp430/4.7.0/../../../../msp430/lib/mmpy-16/libc.a(memset.o)
 .debug_info    0x0000000000000f03       0xa0 /usr/local/Cellar/msp430-gcc/4.7.0/lib/gcc/msp430/4.7.0/mmpy-16/libgcc.a(_udivmod16.o)
 .debug_info    0x0000000000000fa3       0xa0 /usr/local/Cellar/msp430-gcc/4.7.0/lib/gcc/msp430/4.7.0/mmpy-16/libgcc.a(_udivmod64.o)
 .debug_info    0x0000000000001043       0x9e /usr/local/Cellar/msp430-gcc/4.7.0/lib/gcc/msp430/4.7.0/mmpy-16/libcrt0.a(__watchdog_support.o)
 .debug_info    0x00000000000010e1       0x9e /usr/local/Cellar/msp430-gcc/4.7.0/lib/gcc/msp430/4.7.0/mmpy-16/libcrt0.a(__init_stack.o)
 .debug_info    0x000000000000117f       0x9e /usr/local/Cellar/msp430-gcc/4.7.0/lib/gcc/msp430/4.7.0/mmpy-16/libcrt0.a(_copy_data.o)
 .debug_info    0x000000000000121d       0x9e /usr/local/Cellar/msp430-gcc/4.7.0/lib/gcc/msp430/4.7.0/mmpy-16/libcrt0.a(_clear_bss.o)
 .debug_info    0x00000000000012bb       0x9e /usr/local/Cellar/msp430-gcc/4.7.0/lib/gcc/msp430/4.7.0/mmpy-16/libcrt0.a(_endless_loop__.o)
 .debug_info    0x0000000000001359       0x9e /usr/local/Cellar/msp430-gcc/4.7.0/lib/gcc/msp430/4.7.0/mmpy-16/libcrt0.a(_unexpected_.o)
 *(.gnu.linkonce.wi.*)

.debug_abbrev   0x0000000000000000      0x801
 *(.debug_abbrev)
 .debug_abbrev  0x0000000000000000       0x14 /usr/local/Cellar/msp430-gcc/4.7.0/lib/gcc/msp430/4.7.0/mmpy-16/crt0ivtbl16.o
 .debug_abbrev  0x0000000000000014       0x14 /usr/local/Cellar/msp430-gcc/4.7.0/lib/gcc/msp430/4.7.0/mmpy-16/libgcc.a(_mulsi3.o)
 .debug_abbrev  0x0000000000000028       0x14 /usr/local/Cellar/msp430-gcc/4.7.0/lib/gcc/msp430/4.7.0/mmpy-16/libgcc.a(_udivmod32.o)
 .debug_abbrev  0x000000000000003c       0xfa /usr/local/Cellar/msp430-gcc/4.7.0/lib/gcc/msp430/4.7.0/../../../../msp430/lib/mmpy-16/libc.a(printf.o)
 .debug_abbrev  0x0000000000000136      0x23e /usr/local/Cellar/msp430-gcc/4.7.0/lib/gcc/msp430/4.7.0/../../../../msp430/lib/mmpy-16/libc.a(vuprintf.o)
 .debug_abbrev  0x0000000000000374       0xa3 /usr/local/Cellar/msp430-gcc/4.7.0/lib/gcc/msp430/4.7.0/../../../../msp430/lib/mmpy-16/libc.a(puts.o)
 .debug_abbrev  0x0000000000000417       0xfb /usr/local/Cellar/msp430-gcc/4.7.0/lib/gcc/msp430/4.7.0/../../../../msp430/lib/mmpy-16/libc.a(rand.o)
 .debug_abbrev  0x0000000000000512       0x65 /usr/local/Cellar/msp430-gcc/4.7.0/lib/gcc/msp430/4.7.0/../../../../msp430/lib/mmpy-16/libc.a(strcmp.o)
 .debug_abbrev  0x0000000000000577       0x9e /usr/local/Cellar/msp430-gcc/4.7.0/lib/gcc/msp430/4.7.0/../../../../msp430/lib/mmpy-16/libc.a(memcmp.o)
 .debug_abbrev  0x0000000000000615       0xab /usr/local/Cellar/msp430-gcc/4.7.0/lib/gcc/msp430/4.7.0/../../../../msp430/lib/mmpy-16/libc.a(memcpy.o)
 .debug_abbrev  0x00000000000006c0       0xa1 /usr/local/Cellar/msp430-gcc/4.7.0/lib/gcc/msp430/4.7.0/../../../../msp430/lib/mmpy-16/libc.a(memset.o)
 .debug_abbrev  0x0000000000000761       0x14 /usr/local/Cellar/msp430-gcc/4.7.0/lib/gcc/msp430/4.7.0/mmpy-16/libgcc.a(_udivmod16.o)
 .debug_abbrev  0x0000000000000775       0x14 /usr/local/Cellar/msp430-gcc/4.7.0/lib/gcc/msp430/4.7.0/mmpy-16/libgcc.a(_udivmod64.o)
 .debug_abbrev  0x0000000000000789       0x14 /usr/local/Cellar/msp430-gcc/4.7.0/lib/gcc/msp430/4.7.0/mmpy-16/libcrt0.a(__watchdog_support.o)
 .debug_abbrev  0x000000000000079d       0x14 /usr/local/Cellar/msp430-gcc/4.7.0/lib/gcc/msp430/4.7.0/mmpy-16/libcrt0.a(__init_stack.o)
 .debug_abbrev  0x00000000000007b1       0x14 /usr/local/Cellar/msp430-gcc/4.7.0/lib/gcc/msp430/4.7.0/mmpy-16/libcrt0.a(_copy_data.o)
 .debug_abbrev  0x00000000000007c5       0x14 /usr/local/Cellar/msp430-gcc/4.7.0/lib/gcc/msp430/4.7.0/mmpy-16/libcrt0.a(_clear_bss.o)
 .debug_abbrev  0x00000000000007d9       0x14 /usr/local/Cellar/msp430-gcc/4.7.0/lib/gcc/msp430/4.7.0/mmpy-16/libcrt0.a(_endless_loop__.o)
 .debug_abbrev  0x00000000000007ed       0x14 /usr/local/Cellar/msp430-gcc/4.7.0/lib/gcc/msp430/4.7.0/mmpy-16/libcrt0.a(_unexpected_.o)

.debug_line     0x0000000000000000      0xc0d
 *(.debug_line)
 .debug_line    0x0000000000000000       0x5a /usr/local/Cellar/msp430-gcc/4.7.0/lib/gcc/msp430/4.7.0/mmpy-16/crt0ivtbl16.o
 .debug_line    0x000000000000005a       0x6d /usr/local/Cellar/msp430-gcc/4.7.0/lib/gcc/msp430/4.7.0/mmpy-16/libgcc.a(_mulsi3.o)
 .debug_line    0x00000000000000c7       0x75 /usr/local/Cellar/msp430-gcc/4.7.0/lib/gcc/msp430/4.7.0/mmpy-16/libgcc.a(_udivmod32.o)
 .debug_line    0x000000000000013c       0xb4 /usr/local/Cellar/msp430-gcc/4.7.0/lib/gcc/msp430/4.7.0/../../../../msp430/lib/mmpy-16/libc.a(printf.o)
 .debug_line    0x00000000000001f0      0x315 /usr/local/Cellar/msp430-gcc/4.7.0/lib/gcc/msp430/4.7.0/../../../../msp430/lib/mmpy-16/libc.a(vuprintf.o)
 .debug_line    0x0000000000000505       0x65 /usr/local/Cellar/msp430-gcc/4.7.0/lib/gcc/msp430/4.7.0/../../../../msp430/lib/mmpy-16/libc.a(puts.o)
 .debug_line    0x000000000000056a       0x68 /usr/local/Cellar/msp430-gcc/4.7.0/lib/gcc/msp430/4.7.0/../../../../msp430/lib/mmpy-16/libc.a(rand.o)
 .debug_line    0x00000000000005d2       0x49 /usr/local/Cellar/msp430-gcc/4.7.0/lib/gcc/msp430/4.7.0/../../../../msp430/lib/mmpy-16/libc.a(strcmp.o)
 .debug_line    0x000000000000061b       0x9a /usr/local/Cellar/msp430-gcc/4.7.0/lib/gcc/msp430/4.7.0/../../../../msp430/lib/mmpy-16/libc.a(memcmp.o)
 .debug_line    0x00000000000006b5      0x123 /usr/local/Cellar/msp430-gcc/4.7.0/lib/gcc/msp430/4.7.0/../../../../msp430/lib/mmpy-16/libc.a(memcpy.o)
 .debug_line    0x00000000000007d8       0xfd /usr/local/Cellar/msp430-gcc/4.7.0/lib/gcc/msp430/4.7.0/../../../../msp430/lib/mmpy-16/libc.a(memset.o)
 .debug_line    0x00000000000008d5       0x66 /usr/local/Cellar/msp430-gcc/4.7.0/lib/gcc/msp430/4.7.0/mmpy-16/libgcc.a(_udivmod16.o)
 .debug_line    0x000000000000093b       0xbf /usr/local/Cellar/msp430-gcc/4.7.0/lib/gcc/msp430/4.7.0/mmpy-16/libgcc.a(_udivmod64.o)
 .debug_line    0x00000000000009fa       0x58 /usr/local/Cellar/msp430-gcc/4.7.0/lib/gcc/msp430/4.7.0/mmpy-16/libcrt0.a(__watchdog_support.o)
 .debug_line    0x0000000000000a52       0x56 /usr/local/Cellar/msp430-gcc/4.7.0/lib/gcc/msp430/4.7.0/mmpy-16/libcrt0.a(__init_stack.o)
 .debug_line    0x0000000000000aa8       0x5c /usr/local/Cellar/msp430-gcc/4.7.0/lib/gcc/msp430/4.7.0/mmpy-16/libcrt0.a(_copy_data.o)
 .debug_line    0x0000000000000b04       0x5c /usr/local/Cellar/msp430-gcc/4.7.0/lib/gcc/msp430/4.7.0/mmpy-16/libcrt0.a(_clear_bss.o)
 .debug_line    0x0000000000000b60       0x57 /usr/local/Cellar/msp430-gcc/4.7.0/lib/gcc/msp430/4.7.0/mmpy-16/libcrt0.a(_endless_loop__.o)
 .debug_line    0x0000000000000bb7       0x56 /usr/local/Cellar/msp430-gcc/4.7.0/lib/gcc/msp430/4.7.0/mmpy-16/libcrt0.a(_unexpected_.o)

.debug_frame    0x0000000000000000      0x1d4
 *(.debug_frame)
 .debug_frame   0x0000000000000000       0x2a /usr/local/Cellar/msp430-gcc/4.7.0/lib/gcc/msp430/4.7.0/../../../../msp430/lib/mmpy-16/libc.a(printf.o)
 .debug_frame   0x000000000000002a       0xa0 /usr/local/Cellar/msp430-gcc/4.7.0/lib/gcc/msp430/4.7.0/../../../../msp430/lib/mmpy-16/libc.a(vuprintf.o)
 .debug_frame   0x00000000000000ca       0x24 /usr/local/Cellar/msp430-gcc/4.7.0/lib/gcc/msp430/4.7.0/../../../../msp430/lib/mmpy-16/libc.a(puts.o)
 .debug_frame   0x00000000000000ee       0x3c /usr/local/Cellar/msp430-gcc/4.7.0/lib/gcc/msp430/4.7.0/../../../../msp430/lib/mmpy-16/libc.a(rand.o)
 .debug_frame   0x000000000000012a       0x1e /usr/local/Cellar/msp430-gcc/4.7.0/lib/gcc/msp430/4.7.0/../../../../msp430/lib/mmpy-16/libc.a(strcmp.o)
 .debug_frame   0x0000000000000148       0x28 /usr/local/Cellar/msp430-gcc/4.7.0/lib/gcc/msp430/4.7.0/../../../../msp430/lib/mmpy-16/libc.a(memcmp.o)
 .debug_frame   0x0000000000000170       0x32 /usr/local/Cellar/msp430-gcc/4.7.0/lib/gcc/msp430/4.7.0/../../../../msp430/lib/mmpy-16/libc.a(memcpy.o)
 .debug_frame   0x00000000000001a2       0x32 /usr/local/Cellar/msp430-gcc/4.7.0/lib/gcc/msp430/4.7.0/../../../../msp430/lib/mmpy-16/libc.a(memset.o)

.debug_str      0x0000000000000000      0x403
 *(.debug_str)
 .debug_str     0x0000000000000000      0x102 /usr/local/Cellar/msp430-gcc/4.7.0/lib/gcc/msp430/4.7.0/../../../../msp430/lib/mmpy-16/libc.a(printf.o)
                                        0x14a (size before relaxing)
 .debug_str     0x0000000000000102      0x218 /usr/local/Cellar/msp430-gcc/4.7.0/lib/gcc/msp430/4.7.0/../../../../msp430/lib/mmpy-16/libc.a(vuprintf.o)
                                        0x395 (size before relaxing)
 .debug_str     0x000000000000031a       0x1d /usr/local/Cellar/msp430-gcc/4.7.0/lib/gcc/msp430/4.7.0/../../../../msp430/lib/mmpy-16/libc.a(puts.o)
                                        0x10f (size before relaxing)
 .debug_str     0x0000000000000337       0x2f /usr/local/Cellar/msp430-gcc/4.7.0/lib/gcc/msp430/4.7.0/../../../../msp430/lib/mmpy-16/libc.a(rand.o)
                                        0x126 (size before relaxing)
 .debug_str     0x0000000000000366       0x19 /usr/local/Cellar/msp430-gcc/4.7.0/lib/gcc/msp430/4.7.0/../../../../msp430/lib/mmpy-16/libc.a(strcmp.o)
                                        0x10b (size before relaxing)
 .debug_str     0x000000000000037f       0x20 /usr/local/Cellar/msp430-gcc/4.7.0/lib/gcc/msp430/4.7.0/../../../../msp430/lib/mmpy-16/libc.a(memcmp.o)
                                        0x112 (size before relaxing)
 .debug_str     0x000000000000039f       0x3e /usr/local/Cellar/msp430-gcc/4.7.0/lib/gcc/msp430/4.7.0/../../../../msp430/lib/mmpy-16/libc.a(memcpy.o)
                                        0x140 (size before relaxing)
 .debug_str     0x00000000000003dd       0x26 /usr/local/Cellar/msp430-gcc/4.7.0/lib/gcc/msp430/4.7.0/../../../../msp430/lib/mmpy-16/libc.a(memset.o)
                                        0x13e (size before relaxing)

.debug_loc      0x0000000000000000      0xbfe
 *(.debug_loc)
 .debug_loc     0x0000000000000000       0x4c /usr/local/Cellar/msp430-gcc/4.7.0/lib/gcc/msp430/4.7.0/../../../../msp430/lib/mmpy-16/libc.a(printf.o)
 .debug_loc     0x000000000000004c      0x7fa /usr/local/Cellar/msp430-gcc/4.7.0/lib/gcc/msp430/4.7.0/../../../../msp430/lib/mmpy-16/libc.a(vuprintf.o)
 .debug_loc     0x0000000000000846       0x26 /usr/local/Cellar/msp430-gcc/4.7.0/lib/gcc/msp430/4.7.0/../../../../msp430/lib/mmpy-16/libc.a(puts.o)
 .debug_loc     0x000000000000086c       0x4f /usr/local/Cellar/msp430-gcc/4.7.0/lib/gcc/msp430/4.7.0/../../../../msp430/lib/mmpy-16/libc.a(rand.o)
 .debug_loc     0x00000000000008bb       0x32 /usr/local/Cellar/msp430-gcc/4.7.0/lib/gcc/msp430/4.7.0/../../../../msp430/lib/mmpy-16/libc.a(strcmp.o)
 .debug_loc     0x00000000000008ed       0x4d /usr/local/Cellar/msp430-gcc/4.7.0/lib/gcc/msp430/4.7.0/../../../../msp430/lib/mmpy-16/libc.a(memcmp.o)
 .debug_loc     0x000000000000093a      0x1e3 /usr/local/Cellar/msp430-gcc/4.7.0/lib/gcc/msp430/4.7.0/../../../../msp430/lib/mmpy-16/libc.a(memcpy.o)
 .debug_loc     0x0000000000000b1d       0xe1 /usr/local/Cellar/msp430-gcc/4.7.0/lib/gcc/msp430/4.7.0/../../../../msp430/lib/mmpy-16/libc.a(memset.o)

.debug_macinfo
 *(.debug_macinfo)

.debug_pubtypes
 *(.debug_pubtypes)
