Archive member included because of file (symbol)

contiki-sky.a(contiki-sky-pla)
                              obj_sky/contiki-sky-main.o (init_platform)
contiki-sky.a(button-sensor.o)
                              contiki-sky.a(contiki-sky-pla) (button_sensor)
contiki-sky.a(ds2411.o)       obj_sky/contiki-sky-main.o (ds2411_init)
contiki-sky.a(xmem.o)         obj_sky/contiki-sky-main.o (xmem_init)
contiki-sky.a(node-id.o)      obj_sky/contiki-sky-main.o (node_id_restore)
contiki-sky.a(sensors.o)      contiki-sky.a(button-sensor.o) (sensors_changed)
contiki-sky.a(cc2420.o)       obj_sky/contiki-sky-main.o (cc2420_set_pan_addr)
contiki-sky.a(cc2420-arch.o)  contiki-sky.a(cc2420.o) (cc2420_arch_init)
contiki-sky.a(uart1.o)        obj_sky/contiki-sky-main.o (uart1_active)
contiki-sky.a(msp430.o)       contiki-sky.a(uart1.o) (msp430_add_lpm_req)
contiki-sky.a(clock.o)        obj_sky/contiki-sky-main.o (clock_init)
contiki-sky.a(leds.o)         obj_sky/contiki-sky-main.o (leds_init)
contiki-sky.a(leds-arch.o)    contiki-sky.a(leds.o) (leds_arch_init)
contiki-sky.a(watchdog.o)     obj_sky/contiki-sky-main.o (watchdog_start)
contiki-sky.a(autostart.o)    obj_sky/contiki-sky-main.o (autostart_start)
contiki-sky.a(ctimer.o)       obj_sky/contiki-sky-main.o (ctimer_init)
contiki-sky.a(energest.o)     obj_sky/contiki-sky-main.o (energest_init)
contiki-sky.a(etimer.o)       contiki-sky.a(clock.o) (etimer_request_poll)
contiki-sky.a(process.o)      contiki-sky.a(ctimer.o) (process_current)
contiki-sky.a(rtimer.o)       obj_sky/contiki-sky-main.o (rtimer_init)
contiki-sky.a(timer.o)        obj_sky/contiki-sky-main.o (timer_set)
contiki-sky.a(serial-line.o)  obj_sky/contiki-sky-main.o (serial_line_input_byte)
contiki-sky.a(list.o)         contiki-sky.a(ctimer.o) (list_init)
contiki-sky.a(random.o)       obj_sky/contiki-sky-main.o (random_init)
contiki-sky.a(ringbuf.o)      contiki-sky.a(serial-line.o) (ringbuf_init)
contiki-sky.a(rime.o)         obj_sky/contiki-sky-main.o (rime_driver)
contiki-sky.a(csma.o)         hello-world.co (csma_driver)
contiki-sky.a(mac.o)          contiki-sky.a(csma.o) (mac_call_sent_callback)
contiki-sky.a(linkaddr.o)     obj_sky/contiki-sky-main.o (linkaddr_copy)
contiki-sky.a(packetbuf.o)    contiki-sky.a(rime.o) (packetbuf_compact)
contiki-sky.a(queuebuf.o)     contiki-sky.a(rime.o) (queuebuf_init)
contiki-sky.a(contikimac.o)   obj_sky/contiki-sky-main.o (contikimac_driver)
contiki-sky.a(nullsec.o)      obj_sky/contiki-sky-main.o (nullsec_driver)
contiki-sky.a(spi.o)          contiki-sky.a(xmem.o) (spi_init)
contiki-sky.a(rtimer-arch.o)  contiki-sky.a(rtimer.o) (rtimer_arch_init)
contiki-sky.a(compower.o)     contiki-sky.a(contikimac.o) (compower_idle_activity)
contiki-sky.a(memb.o)         contiki-sky.a(csma.o) (memb_init)
contiki-sky.a(abc.o)          contiki-sky.a(rime.o) (abc_input)
contiki-sky.a(announcement.o)
                              contiki-sky.a(rime.o) (announcement_init)
contiki-sky.a(broadcast-annou)
                              contiki-sky.a(rime.o) (broadcast_announcement_init)
contiki-sky.a(broadcast.o)    contiki-sky.a(broadcast-annou) (broadcast_open)
contiki-sky.a(chameleon.o)    contiki-sky.a(rime.o) (chameleon_init)
contiki-sky.a(channel.o)      contiki-sky.a(chameleon.o) (channel_init)
contiki-sky.a(mac-sequence.o)
                              contiki-sky.a(contikimac.o) (mac_sequence_is_duplicate)
contiki-sky.a(contikimac-fram)
                              contiki-sky.a(contikimac.o) (contikimac_framer)
contiki-sky.a(chameleon-bitop)
                              contiki-sky.a(chameleon.o) (chameleon_bitopt)
contiki-sky.a(framer-802154.o)
                              contiki-sky.a(contikimac-fram) (framer_802154)
contiki-sky.a(frame802154.o)  contiki-sky.a(framer-802154.o) (frame802154_hdrlen)
/usr/local/Cellar/msp430-gcc/4.7.0/lib/gcc/msp430/4.7.0/mmpy-16/libgcc.a(_mulsi3.o)
                              contiki-sky.a(csma.o) (__mulsi3)
/usr/local/Cellar/msp430-gcc/4.7.0/lib/gcc/msp430/4.7.0/mmpy-16/libgcc.a(_udivmod32.o)
                              contiki-sky.a(csma.o) (__umodsi3)
/usr/local/Cellar/msp430-gcc/4.7.0/lib/gcc/msp430/4.7.0/../../../../msp430/lib/mmpy-16/libc.a(printf.o)
                              hello-world.co (printf)
/usr/local/Cellar/msp430-gcc/4.7.0/lib/gcc/msp430/4.7.0/../../../../msp430/lib/mmpy-16/libc.a(vuprintf.o)
                              /usr/local/Cellar/msp430-gcc/4.7.0/lib/gcc/msp430/4.7.0/../../../../msp430/lib/mmpy-16/libc.a(printf.o) (vuprintf)
/usr/local/Cellar/msp430-gcc/4.7.0/lib/gcc/msp430/4.7.0/../../../../msp430/lib/mmpy-16/libc.a(puts.o)
                              obj_sky/contiki-sky-main.o (puts)
/usr/local/Cellar/msp430-gcc/4.7.0/lib/gcc/msp430/4.7.0/../../../../msp430/lib/mmpy-16/libc.a(rand.o)
                              contiki-sky.a(random.o) (rand)
/usr/local/Cellar/msp430-gcc/4.7.0/lib/gcc/msp430/4.7.0/../../../../msp430/lib/mmpy-16/libc.a(strncmp.o)
[...]
Memory Configuration

Name             Origin             Length             Attributes
sfr              0x0000000000000000 0x0000000000000010
peripheral_8bit  0x0000000000000010 0x00000000000000f0
peripheral_16bit 0x0000000000000100 0x0000000000000100
ram_mirror       0x0000000000000200 0x0000000000000800 xw
infomem          0x0000000000001000 0x0000000000000100
infob            0x0000000000001000 0x0000000000000080
infoa            0x0000000000001080 0x0000000000000080
ram              0x0000000000001100 0x0000000000002800 xw
rom              0x0000000000004000 0x000000000000bfe0 xr
vectors          0x000000000000ffe0 0x0000000000000020
bsl              0x0000000000000000 0x0000000000000000
infoc            0x0000000000000000 0x0000000000000000
infod            0x0000000000000000 0x0000000000000000
ram2             0x0000000000000000 0x0000000000000000 xw
signature        0x0000000000000000 0x0000000000000000
usbram           0x0000000000000000 0x0000000000000000 xw
far_rom          0x0000000000000000 0x0000000000000000
*default*        0x0000000000000000 0xffffffffffffffff

Linker script and memory map

LOAD /usr/local/Cellar/msp430-gcc/4.7.0/lib/gcc/msp430/4.7.0/mmpy-16/crt0ivtbl16.o
Address of section .chaos_do_tx set to 0x4000
Address of section .chaos_do_rx set to 0x4800
Address of section .text set to 0x5500
LOAD hello-world.co
LOAD obj_sky/contiki-sky-main.o
LOAD contiki-sky.a
LOAD /usr/local/Cellar/msp430-gcc/4.7.0/lib/gcc/msp430/4.7.0/mmpy-16/libgcc.a
LOAD /usr/local/Cellar/msp430-gcc/4.7.0/lib/gcc/msp430/4.7.0/../../../../msp430/lib/mmpy-16/libc.a
LOAD /usr/local/Cellar/msp430-gcc/4.7.0/lib/gcc/msp430/4.7.0/mmpy-16/libgcc.a
LOAD /usr/local/Cellar/msp430-gcc/4.7.0/lib/gcc/msp430/4.7.0/mmpy-16/libcrt0.a
                0x0000000000000080                PROVIDE (__info_segment_size, 0x80)
                0x0000000000001000                PROVIDE (__infob, 0x1000)
                0x0000000000001080                PROVIDE (__infoa, 0x1080)
                0x0000000000000000                __IE1 = 0x0
                0x0000000000000002                __IFG1 = 0x2
                0x0000000000000004                __ME1 = 0x4
                0x0000000000000001                __IE2 = 0x1
                0x0000000000000003                __IFG2 = 0x3
                0x0000000000000005                __ME2 = 0x5
                0x0000000000000120                __WDTCTL = 0x120
                0x0000000000000130                __MPY = 0x130
                0x0000000000000132                __MPYS = 0x132
                0x0000000000000134                __MAC = 0x134
                0x0000000000000136                __MACS = 0x136
                0x0000000000000138                __OP2 = 0x138
                0x000000000000013a                __RESLO = 0x13a
                0x000000000000013c                __RESHI = 0x13c
                0x000000000000013e                __SUMEXT = 0x13e
                0x0000000000000020                __P1IN = 0x20
                0x0000000000000021                __P1OUT = 0x21
                0x0000000000000022                __P1DIR = 0x22
                0x0000000000000023                __P1IFG = 0x23
                0x0000000000000024                __P1IES = 0x24
                0x0000000000000025                __P1IE = 0x25
                0x0000000000000026                __P1SEL = 0x26
                0x0000000000000028                __P2IN = 0x28
                0x0000000000000029                __P2OUT = 0x29
                0x000000000000002a                __P2DIR = 0x2a
                0x000000000000002b                __P2IFG = 0x2b
                0x000000000000002c                __P2IES = 0x2c
                0x000000000000002d                __P2IE = 0x2d
                0x000000000000002e                __P2SEL = 0x2e
                0x0000000000000018                __P3IN = 0x18
                0x0000000000000019                __P3OUT = 0x19
                0x000000000000001a                __P3DIR = 0x1a
                0x000000000000001b                __P3SEL = 0x1b
                0x000000000000001c                __P4IN = 0x1c
                0x000000000000001d                __P4OUT = 0x1d
                0x000000000000001e                __P4DIR = 0x1e
                0x000000000000001f                __P4SEL = 0x1f
                0x0000000000000030                __P5IN = 0x30
                0x0000000000000031                __P5OUT = 0x31
                0x0000000000000032                __P5DIR = 0x32
                0x0000000000000033                __P5SEL = 0x33
                0x0000000000000034                __P6IN = 0x34
                0x0000000000000035                __P6OUT = 0x35
                0x0000000000000036                __P6DIR = 0x36
                0x0000000000000037                __P6SEL = 0x37
                0x0000000000000070                __U0CTL = 0x70
                0x0000000000000071                __U0TCTL = 0x71
                0x0000000000000072                __U0RCTL = 0x72
                0x0000000000000073                __U0MCTL = 0x73
                0x0000000000000074                __U0BR0 = 0x74
                0x0000000000000075                __U0BR1 = 0x75
                0x0000000000000076                __U0RXBUF = 0x76
                0x0000000000000077                __U0TXBUF = 0x77
                0x0000000000000078                __U1CTL = 0x78
                0x0000000000000079                __U1TCTL = 0x79
                0x000000000000007a                __U1RCTL = 0x7a
                0x000000000000007b                __U1MCTL = 0x7b
                0x000000000000007c                __U1BR0 = 0x7c
                0x000000000000007d                __U1BR1 = 0x7d
                0x000000000000007e                __U1RXBUF = 0x7e
                0x000000000000007f                __U1TXBUF = 0x7f
                0x0000000000000050                __I2CIE = 0x50
                0x0000000000000051                __I2CIFG = 0x51
                0x0000000000000052                __I2CNDAT = 0x52
                0x0000000000000071                __I2CTCTL = 0x71
                0x0000000000000072                __I2CDCTL = 0x72
                0x0000000000000073                __I2CPSC = 0x73
                0x0000000000000074                __I2CSCLH = 0x74
                0x0000000000000075                __I2CSCLL = 0x75
                0x0000000000000076                __I2CDRB = 0x76
                0x0000000000000076                __I2CDRW = 0x76
                0x0000000000000118                __I2COA = 0x118
                0x000000000000011a                __I2CSA = 0x11a
                0x000000000000011c                __I2CIV = 0x11c
                0x000000000000012e                __TAIV = 0x12e
                0x0000000000000160                __TACTL = 0x160
                0x0000000000000162                __TACCTL0 = 0x162
                0x0000000000000164                __TACCTL1 = 0x164
                0x0000000000000166                __TACCTL2 = 0x166
                0x0000000000000170                __TAR = 0x170
                0x0000000000000172                __TACCR0 = 0x172
                0x0000000000000174                __TACCR1 = 0x174
                0x0000000000000176                __TACCR2 = 0x176
                0x000000000000011e                __TBIV = 0x11e
                0x0000000000000180                __TBCTL = 0x180
                0x0000000000000182                __TBCCTL0 = 0x182
                0x0000000000000184                __TBCCTL1 = 0x184
                0x0000000000000186                __TBCCTL2 = 0x186
                0x0000000000000188                __TBCCTL3 = 0x188
                0x000000000000018a                __TBCCTL4 = 0x18a
                0x000000000000018c                __TBCCTL5 = 0x18c
                0x000000000000018e                __TBCCTL6 = 0x18e
                0x0000000000000190                __TBR = 0x190
                0x0000000000000192                __TBCCR0 = 0x192
                0x0000000000000194                __TBCCR1 = 0x194
                0x0000000000000196                __TBCCR2 = 0x196
                0x0000000000000198                __TBCCR3 = 0x198
                0x000000000000019a                __TBCCR4 = 0x19a
                0x000000000000019c                __TBCCR5 = 0x19c
                0x000000000000019e                __TBCCR6 = 0x19e
                0x0000000000000056                __DCOCTL = 0x56
                0x0000000000000057                __BCSCTL1 = 0x57
                0x0000000000000058                __BCSCTL2 = 0x58
                0x0000000000000055                __SVSCTL = 0x55
                0x0000000000000128                __FCTL1 = 0x128
                0x000000000000012a                __FCTL2 = 0x12a
                0x000000000000012c                __FCTL3 = 0x12c
                0x0000000000000059                __CACTL1 = 0x59
                0x000000000000005a                __CACTL2 = 0x5a
                0x000000000000005b                __CAPD = 0x5b
                0x00000000000001a0                __ADC12CTL0 = 0x1a0
                0x00000000000001a2                __ADC12CTL1 = 0x1a2
                0x00000000000001a4                __ADC12IFG = 0x1a4
                0x00000000000001a6                __ADC12IE = 0x1a6
                0x00000000000001a8                __ADC12IV = 0x1a8
                0x0000000000000140                __ADC12MEM0 = 0x140
                0x0000000000000142                __ADC12MEM1 = 0x142
                0x0000000000000144                __ADC12MEM2 = 0x144
                0x0000000000000146                __ADC12MEM3 = 0x146
                0x0000000000000148                __ADC12MEM4 = 0x148
                0x000000000000014a                __ADC12MEM5 = 0x14a
                0x000000000000014c                __ADC12MEM6 = 0x14c
                0x000000000000014e                __ADC12MEM7 = 0x14e
                0x0000000000000150                __ADC12MEM8 = 0x150
                0x0000000000000152                __ADC12MEM9 = 0x152
                0x0000000000000154                __ADC12MEM10 = 0x154
                0x0000000000000156                __ADC12MEM11 = 0x156
                0x0000000000000158                __ADC12MEM12 = 0x158
                0x000000000000015a                __ADC12MEM13 = 0x15a
                0x000000000000015c                __ADC12MEM14 = 0x15c
                0x000000000000015e                __ADC12MEM15 = 0x15e
                0x0000000000000080                __ADC12MCTL0 = 0x80
                0x0000000000000081                __ADC12MCTL1 = 0x81
                0x0000000000000082                __ADC12MCTL2 = 0x82
                0x0000000000000083                __ADC12MCTL3 = 0x83
                0x0000000000000084                __ADC12MCTL4 = 0x84
                0x0000000000000085                __ADC12MCTL5 = 0x85
                0x0000000000000086                __ADC12MCTL6 = 0x86
                0x0000000000000087                __ADC12MCTL7 = 0x87
                0x0000000000000088                __ADC12MCTL8 = 0x88
                0x0000000000000089                __ADC12MCTL9 = 0x89
                0x000000000000008a                __ADC12MCTL10 = 0x8a
                0x000000000000008b                __ADC12MCTL11 = 0x8b
                0x000000000000008c                __ADC12MCTL12 = 0x8c
                0x000000000000008d                __ADC12MCTL13 = 0x8d
                0x000000000000008e                __ADC12MCTL14 = 0x8e
                0x000000000000008f                __ADC12MCTL15 = 0x8f
                0x00000000000001c0                __DAC12_0CTL = 0x1c0
                0x00000000000001c2                __DAC12_1CTL = 0x1c2
                0x00000000000001c8                __DAC12_0DAT = 0x1c8
                0x00000000000001ca                __DAC12_1DAT = 0x1ca
                0x0000000000000122                __DMACTL0 = 0x122
                0x0000000000000124                __DMACTL1 = 0x124
                0x00000000000001e0                __DMA0CTL = 0x1e0
                0x00000000000001e8                __DMA1CTL = 0x1e8
                0x00000000000001f0                __DMA2CTL = 0x1f0
                0x00000000000001e2                __DMA0SA = 0x1e2
                0x00000000000001e4                __DMA0DA = 0x1e4
                0x00000000000001e6                __DMA0SZ = 0x1e6
                0x00000000000001ea                __DMA1SA = 0x1ea
                0x00000000000001ec                __DMA1DA = 0x1ec
                0x00000000000001ee                __DMA1SZ = 0x1ee
                0x00000000000001f2                __DMA2SA = 0x1f2
                0x00000000000001f4                __DMA2DA = 0x1f4
                0x00000000000001f6                __DMA2SZ = 0x1f6

.hash
 *(.hash)

.dynsym
 *(.dynsym)

.dynstr
 *(.dynstr)

.gnu.version
 *(.gnu.version)

.gnu.version_d
 *(.gnu.version_d)

.gnu.version_r
 *(.gnu.version_r)

.rel.init
 *(.rel.init)

.rela.init
 *(.rela.init)

.rel.fini
 *(.rel.fini)

.rela.fini
 *(.rela.fini)

.rel.text
 *(.rel.text .rel.text.* .rel.gnu.linkonce.t.*)

.rela.text
 *(.rela.text .rela.text.* .rela.gnu.linkonce.t.*)

.rel.rodata
 *(.rel.rodata .rel.rodata.* .rel.gnu.linkonce.r.*)

.rela.rodata
 *(.rela.rodata .rela.rodata.* .rela.gnu.linkonce.r.*)

.rel.data
 *(.rel.data .rel.data.* .rel.gnu.linkonce.d.*)

.rela.data
 *(.rela.data .rela.data.* .rela.gnu.linkonce.d.*)

.rel.bss
 *(.rel.bss .rel.bss.* .rel.gnu.linkonce.b.*)

.rela.bss
 *(.rela.bss .rela.bss.* .rela.gnu.linkonce.b.*)

.rel.ctors
 *(.rel.ctors)

.rela.ctors
 *(.rela.ctors)

.rel.dtors
 *(.rel.dtors)

.rela.dtors
 *(.rela.dtors)

.rel.got
 *(.rel.got)

.rela.got
 *(.rela.got)

.rel.plt
 *(.rel.plt)

.rela.plt
 *(.rela.plt)

.text           0x0000000000005500     0x4dec
                0x0000000000005500                . = ALIGN (0x2)
 *(.init .init.*)
 *(.init0)
 .init0         0x0000000000005500        0x0 /usr/local/Cellar/msp430-gcc/4.7.0/lib/gcc/msp430/4.7.0/mmpy-16/libcrt0.a(_reset_vector__.o)
                0x0000000000005500                _reset_vector__
 *(.init1)
 .init1         0x0000000000005500        0xc /usr/local/Cellar/msp430-gcc/4.7.0/lib/gcc/msp430/4.7.0/mmpy-16/libcrt0.a(__watchdog_support.o)
                0x0000000000005500                __watchdog_support
 *(.init2)
 .init2         0x000000000000550c        0x4 /usr/local/Cellar/msp430-gcc/4.7.0/lib/gcc/msp430/4.7.0/mmpy-16/libcrt0.a(__init_stack.o)
                0x000000000000550c                __init_stack
 *(.init3)
 .init3         0x0000000000005510        0x0 /usr/local/Cellar/msp430-gcc/4.7.0/lib/gcc/msp430/4.7.0/mmpy-16/libcrt0.a(__low_level_init.o)
                0x0000000000005510                __low_level_init
 *(.init4)
 .init4         0x0000000000005510       0x18 /usr/local/Cellar/msp430-gcc/4.7.0/lib/gcc/msp430/4.7.0/mmpy-16/libcrt0.a(_copy_data.o)
                0x0000000000005510                __do_copy_data
 .init4         0x0000000000005528       0x16 /usr/local/Cellar/msp430-gcc/4.7.0/lib/gcc/msp430/4.7.0/mmpy-16/libcrt0.a(_clear_bss.o)
                0x0000000000005528                __do_clear_bss
 *(.init5)
 *(.init6)
 *(.init7)
 *(.init8)
 *(.init9)
 .init9         0x000000000000553e      0x21a obj_sky/contiki-sky-main.o
                0x000000000000553e                main
 *(.fini9)
 .fini9         0x0000000000005758        0x0 /usr/local/Cellar/msp430-gcc/4.7.0/lib/gcc/msp430/4.7.0/mmpy-16/libcrt0.a(__stop_progExec__.o)
                0x0000000000005758                __stop_progExec__
 *(.fini8)
 *(.fini7)
 *(.fini6)
 *(.fini5)
 *(.fini4)
 *(.fini3)
 *(.fini2)
 *(.fini1)
 *(.fini0)
 .fini0         0x0000000000005758        0x6 /usr/local/Cellar/msp430-gcc/4.7.0/lib/gcc/msp430/4.7.0/mmpy-16/libcrt0.a(_endless_loop__.o)
                0x0000000000005758                _endless_loop__
 *(.fini .fini.*)
                0x000000000000575e                . = ALIGN (0x2)
                0x000000000000575e                __ctors_start = .
 *(.ctors)
                0x000000000000575e                __ctors_end = .
                0x000000000000575e                __dtors_start = .
 *(.dtors)
                0x000000000000575e                __dtors_end = .
                0x000000000000575e                . = ALIGN (0x2)
 *(.text .text.* .gnu.linkonce.t.*)
 .text          0x000000000000575e        0x4 /usr/local/Cellar/msp430-gcc/4.7.0/lib/gcc/msp430/4.7.0/mmpy-16/crt0ivtbl16.o
                0x000000000000575e                __isr_9
                0x000000000000575e                __isr_11
                0x000000000000575e                __isr_2
                0x000000000000575e                __isr_7
                0x000000000000575e                __isr_0
                0x000000000000575e                __isr_8
                0x000000000000575e                __isr_3
                0x000000000000575e                __isr_12
                0x000000000000575e                __isr_13
                0x000000000000575e                __isr_14
 .text.process_thread_hello_world_process
                0x0000000000005762       0x3a hello-world.co
 .text.rtimer_arch_now
                0x000000000000579c       0x20 obj_sky/contiki-sky-main.o
 .text.putchar  0x00000000000057bc        0x2 obj_sky/contiki-sky-main.o
                0x00000000000057bc                putchar
 .text.init_platform
                0x00000000000057be        0xc contiki-sky.a(contiki-sky-pla)
                0x00000000000057be                init_platform
 .text.rtimer_arch_now
                0x00000000000057ca       0x20 contiki-sky.a(button-sensor.o)
 .text.status   0x00000000000057ea       0x18 contiki-sky.a(button-sensor.o)
 .text.value    0x0000000000005802       0x20 contiki-sky.a(button-sensor.o)
 .text.configure
                0x0000000000005822       0x4c contiki-sky.a(button-sensor.o)
 .text.irq_p2   0x000000000000586e       0x88 contiki-sky.a(button-sensor.o)
                0x000000000000586e                irq_p2
                0x000000000000586e                __isr_1
 .text.owreadb  0x00000000000058f6       0x50 contiki-sky.a(ds2411.o)
 .text.ds2411_init
                0x0000000000005946      0x120 contiki-sky.a(ds2411.o)
                0x0000000000005946                ds2411_init
 .text.rtimer_arch_now
                0x0000000000005a66       0x20 contiki-sky.a(xmem.o)
 .text.wait_ready
                0x0000000000005a86       0x4a contiki-sky.a(xmem.o)
 .text.xmem_init
                0x0000000000005ad0       0x3c contiki-sky.a(xmem.o)
                0x0000000000005ad0                xmem_init
 .text.xmem_pread
                0x0000000000005b0c       0xe0 contiki-sky.a(xmem.o)
                0x0000000000005b0c                xmem_pread
 .text.node_id_restore
                0x0000000000005bec       0x38 contiki-sky.a(node-id.o)
                0x0000000000005bec                node_id_restore
 .text.process_thread_sensors_process
                0x0000000000005c24       0xc2 contiki-sky.a(sensors.o)
 .text.sensors_changed
                0x0000000000005ce6       0x2a contiki-sky.a(sensors.o)
                0x0000000000005ce6                sensors_changed
 .text.rtimer_arch_now
                0x0000000000005d10       0x20 contiki-sky.a(cc2420.o)
 .text.get_object
                0x0000000000005d30        0x4 contiki-sky.a(cc2420.o)
 .text.set_object
                0x0000000000005d34        0x4 contiki-sky.a(cc2420.o)
 .text.strobe   0x0000000000005d38       0x1c contiki-sky.a(cc2420.o)
 .text.getreg   0x0000000000005d54       0x4c contiki-sky.a(cc2420.o)
 .text.setreg   0x0000000000005da0       0x4c contiki-sky.a(cc2420.o)
 .text.write_ram
                0x0000000000005dec       0x7c contiki-sky.a(cc2420.o)
 .text.write_fifo_buf
                0x0000000000005e68       0x3c contiki-sky.a(cc2420.o)
 .text.get_status
                0x0000000000005ea4       0x20 contiki-sky.a(cc2420.o)
 .text.wait_for_status
                0x0000000000005ec4       0x28 contiki-sky.a(cc2420.o)
 .text.wait_for_transmission
                0x0000000000005eec       0x22 contiki-sky.a(cc2420.o)
 .text.on       0x0000000000005f0e       0x26 contiki-sky.a(cc2420.o)
 .text.cc2420_receiving_packet
                0x0000000000005f34        0xc contiki-sky.a(cc2420.o)
 .text.pending_packet
                0x0000000000005f40        0x8 contiki-sky.a(cc2420.o)
 .text.getrxdata
                0x0000000000005f48       0x50 contiki-sky.a(cc2420.o)
 .text.flushrx  0x0000000000005f98       0x1a contiki-sky.a(cc2420.o)
 .text.off      0x0000000000005fb2       0x5e contiki-sky.a(cc2420.o)
 .text.RELEASE_LOCK
                0x0000000000006010       0x28 contiki-sky.a(cc2420.o)
 .text.cc2420_prepare
                0x0000000000006038       0x3c contiki-sky.a(cc2420.o)
 .text.cc2420_on
                0x0000000000006074       0x22 contiki-sky.a(cc2420.o)
                0x0000000000006074                cc2420_on
 .text.cc2420_transmit
                0x0000000000006096       0xfa contiki-sky.a(cc2420.o)
 .text.cc2420_send
                0x0000000000006190       0x12 contiki-sky.a(cc2420.o)
 .text.cc2420_off
                0x00000000000061a2       0x30 contiki-sky.a(cc2420.o)
                0x00000000000061a2                cc2420_off
 .text.cc2420_cca
                0x00000000000061d2       0x68 contiki-sky.a(cc2420.o)
 .text.cc2420_read
                0x000000000000623a       0xc0 contiki-sky.a(cc2420.o)
 .text.process_thread_cc2420_process
                0x00000000000062fa       0x5c contiki-sky.a(cc2420.o)
 .text.encrypt  0x0000000000006356       0x88 contiki-sky.a(cc2420.o)
 .text.cc2420_set_key
                0x00000000000063de       0x18 contiki-sky.a(cc2420.o)
                0x00000000000063de                cc2420_set_key
 .text.set_key  0x00000000000063f6        0x6 contiki-sky.a(cc2420.o)
 .text.cc2420_set_channel
                0x00000000000063fc       0x3c contiki-sky.a(cc2420.o)
                0x00000000000063fc                cc2420_set_channel
 .text.cc2420_set_pan_addr
                0x0000000000006438       0x4c contiki-sky.a(cc2420.o)
                0x0000000000006438                cc2420_set_pan_addr
 .text.cc2420_interrupt
                0x0000000000006484       0x16 contiki-sky.a(cc2420.o)
                0x0000000000006484                cc2420_interrupt
 .text.cc2420_set_txpower
                0x000000000000649a       0x2c contiki-sky.a(cc2420.o)
                0x000000000000649a                cc2420_set_txpower
 .text.cc2420_get_txpower
                0x00000000000064c6       0x1e contiki-sky.a(cc2420.o)
                0x00000000000064c6                cc2420_get_txpower
 .text.cc2420_rssi
                0x00000000000064e4       0x4c contiki-sky.a(cc2420.o)
                0x00000000000064e4                cc2420_rssi
 .text.get_value
                0x0000000000006530       0xa8 contiki-sky.a(cc2420.o)
 .text.cc2420_set_cca_threshold
                0x00000000000065d8       0x16 contiki-sky.a(cc2420.o)
                0x00000000000065d8                cc2420_set_cca_threshold
 .text.set_value
                0x00000000000065ee       0x86 contiki-sky.a(cc2420.o)
 .text.cc2420_sfd_sync
                0x0000000000006674       0x5e contiki-sky.a(cc2420.o)
                0x0000000000006674                cc2420_sfd_sync
 .text.cc2420_set_interrupt_enable
                0x00000000000066d2       0x40 contiki-sky.a(cc2420.o)
                0x00000000000066d2                cc2420_set_interrupt_enable
 .text.cc2420_init
                0x0000000000006712      0x116 contiki-sky.a(cc2420.o)
                0x0000000000006712                cc2420_init
 .text.rtimer_arch_now
                0x0000000000006828       0x20 contiki-sky.a(cc2420-arch.o)
 .text.cc2420_port1_interrupt
                0x0000000000006848       0x62 contiki-sky.a(cc2420-arch.o)
                0x0000000000006848                __isr_4
                0x0000000000006848                cc2420_port1_interrupt
 .text.cc2420_arch_init
                0x00000000000068aa       0x1a contiki-sky.a(cc2420-arch.o)
                0x00000000000068aa                cc2420_arch_init
 .text.handle_rxdma_timer
                0x00000000000068c4       0x3a contiki-sky.a(uart1.o)
 .text.uart1_active
                0x00000000000068fe       0x18 contiki-sky.a(uart1.o)
                0x00000000000068fe                uart1_active
 .text.uart1_set_input
                0x0000000000006916       0x20 contiki-sky.a(uart1.o)
                0x0000000000006916                uart1_set_input
 .text.uart1_init
                0x0000000000006936       0xf6 contiki-sky.a(uart1.o)
                0x0000000000006936                uart1_init
 .text.msp430_init_dco
                0x0000000000006a2c       0x82 contiki-sky.a(msp430.o)
                0x0000000000006a2c                msp430_init_dco
 .text.msp430_add_lpm_req
                0x0000000000006aae        0xc contiki-sky.a(msp430.o)
                0x0000000000006aae                msp430_add_lpm_req
 .text.msp430_cpu_init
                0x0000000000006aba       0x2a contiki-sky.a(msp430.o)
                0x0000000000006aba                msp430_cpu_init
 .text.splhigh_
                0x0000000000006ae4        0x8 contiki-sky.a(msp430.o)
                0x0000000000006ae4                splhigh_
 .text.rtimer_arch_now
                0x0000000000006aec       0x20 contiki-sky.a(clock.o)
 .text.timera1  0x0000000000006b0c      0x11e contiki-sky.a(clock.o)
                0x0000000000006b0c                __isr_5
                0x0000000000006b0c                timera1
 .text.clock_time
                0x0000000000006c2a       0x1a contiki-sky.a(clock.o)
                0x0000000000006c2a                clock_time
 .text.clock_init
                0x0000000000006c44       0x28 contiki-sky.a(clock.o)
                0x0000000000006c44                clock_init
 .text.clock_delay
                0x0000000000006c6c        0xc contiki-sky.a(clock.o)
                0x0000000000006c6c                clock_delay
 .text.rtimer_arch_now
                0x0000000000006c78       0x20 contiki-sky.a(leds.o)
 .text.show_leds
                0x0000000000006c98       0xf0 contiki-sky.a(leds.o)
 .text.leds_init
                0x0000000000006d88        0xa contiki-sky.a(leds.o)
                0x0000000000006d88                leds_init
 .text.leds_on  0x0000000000006d92        0xa contiki-sky.a(leds.o)
                0x0000000000006d92                leds_on
 .text.leds_off
                0x0000000000006d9c        0xe contiki-sky.a(leds.o)
                0x0000000000006d9c                leds_off
 .text.leds_toggle
                0x0000000000006daa        0xa contiki-sky.a(leds.o)
                0x0000000000006daa                leds_toggle
 .text.leds_blink
                0x0000000000006db4       0x20 contiki-sky.a(leds.o)
                0x0000000000006db4                leds_blink
 .text.leds_arch_init
                0x0000000000006dd4        0xe contiki-sky.a(leds-arch.o)
                0x0000000000006dd4                leds_arch_init
 .text.leds_arch_set
                0x0000000000006de2       0x38 contiki-sky.a(leds-arch.o)
                0x0000000000006de2                leds_arch_set
 .text.printchar
                0x0000000000006e1a        0xe contiki-sky.a(watchdog.o)
 .text.hexprint
                0x0000000000006e28       0x48 contiki-sky.a(watchdog.o)
 .text.printstring
                0x0000000000006e70       0x16 contiki-sky.a(watchdog.o)
 .text.watchdog_start
                0x0000000000006e86       0x14 contiki-sky.a(watchdog.o)
                0x0000000000006e86                watchdog_start
 .text.watchdog_periodic
                0x0000000000006e9a       0x12 contiki-sky.a(watchdog.o)
                0x0000000000006e9a                watchdog_periodic
 .text.watchdog_stop
                0x0000000000006eac       0x16 contiki-sky.a(watchdog.o)
                0x0000000000006eac                watchdog_stop
 .text.watchdog_init
                0x0000000000006ec2       0x12 contiki-sky.a(watchdog.o)
                0x0000000000006ec2                watchdog_init
 .text.watchdog_reboot
                0x0000000000006ed4       0x18 contiki-sky.a(watchdog.o)
                0x0000000000006ed4                watchdog_reboot
 .text.watchdog_interrupt
                0x0000000000006eec       0x8e contiki-sky.a(watchdog.o)
                0x0000000000006eec                __isr_10
                0x0000000000006eec                watchdog_interrupt
 .text.autostart_start
                0x0000000000006f7a       0x16 contiki-sky.a(autostart.o)
                0x0000000000006f7a                autostart_start
 .text.process_thread_ctimer_process
                0x0000000000006f90       0xa8 contiki-sky.a(ctimer.o)
 .text.ctimer_init
                0x0000000000007038       0x18 contiki-sky.a(ctimer.o)
                0x0000000000007038                ctimer_init
 .text.ctimer_set_with_process
                0x0000000000007050       0x4e contiki-sky.a(ctimer.o)
                0x0000000000007050                ctimer_set_with_process
 .text.ctimer_set
                0x000000000000709e       0x10 contiki-sky.a(ctimer.o)
                0x000000000000709e                ctimer_set
 .text.ctimer_reset
                0x00000000000070ae       0x30 contiki-sky.a(ctimer.o)
                0x00000000000070ae                ctimer_reset
 .text.ctimer_stop
                0x00000000000070de       0x28 contiki-sky.a(ctimer.o)
                0x00000000000070de                ctimer_stop
 .text.rtimer_arch_now
                0x0000000000007106       0x20 contiki-sky.a(energest.o)
 .text.energest_init
                0x0000000000007126       0x26 contiki-sky.a(energest.o)
                0x0000000000007126                energest_init
 .text.energest_type_time
                0x000000000000714c       0x48 contiki-sky.a(energest.o)
                0x000000000000714c                energest_type_time
 .text.energest_type_set
                0x0000000000007194        0xe contiki-sky.a(energest.o)
                0x0000000000007194                energest_type_set
 .text.energest_flush
                0x00000000000071a2       0x48 contiki-sky.a(energest.o)
                0x00000000000071a2                energest_flush
 .text.update_time
                0x00000000000071ea       0x78 contiki-sky.a(etimer.o)
 .text.etimer_request_poll
                0x0000000000007262        0xa contiki-sky.a(etimer.o)
                0x0000000000007262                etimer_request_poll
 .text.process_thread_etimer_process
                0x000000000000726c       0xcc contiki-sky.a(etimer.o)
 .text.add_timer
                0x0000000000007338       0x40 contiki-sky.a(etimer.o)
 .text.etimer_set
                0x0000000000007378       0x12 contiki-sky.a(etimer.o)
                0x0000000000007378                etimer_set
 .text.etimer_reset
                0x000000000000738a       0x12 contiki-sky.a(etimer.o)
                0x000000000000738a                etimer_reset
 .text.etimer_pending
                0x000000000000739c        0xc contiki-sky.a(etimer.o)
                0x000000000000739c                etimer_pending
 .text.etimer_next_expiration_time
                0x00000000000073a8       0x16 contiki-sky.a(etimer.o)
                0x00000000000073a8                etimer_next_expiration_time
 .text.etimer_stop
                0x00000000000073be       0x3e contiki-sky.a(etimer.o)
                0x00000000000073be                etimer_stop
 .text.call_process
                0x00000000000073fc       0x46 contiki-sky.a(process.o)
 .text.exit_process
                0x0000000000007442       0x96 contiki-sky.a(process.o)
 .text.do_poll  0x00000000000074d8       0x30 contiki-sky.a(process.o)
 .text.process_alloc_event
                0x0000000000007508        0xe contiki-sky.a(process.o)
                0x0000000000007508                process_alloc_event
 .text.process_init
                0x0000000000007516       0x1c contiki-sky.a(process.o)
                0x0000000000007516                process_init
 .text.process_run
                0x0000000000007532       0xa2 contiki-sky.a(process.o)
                0x0000000000007532                process_run
 .text.process_nevents
                0x00000000000075d4        0xe contiki-sky.a(process.o)
                0x00000000000075d4                process_nevents
 .text.process_post
                0x00000000000075e2       0x54 contiki-sky.a(process.o)
                0x00000000000075e2                process_post
 .text.process_post_synch
                0x0000000000007636       0x12 contiki-sky.a(process.o)
                0x0000000000007636                process_post_synch
 .text.process_start
                0x0000000000007648       0x36 contiki-sky.a(process.o)
                0x0000000000007648                process_start
 .text.process_poll
                0x000000000000767e       0x18 contiki-sky.a(process.o)
                0x000000000000767e                process_poll
 .text.rtimer_init
                0x0000000000007696        0x6 contiki-sky.a(rtimer.o)
                0x0000000000007696                rtimer_init
 .text.rtimer_set
                0x000000000000769c       0x24 contiki-sky.a(rtimer.o)
                0x000000000000769c                rtimer_set
 .text.rtimer_run_next
                0x00000000000076c0       0x26 contiki-sky.a(rtimer.o)
                0x00000000000076c0                rtimer_run_next
 .text.timer_set
                0x00000000000076e6       0x1c contiki-sky.a(timer.o)
                0x00000000000076e6                timer_set
 .text.timer_reset
                0x0000000000007702        0xe contiki-sky.a(timer.o)
                0x0000000000007702                timer_reset
 .text.timer_expired
                0x0000000000007710       0x2a contiki-sky.a(timer.o)
                0x0000000000007710                timer_expired
 .text.process_thread_serial_line_process
                0x000000000000773a       0x9e contiki-sky.a(serial-line.o)
 .text.serial_line_input_byte
                0x00000000000077d8       0x4a contiki-sky.a(serial-line.o)
                0x00000000000077d8                serial_line_input_byte
 .text.serial_line_init
                0x0000000000007822       0x1c contiki-sky.a(serial-line.o)
                0x0000000000007822                serial_line_init
 .text.list_init
                0x000000000000783e        0x6 contiki-sky.a(list.o)
                0x000000000000783e                list_init
 .text.list_head
                0x0000000000007844        0x4 contiki-sky.a(list.o)
                0x0000000000007844                list_head
 .text.list_tail
                0x0000000000007848       0x12 contiki-sky.a(list.o)
                0x0000000000007848                list_tail
 .text.list_remove
                0x000000000000785a       0x34 contiki-sky.a(list.o)
                0x000000000000785a                list_remove
 .text.list_push
                0x000000000000788e       0x1a contiki-sky.a(list.o)
                0x000000000000788e                list_push
 .text.list_add
                0x00000000000078a8       0x2a contiki-sky.a(list.o)
                0x00000000000078a8                list_add
 .text.list_length
                0x00000000000078d2       0x10 contiki-sky.a(list.o)
                0x00000000000078d2                list_length
 .text.list_item_next
                0x00000000000078e2        0xc contiki-sky.a(list.o)
                0x00000000000078e2                list_item_next
 .text.random_init
                0x00000000000078ee        0x6 contiki-sky.a(random.o)
                0x00000000000078ee                random_init
 .text.random_rand
                0x00000000000078f4        0x6 contiki-sky.a(random.o)
                0x00000000000078f4                random_rand
 .text.ringbuf_init
                0x00000000000078fa       0x14 contiki-sky.a(ringbuf.o)
                0x00000000000078fa                ringbuf_init
 .text.ringbuf_put
                0x000000000000790e       0x38 contiki-sky.a(ringbuf.o)
                0x000000000000790e                ringbuf_put
 .text.ringbuf_get
                0x0000000000007946       0x32 contiki-sky.a(ringbuf.o)
                0x0000000000007946                ringbuf_get
 .text.input    0x0000000000007978       0x3a contiki-sky.a(rime.o)
 .text.init     0x00000000000079b2       0x2e contiki-sky.a(rime.o)
 .text.packet_sent
                0x00000000000079e0       0x44 contiki-sky.a(rime.o)
 .text.rime_output
                0x0000000000007a24       0x24 contiki-sky.a(rime.o)
                0x0000000000007a24                rime_output
 .text.input_packet
                0x0000000000007a48        0x6 contiki-sky.a(csma.o)
 .text.on       0x0000000000007a4e        0x6 contiki-sky.a(csma.o)
 .text.off      0x0000000000007a54        0x6 contiki-sky.a(csma.o)
 .text.channel_check_interval
                0x0000000000007a5a       0x10 contiki-sky.a(csma.o)
 .text.transmit_packet_list
                0x0000000000007a6a       0x24 contiki-sky.a(csma.o)
 .text.free_packet
                0x0000000000007a8e       0xa4 contiki-sky.a(csma.o)
 .text.init     0x0000000000007b32       0x1a contiki-sky.a(csma.o)
 .text.send_packet
                0x0000000000007b4c      0x184 contiki-sky.a(csma.o)
 .text.packet_sent
                0x0000000000007cd0      0x132 contiki-sky.a(csma.o)
 .text.mac_call_sent_callback
                0x0000000000007e02       0x14 contiki-sky.a(mac.o)
                0x0000000000007e02                mac_call_sent_callback
 .text.linkaddr_copy
                0x0000000000007e16        0xc contiki-sky.a(linkaddr.o)
                0x0000000000007e16                linkaddr_copy
 .text.linkaddr_cmp
                0x0000000000007e22       0x12 contiki-sky.a(linkaddr.o)
                0x0000000000007e22                linkaddr_cmp
 .text.linkaddr_set_node_addr
                0x0000000000007e34        0xc contiki-sky.a(linkaddr.o)
                0x0000000000007e34                linkaddr_set_node_addr
 .text.packetbuf_compact
                0x0000000000007e40       0x2e contiki-sky.a(packetbuf.o)
                0x0000000000007e40                packetbuf_compact
 .text.packetbuf_copyto
                0x0000000000007e6e       0x52 contiki-sky.a(packetbuf.o)
                0x0000000000007e6e                packetbuf_copyto
 .text.packetbuf_hdrreduce
                0x0000000000007ec0       0x1a contiki-sky.a(packetbuf.o)
                0x0000000000007ec0                packetbuf_hdrreduce
 .text.packetbuf_set_datalen
                0x0000000000007eda        0x6 contiki-sky.a(packetbuf.o)
                0x0000000000007eda                packetbuf_set_datalen
 .text.packetbuf_dataptr
                0x0000000000007ee0        0xe contiki-sky.a(packetbuf.o)
                0x0000000000007ee0                packetbuf_dataptr
 .text.packetbuf_hdrptr
                0x0000000000007eee        0xa contiki-sky.a(packetbuf.o)
                0x0000000000007eee                packetbuf_hdrptr
 .text.packetbuf_datalen
                0x0000000000007ef8        0x6 contiki-sky.a(packetbuf.o)
                0x0000000000007ef8                packetbuf_datalen
 .text.packetbuf_hdrlen
                0x0000000000007efe       0x10 contiki-sky.a(packetbuf.o)
                0x0000000000007efe                packetbuf_hdrlen
 .text.packetbuf_totlen
                0x0000000000007f0e        0xc contiki-sky.a(packetbuf.o)
                0x0000000000007f0e                packetbuf_totlen
 .text.packetbuf_hdralloc
                0x0000000000007f1a       0x2e contiki-sky.a(packetbuf.o)
                0x0000000000007f1a                packetbuf_hdralloc
 .text.packetbuf_attr_clear
                0x0000000000007f48       0x2c contiki-sky.a(packetbuf.o)
                0x0000000000007f48                packetbuf_attr_clear
 .text.packetbuf_clear
                0x0000000000007f74       0x1a contiki-sky.a(packetbuf.o)
                0x0000000000007f74                packetbuf_clear
 .text.packetbuf_copyfrom
                0x0000000000007f8e       0x2e contiki-sky.a(packetbuf.o)
                0x0000000000007f8e                packetbuf_copyfrom
 .text.packetbuf_attr_copyto
                0x0000000000007fbc       0x20 contiki-sky.a(packetbuf.o)
                0x0000000000007fbc                packetbuf_attr_copyto
 .text.packetbuf_attr_copyfrom
                0x0000000000007fdc       0x22 contiki-sky.a(packetbuf.o)
                0x0000000000007fdc                packetbuf_attr_copyfrom
 .text.packetbuf_holds_broadcast
                0x0000000000007ffe        0xe contiki-sky.a(packetbuf.o)
                0x0000000000007ffe                packetbuf_holds_broadcast
 .text.queuebuf_init
                0x000000000000800c       0x12 contiki-sky.a(queuebuf.o)
                0x000000000000800c                queuebuf_init
 .text.queuebuf_new_from_packetbuf
                0x000000000000801e       0x52 contiki-sky.a(queuebuf.o)
                0x000000000000801e                queuebuf_new_from_packetbuf
 .text.queuebuf_update_attr_from_packetbuf
                0x0000000000008070       0x12 contiki-sky.a(queuebuf.o)
                0x0000000000008070                queuebuf_update_attr_from_packetbuf
 .text.queuebuf_update_from_packetbuf
                0x0000000000008082       0x22 contiki-sky.a(queuebuf.o)
                0x0000000000008082                queuebuf_update_from_packetbuf
 .text.queuebuf_free
                0x00000000000080a4       0x2a contiki-sky.a(queuebuf.o)
                0x00000000000080a4                queuebuf_free
 .text.queuebuf_to_packetbuf
                0x00000000000080ce       0x32 contiki-sky.a(queuebuf.o)
                0x00000000000080ce                queuebuf_to_packetbuf
 .text.queuebuf_attr
                0x0000000000008100        0xe contiki-sky.a(queuebuf.o)
                0x0000000000008100                queuebuf_attr
 .text.rtimer_arch_now
                0x000000000000810e       0x20 contiki-sky.a(contikimac.o)
 .text.duty_cycle
                0x000000000000812e        0x6 contiki-sky.a(contikimac.o)
 .text.init     0x0000000000008134       0x2a contiki-sky.a(contikimac.o)
 .text.on       0x000000000000815e       0x1a contiki-sky.a(contikimac.o)
 .text.off      0x0000000000008178       0x22 contiki-sky.a(contikimac.o)
 .text.recv_burst_off
                0x000000000000819a        0xa contiki-sky.a(contikimac.o)
 .text.turn_off
                0x00000000000081a4       0x20 contiki-sky.a(contikimac.o)
 .text.turn_on  0x00000000000081c4       0x30 contiki-sky.a(contikimac.o)
 .text.schedule_powercycle_fixed.part.4
                0x00000000000081f4       0x34 contiki-sky.a(contikimac.o)
 .text.powercycle_turn_radio_off
                0x0000000000008228       0x30 contiki-sky.a(contikimac.o)
 .text.input_packet
                0x0000000000008258       0xb6 contiki-sky.a(contikimac.o)
 .text.send_packet.isra.7
                0x000000000000830e      0x20c contiki-sky.a(contikimac.o)
 .text.qsend_list
                0x000000000000851a       0xc6 contiki-sky.a(contikimac.o)
 .text.qsend_packet
                0x00000000000085e0       0x28 contiki-sky.a(contikimac.o)
 .text.powercycle
                0x0000000000008608      0x1d6 contiki-sky.a(contikimac.o)
 .text.init     0x00000000000087de        0x2 contiki-sky.a(nullsec.o)
 .text.send     0x00000000000087e0        0xa contiki-sky.a(nullsec.o)
 .text.input    0x00000000000087ea        0x6 contiki-sky.a(nullsec.o)
 .text.spi_init
                0x00000000000087f0       0x30 contiki-sky.a(spi.o)
                0x00000000000087f0                spi_init
 .text.rtimer_arch_now
                0x0000000000008820       0x20 contiki-sky.a(rtimer-arch.o)
 .text.timera0  0x0000000000008840       0x70 contiki-sky.a(rtimer-arch.o)
                0x0000000000008840                __isr_6
                0x0000000000008840                timera0
 .text.rtimer_arch_init
                0x00000000000088b0        0xe contiki-sky.a(rtimer-arch.o)
                0x00000000000088b0                rtimer_arch_init
 .text.rtimer_arch_schedule
                0x00000000000088be        0x6 contiki-sky.a(rtimer-arch.o)
                0x00000000000088be                rtimer_arch_schedule
 .text.compower_accumulate
                0x00000000000088c4       0x72 contiki-sky.a(compower.o)
                0x00000000000088c4                compower_accumulate
 .text.compower_clear
                0x0000000000008936       0x12 contiki-sky.a(compower.o)
                0x0000000000008936                compower_clear
 .text.compower_attrconv
                0x0000000000008948       0x10 contiki-sky.a(compower.o)
                0x0000000000008948                compower_attrconv
 .text.memb_init
                0x0000000000008958       0x36 contiki-sky.a(memb.o)
                0x0000000000008958                memb_init
 .text.memb_alloc
                0x000000000000898e       0x3e contiki-sky.a(memb.o)
                0x000000000000898e                memb_alloc
 .text.memb_free
                0x00000000000089cc       0x3a contiki-sky.a(memb.o)
                0x00000000000089cc                memb_free
 .text.memb_inmemb
                0x0000000000008a06       0x2a contiki-sky.a(memb.o)
                0x0000000000008a06                memb_inmemb
 .text.abc_open
                0x0000000000008a30       0x26 contiki-sky.a(abc.o)
                0x0000000000008a30                abc_open
 .text.abc_send
                0x0000000000008a56        0x6 contiki-sky.a(abc.o)
                0x0000000000008a56                abc_send
 .text.abc_input
                0x0000000000008a5c        0xe contiki-sky.a(abc.o)
                0x0000000000008a5c                abc_input
 .text.abc_sent
                0x0000000000008a6a       0x10 contiki-sky.a(abc.o)
                0x0000000000008a6a                abc_sent
 .text.announcement_init
                0x0000000000008a7a        0xa contiki-sky.a(announcement.o)
                0x0000000000008a7a                announcement_init
 .text.announcement_register_observer_callback
                0x0000000000008a84        0x6 contiki-sky.a(announcement.o)
                0x0000000000008a84                announcement_register_observer_callback
 .text.announcement_list
                0x0000000000008a8a        0xa contiki-sky.a(announcement.o)
                0x0000000000008a8a                announcement_list
 .text.announcement_heard
                0x0000000000008a94       0x42 contiki-sky.a(announcement.o)
                0x0000000000008a94                announcement_heard
 .text.adv_packet_sent
                0x0000000000008ad6        0x2 contiki-sky.a(broadcast-annou)
 .text.adv_packet_received
                0x0000000000008ad8       0x64 contiki-sky.a(broadcast-annou)
 .text.set_timers
                0x0000000000008b3c       0x4a contiki-sky.a(broadcast-annou)
 .text.send_timer
                0x0000000000008b86       0x32 contiki-sky.a(broadcast-annou)
 .text.send_adv
                0x0000000000008bb8       0x66 contiki-sky.a(broadcast-annou)
 .text.new_announcement
                0x0000000000008c1e       0x18 contiki-sky.a(broadcast-annou)
 .text.broadcast_announcement_init
                0x0000000000008c36       0x48 contiki-sky.a(broadcast-annou)
                0x0000000000008c36                broadcast_announcement_init
 .text.sent_by_abc
                0x0000000000008c7e       0x10 contiki-sky.a(broadcast.o)
 .text.recv_from_abc
                0x0000000000008c8e       0x26 contiki-sky.a(broadcast.o)
 .text.broadcast_open
                0x0000000000008cb4       0x2a contiki-sky.a(broadcast.o)
                0x0000000000008cb4                broadcast_open
 .text.broadcast_send
                0x0000000000008cde       0x1a contiki-sky.a(broadcast.o)
                0x0000000000008cde                broadcast_send
 .text.chameleon_init
                0x0000000000008cf8        0x6 contiki-sky.a(chameleon.o)
                0x0000000000008cf8                chameleon_init
 .text.chameleon_parse
                0x0000000000008cfe       0x10 contiki-sky.a(chameleon.o)
                0x0000000000008cfe                chameleon_parse
 .text.chameleon_create
                0x0000000000008d0e       0x1c contiki-sky.a(chameleon.o)
                0x0000000000008d0e                chameleon_create
 .text.chameleon_hdrsize
                0x0000000000008d2a        0x6 contiki-sky.a(chameleon.o)
                0x0000000000008d2a                chameleon_hdrsize
 .text.channel_init
                0x0000000000008d30        0xa contiki-sky.a(channel.o)
                0x0000000000008d30                channel_init
 .text.channel_open
                0x0000000000008d3a       0x10 contiki-sky.a(channel.o)
                0x0000000000008d3a                channel_open
 .text.channel_lookup
                0x0000000000008d4a       0x20 contiki-sky.a(channel.o)
                0x0000000000008d4a                channel_lookup
 .text.channel_set_attributes
                0x0000000000008d6a       0x24 contiki-sky.a(channel.o)
                0x0000000000008d6a                channel_set_attributes
 .text.mac_sequence_is_duplicate
                0x0000000000008d8e       0x3c contiki-sky.a(mac-sequence.o)
                0x0000000000008d8e                mac_sequence_is_duplicate
 .text.mac_sequence_register_seqno
                0x0000000000008dca       0x5c contiki-sky.a(mac-sequence.o)
                0x0000000000008dca                mac_sequence_register_seqno
 .text.hdr_length
                0x0000000000008e26        0x8 contiki-sky.a(contikimac-fram)
 .text.parse    0x0000000000008e2e       0x3a contiki-sky.a(contikimac-fram)
 .text.create   0x0000000000008e68       0x74 contiki-sky.a(contikimac-fram)
 .text.header_size
                0x0000000000008edc       0x16 contiki-sky.a(chameleon-bitop)
 .text.get_bits_in_byte
                0x0000000000008ef2       0x3a contiki-sky.a(chameleon-bitop)
                0x0000000000008ef2                get_bits_in_byte
 .text.get_bits
                0x0000000000008f2c       0xa2 contiki-sky.a(chameleon-bitop)
                0x0000000000008f2c                get_bits
 .text.unpack_header
                0x0000000000008fce       0xd2 contiki-sky.a(chameleon-bitop)
 .text.set_bits_in_byte
                0x00000000000090a0       0x2c contiki-sky.a(chameleon-bitop)
                0x00000000000090a0                set_bits_in_byte
 .text.set_bits
                0x00000000000090cc       0xc8 contiki-sky.a(chameleon-bitop)
                0x00000000000090cc                set_bits
 .text.pack_header
                0x0000000000009194       0xbe contiki-sky.a(chameleon-bitop)
 .text.create_frame.isra.0
                0x0000000000009252      0x104 contiki-sky.a(framer-802154.o)
 .text.create   0x0000000000009356        0x8 contiki-sky.a(framer-802154.o)
 .text.hdr_length
                0x000000000000935e        0x8 contiki-sky.a(framer-802154.o)
 .text.parse    0x0000000000009366       0xa4 contiki-sky.a(framer-802154.o)
 .text.field_len
                0x000000000000940a       0x90 contiki-sky.a(frame802154.o)
 .text.frame802154_hdrlen
                0x000000000000949a       0x2e contiki-sky.a(frame802154.o)
                0x000000000000949a                frame802154_hdrlen
 .text.frame802154_create
                0x00000000000094c8      0x146 contiki-sky.a(frame802154.o)
                0x00000000000094c8                frame802154_create
 .text.frame802154_parse
                0x000000000000960e      0x1ba contiki-sky.a(frame802154.o)
                0x000000000000960e                frame802154_parse
 .text.libgcc   0x00000000000097c8       0x2c /usr/local/Cellar/msp430-gcc/4.7.0/lib/gcc/msp430/4.7.0/mmpy-16/libgcc.a(_mulsi3.o)
                0x00000000000097c8                __mulsi3
 .text.libgcc   0x00000000000097f4       0x40 /usr/local/Cellar/msp430-gcc/4.7.0/lib/gcc/msp430/4.7.0/mmpy-16/libgcc.a(_udivmod32.o)
                0x00000000000097f4                __udivsi3
                0x00000000000097f4                __ext_udivmod32
                0x000000000000982a                __umodsi3
 .text.printf   0x0000000000009834       0x10 /usr/local/Cellar/msp430-gcc/4.7.0/lib/gcc/msp430/4.7.0/../../../../msp430/lib/mmpy-16/libc.a(printf.o)
                0x0000000000009834                printf
 .text.print_field
                0x0000000000009844      0x194 /usr/local/Cellar/msp430-gcc/4.7.0/lib/gcc/msp430/4.7.0/../../../../msp430/lib/mmpy-16/libc.a(vuprintf.o)
 .text.vuprintf
                0x00000000000099d8      0x63c /usr/local/Cellar/msp430-gcc/4.7.0/lib/gcc/msp430/4.7.0/../../../../msp430/lib/mmpy-16/libc.a(vuprintf.o)
                0x00000000000099d8                vuprintf
 .text.rand     0x000000000000a014       0x26 /usr/local/Cellar/msp430-gcc/4.7.0/lib/gcc/msp430/4.7.0/../../../../msp430/lib/mmpy-16/libc.a(rand.o)
                0x000000000000a014                rand
 .text.srand    0x000000000000a03a        0xa /usr/local/Cellar/msp430-gcc/4.7.0/lib/gcc/msp430/4.7.0/../../../../msp430/lib/mmpy-16/libc.a(rand.o)
                0x000000000000a03a                srand
 .text.memcmp   0x000000000000a044       0x30 /usr/local/Cellar/msp430-gcc/4.7.0/lib/gcc/msp430/4.7.0/../../../../msp430/lib/mmpy-16/libc.a(memcmp.o)
                0x000000000000a044                memcmp
 .text.memcpy   0x000000000000a074       0xfa /usr/local/Cellar/msp430-gcc/4.7.0/lib/gcc/msp430/4.7.0/../../../../msp430/lib/mmpy-16/libc.a(memcpy.o)
                0x000000000000a074                memcpy
 .text.memset   0x000000000000a16e       0x6a /usr/local/Cellar/msp430-gcc/4.7.0/lib/gcc/msp430/4.7.0/../../../../msp430/lib/mmpy-16/libc.a(memset.o)
                0x000000000000a16e                memset
 .text.libgcc   0x000000000000a1d8       0x22 /usr/local/Cellar/msp430-gcc/4.7.0/lib/gcc/msp430/4.7.0/mmpy-16/libgcc.a(_udivmod16.o)
                0x000000000000a1d8                __udivhi3
                0x000000000000a1d8                __ext_udivmod16
                0x000000000000a1f2                __umodhi3
 .text.libgcc   0x000000000000a1fa       0xf0 /usr/local/Cellar/msp430-gcc/4.7.0/lib/gcc/msp430/4.7.0/mmpy-16/libgcc.a(_udivmod64.o)
                0x000000000000a1fa                __xabi_udivmod64
                0x000000000000a258                __udivdi3
                0x000000000000a27e                __umoddi3
                0x000000000000a2ac                __udivmoddi4
 .text.crt0     0x000000000000a2ea        0x2 /usr/local/Cellar/msp430-gcc/4.7.0/lib/gcc/msp430/4.7.0/mmpy-16/libcrt0.a(_unexpected_.o)
                0x000000000000a2ea                _unexpected_
 *(.near.text .near.text.*)

.rodata         0x000000000000a2ec      0x183
                0x000000000000a2ec                . = ALIGN (0x2)
 *(.rodata .rodata.* .gnu.linkonce.r.*)
 .rodata        0x000000000000a2ec       0x28 hello-world.co
                0x000000000000a2fc                autostart_processes
 .rodata        0x000000000000a314        0xf obj_sky/contiki-sky-main.o
 *fill*         0x000000000000a323        0x1 00
 .rodata        0x000000000000a324       0x10 contiki-sky.a(button-sensor.o)
                0x000000000000a32c                button_sensor
 .rodata        0x000000000000a334        0x8 contiki-sky.a(sensors.o)
 .rodata.get_value
                0x000000000000a33c       0x1c contiki-sky.a(cc2420.o)
 .rodata        0x000000000000a358       0x3e contiki-sky.a(cc2420.o)
                0x000000000000a358                cc2420_aes_128_driver
                0x000000000000a35c                cc2420_driver
 .rodata        0x000000000000a396       0x2f contiki-sky.a(watchdog.o)
 .rodata        0x000000000000a3c5        0xf contiki-sky.a(ctimer.o)
 .rodata        0x000000000000a3d4        0xc contiki-sky.a(etimer.o)
 .rodata        0x000000000000a3e0        0xe contiki-sky.a(serial-line.o)
 .rodata        0x000000000000a3ee        0xc contiki-sky.a(rime.o)
                0x000000000000a3f4                rime_driver
 .rodata        0x000000000000a3fa       0x14 contiki-sky.a(csma.o)
                0x000000000000a400                csma_driver
 .rodata        0x000000000000a40e        0x2 contiki-sky.a(linkaddr.o)
                0x000000000000a40e                linkaddr_null
 .rodata        0x000000000000a410       0x1c contiki-sky.a(contikimac.o)
                0x000000000000a41c                contikimac_driver
 .rodata        0x000000000000a42c       0x10 contiki-sky.a(nullsec.o)
                0x000000000000a434                nullsec_driver
 .rodata        0x000000000000a43c        0x2 contiki-sky.a(abc.o)
 .rodata        0x000000000000a43e        0x4 contiki-sky.a(broadcast-annou)
 .rodata        0x000000000000a442        0x8 contiki-sky.a(broadcast.o)
 .rodata        0x000000000000a44a        0x6 contiki-sky.a(contikimac-fram)
                0x000000000000a44a                contikimac_framer
 .rodata        0x000000000000a450       0x10 contiki-sky.a(chameleon-bitop)
                0x000000000000a450                chameleon_bitopt
 .rodata        0x000000000000a460        0x6 contiki-sky.a(framer-802154.o)
                0x000000000000a460                framer_802154
 .rodata        0x000000000000a466        0x2 contiki-sky.a(frame802154.o)
 .rodata.vuprintf
                0x000000000000a468        0x7 /usr/local/Cellar/msp430-gcc/4.7.0/lib/gcc/msp430/4.7.0/../../../../msp430/lib/mmpy-16/libc.a(vuprintf.o)
 *(.near.rodata .near.rodata.*)
                0x000000000000a470                . = ALIGN (0x2)
                0x000000000000a470                _etext = .

.data           0x0000000000001100       0x70 load address 0x000000000000a470
                0x0000000000001100                . = ALIGN (0x2)
                0x0000000000001100                __data_start = .
 *(.data .data.* .gnu.linkonce.d.*)
 .data          0x0000000000001100        0xa hello-world.co
                0x0000000000001100                hello_world_process
 .data          0x000000000000110a        0x4 contiki-sky.a(contiki-sky-pla)
                0x000000000000110a                sensors
 .data          0x000000000000110e        0xa contiki-sky.a(sensors.o)
                0x000000000000110e                sensors_process
 .data          0x0000000000001118        0xc contiki-sky.a(cc2420.o)
                0x000000000000111a                cc2420_process
 .data          0x0000000000001124        0x2 contiki-sky.a(msp430.o)
 .data          0x0000000000001126        0xa contiki-sky.a(ctimer.o)
                0x0000000000001126                ctimer_process
 .data          0x0000000000001130        0xa contiki-sky.a(etimer.o)
                0x0000000000001130                etimer_process
 .data          0x000000000000113a        0xa contiki-sky.a(serial-line.o)
                0x000000000000113a                serial_line_process
 .data          0x0000000000001144       0x18 contiki-sky.a(csma.o)
 .data          0x000000000000115c       0x10 contiki-sky.a(queuebuf.o)
 .data.next     0x000000000000116c        0x4 /usr/local/Cellar/msp430-gcc/4.7.0/lib/gcc/msp430/4.7.0/../../../../msp430/lib/mmpy-16/libc.a(rand.o)
 *(.near.data .near.data.*)
                0x0000000000001170                . = ALIGN (0x2)
                0x0000000000001170                _edata = .
                0x000000000000a470                __data_load_start = LOADADDR (.data)
                0x0000000000000070                __data_size = SIZEOF (.data)

.bss            0x0000000000001170     0x11b2 load address 0x000000000000a4e0
                0x0000000000001170                __bss_start = .
 *(.bss .bss.*)
 .bss           0x0000000000001170        0x2 hello-world.co
 .bss           0x0000000000001172        0xc obj_sky/contiki-sky-main.o
 .bss           0x000000000000117e        0x8 contiki-sky.a(button-sensor.o)
 .bss           0x0000000000001186        0x2 contiki-sky.a(node-id.o)
                0x0000000000001186                node_id
 .bss           0x0000000000001188        0x6 contiki-sky.a(sensors.o)
 .bss           0x000000000000118e        0x8 contiki-sky.a(cc2420.o)
 .bss           0x0000000000001196       0x9a contiki-sky.a(uart1.o)
 .bss           0x0000000000001230        0xa contiki-sky.a(clock.o)
 .bss           0x000000000000123a        0x1 contiki-sky.a(leds.o)
 *fill*         0x000000000000123b        0x1 00
 .bss           0x000000000000123c        0x6 contiki-sky.a(watchdog.o)
 .bss           0x0000000000001242        0x4 contiki-sky.a(ctimer.o)
 .bss           0x0000000000001246        0x6 contiki-sky.a(etimer.o)
 .bss           0x000000000000124c       0x42 contiki-sky.a(process.o)
                0x000000000000124c                process_current
                0x000000000000124e                process_list
 .bss           0x000000000000128e        0x2 contiki-sky.a(rtimer.o)
 .bss           0x0000000000001290      0x10a contiki-sky.a(serial-line.o)
 .bss           0x000000000000139a        0x2 contiki-sky.a(rime.o)
 .bss           0x000000000000139c      0x128 contiki-sky.a(csma.o)
 .bss           0x00000000000014c4       0xb8 contiki-sky.a(packetbuf.o)
 .bss           0x000000000000157c      0xc20 contiki-sky.a(queuebuf.o)
 .bss           0x000000000000219c       0x32 contiki-sky.a(contikimac.o)
 .bss           0x00000000000021ce        0x8 contiki-sky.a(compower.o)
 .bss           0x00000000000021d6        0x6 contiki-sky.a(announcement.o)
 .bss           0x00000000000021dc       0x46 contiki-sky.a(broadcast-annou)
 .bss           0x0000000000002222        0x2 contiki-sky.a(channel.o)
 .bss           0x0000000000002224       0x40 contiki-sky.a(mac-sequence.o)
 .bss           0x0000000000002264        0x2 contiki-sky.a(framer-802154.o)
 *(.near.bss .near.bss.*)
 *(COMMON)
 COMMON         0x0000000000002266        0x2 contiki-sky.a(contiki-sky-pla)
                0x0000000000002266                sensors_flags
 COMMON         0x0000000000002268        0x8 contiki-sky.a(ds2411.o)
                0x0000000000002268                ds2411_id
 COMMON         0x0000000000002270        0x1 contiki-sky.a(sensors.o)
                0x0000000000002270                sensors_event
 *fill*         0x0000000000002271        0x1 00
 COMMON         0x0000000000002272       0x10 contiki-sky.a(cc2420.o)
                0x0000000000002272                cc2420_last_rssi
                0x0000000000002274                cc2420_sfd_start_time
                0x0000000000002276                cc2420_time_of_departure
                0x0000000000002278                cc2420_time_of_arrival
                0x000000000000227a                cc2420_last_correlation
                0x000000000000227b                radio_last_correlation
                0x000000000000227c                cc2420_authority_level_of_sender
                0x000000000000227e                radio_last_rssi
                0x000000000000227f                cc2420_sfd_counter
                0x0000000000002280                cc2420_sfd_end_time
 COMMON         0x0000000000002282        0x2 contiki-sky.a(msp430.o)
                0x0000000000002282                msp430_dco_required
 COMMON         0x0000000000002284       0x56 contiki-sky.a(energest.o)
                0x0000000000002284                energest_total_time
                0x00000000000022b4                energest_total_count
                0x00000000000022b6                energest_current_mode
                0x00000000000022c2                energest_current_time
 COMMON         0x00000000000022da        0x1 contiki-sky.a(process.o)
                0x00000000000022da                process_maxevents
 COMMON         0x00000000000022db        0x1 contiki-sky.a(serial-line.o)
                0x00000000000022db                serial_line_event_message
 COMMON         0x00000000000022dc        0x2 contiki-sky.a(linkaddr.o)
                0x00000000000022dc                linkaddr_node_addr
 COMMON         0x00000000000022de       0x3c contiki-sky.a(packetbuf.o)
                0x00000000000022de                packetbuf_addrs
                0x00000000000022e6                packetbuf_attrs
 COMMON         0x000000000000231a        0x8 contiki-sky.a(compower.o)
                0x000000000000231a                compower_idle_activity
                0x0000000000002322                . = ALIGN (0x2)
                0x0000000000002322                __bss_end = .
                0x00000000000011b2                __bss_size = SIZEOF (.bss)

.noinit         0x0000000000002322        0x2 load address 0x000000000000a4e0
                0x0000000000002322                . = ALIGN (0x2)
                0x0000000000002322                __noinit_start = .
 *(.noinit .noinit.*)
 .noinit.crt0   0x0000000000002322        0x2 /usr/local/Cellar/msp430-gcc/4.7.0/lib/gcc/msp430/4.7.0/mmpy-16/libcrt0.a(__watchdog_support.o)
                0x0000000000002322                __wdt_clear_value
                0x0000000000002324                . = ALIGN (0x2)
                0x0000000000002324                __noinit_end = .
                0x0000000000002324                . = ALIGN (0x2)
                0x0000000000002324                _end = .

.infomem        0x0000000000001000        0x0
                0x0000000000001000                . = ALIGN (0x2)
 *(.infomem .infomem.*)

.infomemnobits  0x0000000000001000        0x0
                0x0000000000001000                . = ALIGN (0x2)
 *(.infomemnobits .infomemnobits.*)

.infoa          0x0000000000001080        0x0
                0x0000000000001080                . = ALIGN (0x2)
 *(.infoa .infoa.*)

.infob          0x0000000000001000        0x0
                0x0000000000001000                . = ALIGN (0x2)
 *(.infob .infob.*)

.infoc          0x0000000000000000        0x0
                0x0000000000000000                . = ALIGN (0x2)
 *(.infoc .infoc.*)

.infod          0x0000000000000000        0x0
                0x0000000000000000                . = ALIGN (0x2)
 *(.infod .infod.*)
                0x000000000000ffff                PROVIDE (__vte_0, 0xffff)
                0x000000000000ffff                PROVIDE (__vte_1, 0xffff)
                0x000000000000ffff                PROVIDE (__vte_2, 0xffff)
                0x000000000000ffff                PROVIDE (__vte_3, 0xffff)
                0x000000000000ffff                PROVIDE (__vte_4, 0xffff)
                0x000000000000ffff                PROVIDE (__vte_5, 0xffff)
                0x000000000000ffff                PROVIDE (__vte_6, 0xffff)
                0x000000000000ffff                PROVIDE (__vte_7, 0xffff)
                0x000000000000ffff                PROVIDE (__vte_8, 0xffff)
                0x000000000000ffff                PROVIDE (__vte_9, 0xffff)
                0x000000000000ffff                PROVIDE (__vte_10, 0xffff)
                0x000000000000ffff                PROVIDE (__vte_11, 0xffff)
                0x000000000000ffff                PROVIDE (__vte_12, 0xffff)
                0x000000000000ffff                PROVIDE (__vte_13, 0xffff)
                0x000000000000ffff                PROVIDE (__vte_14, 0xffff)
                0x000000000000ffff                PROVIDE (__vte_15, 0xffff)
                0x000000000000ffff                PROVIDE (__vte_16, 0xffff)
                0x000000000000ffff                PROVIDE (__vte_17, 0xffff)
                0x000000000000ffff                PROVIDE (__vte_18, 0xffff)
                0x000000000000ffff                PROVIDE (__vte_19, 0xffff)
                0x000000000000ffff                PROVIDE (__vte_20, 0xffff)
                0x000000000000ffff                PROVIDE (__vte_21, 0xffff)
                0x000000000000ffff                PROVIDE (__vte_22, 0xffff)
                0x000000000000ffff                PROVIDE (__vte_23, 0xffff)
                0x000000000000ffff                PROVIDE (__vte_24, 0xffff)
                0x000000000000ffff                PROVIDE (__vte_25, 0xffff)
                0x000000000000ffff                PROVIDE (__vte_26, 0xffff)
                0x000000000000ffff                PROVIDE (__vte_27, 0xffff)
                0x000000000000ffff                PROVIDE (__vte_28, 0xffff)
                0x000000000000ffff                PROVIDE (__vte_29, 0xffff)
                0x000000000000ffff                PROVIDE (__vte_30, 0xffff)
                0x000000000000ffff                PROVIDE (__vte_31, 0xffff)

.vectors        0x000000000000ffe0       0x20
                0x000000000000ffe0                __vectors_start = .
 *(.vectors*)
 .vectors       0x000000000000ffe0       0x20 /usr/local/Cellar/msp430-gcc/4.7.0/lib/gcc/msp430/4.7.0/mmpy-16/crt0ivtbl16.o
                0x000000000000ffe0                __ivtbl_16
                0x0000000000010000                _vectors_end = .

.fartext        0x0000000000000000        0x0
                0x0000000000000000                . = ALIGN (0x2)
 *(.fartext .fartext.*)

.far.text       0x0000000000000000        0x0
                0x0000000000000000                . = ALIGN (0x2)
 *(.far.text .far.text.*)

.far.rodata     0x0000000000000000        0x0
                0x0000000000000000                . = ALIGN (0x2)
 *(.far.rodata .far.rodata.*)
                0x0000000000000000                . = ALIGN (0x2)
                0x0000000000000000                _efartext = .

.far.data       0x0000000000000000        0x0
                0x0000000000000000                . = ALIGN (0x2)
                0x0000000000000000                __far_data_start = .
 *(.far.data .far.data.*)
                0x0000000000000000                . = ALIGN (0x2)
                0x0000000000000000                _efardata = .
                0x0000000000000000                __far_data_load_start = LOADADDR (.far.data)
                0x0000000000000000                __far_data_size = SIZEOF (.far.data)

.far.bss        0x0000000000000000        0x0
                0x0000000000000000                . = ALIGN (0x2)
                0x0000000000000000                __far_bss_start = .
 *(.far.bss .far.bss.*)
                0x0000000000000000                . = ALIGN (0x2)
                0x0000000000000000                __far_bss_end = .
                0x0000000000000000                __far_bss_size = SIZEOF (.far.bss)
                0x0000000000000000                . = ALIGN (0x2)
                0x0000000000000000                _far_end = .

.profiler
 *(.profiler)

.stab           0x0000000000000000    0x1aa6c
 *(.stab)
 .stab          0x0000000000000000      0x960 hello-world.co
 .stab          0x0000000000000960     0x1500 obj_sky/contiki-sky-main.o
                                       0x192c (size before relaxing)
 .stab          0x0000000000001e60      0x264 contiki-sky.a(contiki-sky-pla)
                                        0x5e8 (size before relaxing)
 .stab          0x00000000000020c4      0x534 contiki-sky.a(button-sensor.o)
                                        0x8d0 (size before relaxing)
 .stab          0x00000000000025f8      0x630 contiki-sky.a(ds2411.o)
                                        0xb70 (size before relaxing)
 .stab          0x0000000000002c28      0xaa4 contiki-sky.a(xmem.o)
                                        0xffc (size before relaxing)
 .stab          0x00000000000036cc      0x2b8 contiki-sky.a(node-id.o)
                                        0x4e0 (size before relaxing)
 .stab          0x0000000000003984      0x6a8 contiki-sky.a(sensors.o)
                                        0xbf4 (size before relaxing)
 .stab          0x000000000000402c     0x2d78 contiki-sky.a(cc2420.o)
                                       0x381c (size before relaxing)
 .stab          0x0000000000006da4      0xc0c contiki-sky.a(cc2420-arch.o)
                                       0x15a8 (size before relaxing)
 .stab          0x00000000000079b0      0x60c contiki-sky.a(uart1.o)
                                        0x990 (size before relaxing)
 .stab          0x0000000000007fbc      0xbc4 contiki-sky.a(msp430.o)
                                        0xf48 (size before relaxing)
 .stab          0x0000000000008b80      0x9fc contiki-sky.a(clock.o)
                                        0xd80 (size before relaxing)
 .stab          0x000000000000957c      0x690 contiki-sky.a(leds.o)
                                        0xa14 (size before relaxing)
 .stab          0x0000000000009c0c      0x384 contiki-sky.a(leds-arch.o)
                                        0x708 (size before relaxing)
 .stab          0x0000000000009f90      0x660 contiki-sky.a(watchdog.o)
                                        0x9e4 (size before relaxing)
 .stab          0x000000000000a5f0      0x294 contiki-sky.a(autostart.o)
                                        0x534 (size before relaxing)
 .stab          0x000000000000a884      0x8dc contiki-sky.a(ctimer.o)
                                        0xc78 (size before relaxing)
 .stab          0x000000000000b160      0x5a0 contiki-sky.a(energest.o)
                                        0x924 (size before relaxing)
 .stab          0x000000000000b700      0xaec contiki-sky.a(etimer.o)
                                        0xdbc (size before relaxing)
 .stab          0x000000000000c1ec      0xb70 contiki-sky.a(process.o)
                                       0x1008 (size before relaxing)
 .stab          0x000000000000cd5c      0x42c contiki-sky.a(rtimer.o)
                                        0x7b0 (size before relaxing)
 .stab          0x000000000000d188      0x348 contiki-sky.a(timer.o)
                                        0x588 (size before relaxing)
 .stab          0x000000000000d4d0      0x528 contiki-sky.a(serial-line.o)
                                        0xa74 (size before relaxing)
 .stab          0x000000000000d9f8      0x7bc contiki-sky.a(list.o)
                                        0x7c8 (size before relaxing)
 .stab          0x000000000000e1b4      0x240 contiki-sky.a(random.o)
                                        0x618 (size before relaxing)
 .stab          0x000000000000e3f4      0x3f0 contiki-sky.a(ringbuf.o)
                                        0x630 (size before relaxing)
 .stab          0x000000000000e7e4      0xd44 contiki-sky.a(rime.o)
                                       0x1428 (size before relaxing)
 .stab          0x000000000000f528      0xe1c contiki-sky.a(csma.o)
                                       0x15f0 (size before relaxing)
 .stab          0x0000000000010344      0x1f8 contiki-sky.a(mac.o)
                                        0x4ec (size before relaxing)
 .stab          0x000000000001053c      0x2ac contiki-sky.a(linkaddr.o)
                                        0x6a8 (size before relaxing)
 .stab          0x00000000000107e8      0xd80 contiki-sky.a(packetbuf.o)
                                       0x1bf0 (size before relaxing)
 .stab          0x0000000000011568      0xa44 contiki-sky.a(queuebuf.o)
                                       0x189c (size before relaxing)
 .stab          0x0000000000011fac     0x1908 contiki-sky.a(contikimac.o)
                                       0x24cc (size before relaxing)
 .stab          0x00000000000138b4      0x5e8 contiki-sky.a(nullsec.o)
                                        0xd08 (size before relaxing)
 .stab          0x0000000000013e9c      0x1f8 contiki-sky.a(spi.o)
                                        0x420 (size before relaxing)
 .stab          0x0000000000014094      0x3e4 contiki-sky.a(rtimer-arch.o)
                                        0x768 (size before relaxing)
 .stab          0x0000000000014478      0x6c0 contiki-sky.a(compower.o)
                                        0xd2c (size before relaxing)
 .stab          0x0000000000014b38      0x5d0 contiki-sky.a(memb.o)
                                        0xb34 (size before relaxing)
 .stab          0x0000000000015108      0x66c contiki-sky.a(abc.o)
                                       0x14c4 (size before relaxing)
 .stab          0x0000000000015774      0x6b4 contiki-sky.a(announcement.o)
                                        0x954 (size before relaxing)
 .stab          0x0000000000015e28      0x9f0 contiki-sky.a(broadcast-annou)
                                       0x15fc (size before relaxing)
 .stab          0x0000000000016818      0x6d8 contiki-sky.a(broadcast.o)
                                       0x1530 (size before relaxing)
 .stab          0x0000000000016ef0      0x5e8 contiki-sky.a(chameleon.o)
                                       0x126c (size before relaxing)
 .stab          0x00000000000174d8      0x60c contiki-sky.a(channel.o)
                                       0x12b4 (size before relaxing)
 .stab          0x0000000000017ae4      0x60c contiki-sky.a(mac-sequence.o)
                                       0x147c (size before relaxing)
 .stab          0x00000000000180f0      0x804 contiki-sky.a(contikimac-fram)
                                        0xe88 (size before relaxing)
 .stab          0x00000000000188f4      0xd50 contiki-sky.a(chameleon-bitop)
                                       0x19f8 (size before relaxing)
 .stab          0x0000000000019644      0x924 contiki-sky.a(framer-802154.o)
                                        0xf90 (size before relaxing)
 .stab          0x0000000000019f68      0xb04 contiki-sky.a(frame802154.o)
                                       0x1104 (size before relaxing)

.stabstr        0x0000000000000000    0x1854b
 *(.stabstr)
 .stabstr       0x0000000000000000    0x1854b hello-world.co

.stab.excl
 *(.stab.excl)

.stab.exclstr
 *(.stab.exclstr)

.stab.index
 *(.stab.index)

.stab.indexstr
 *(.stab.indexstr)

.comment        0x0000000000000000       0x30
 *(.comment)
 .comment       0x0000000000000000       0x30 hello-world.co
                                         0x31 (size before relaxing)
 .comment       0x0000000000000000       0x31 obj_sky/contiki-sky-main.o
 .comment       0x0000000000000000       0x31 contiki-sky.a(contiki-sky-pla)
 .comment       0x0000000000000000       0x31 contiki-sky.a(button-sensor.o)
 .comment       0x0000000000000000       0x31 contiki-sky.a(ds2411.o)
 .comment       0x0000000000000000       0x31 contiki-sky.a(xmem.o)
 .comment       0x0000000000000000       0x31 contiki-sky.a(node-id.o)
 .comment       0x0000000000000000       0x31 contiki-sky.a(sensors.o)
 .comment       0x0000000000000000       0x31 contiki-sky.a(cc2420.o)
 .comment       0x0000000000000000       0x31 contiki-sky.a(cc2420-arch.o)
 .comment       0x0000000000000000       0x31 contiki-sky.a(uart1.o)
 .comment       0x0000000000000000       0x31 contiki-sky.a(msp430.o)
 .comment       0x0000000000000000       0x31 contiki-sky.a(clock.o)
 .comment       0x0000000000000000       0x31 contiki-sky.a(leds.o)
 .comment       0x0000000000000000       0x31 contiki-sky.a(leds-arch.o)
 .comment       0x0000000000000000       0x31 contiki-sky.a(watchdog.o)
 .comment       0x0000000000000000       0x31 contiki-sky.a(autostart.o)
 .comment       0x0000000000000000       0x31 contiki-sky.a(ctimer.o)
 .comment       0x0000000000000000       0x31 contiki-sky.a(energest.o)
 .comment       0x0000000000000000       0x31 contiki-sky.a(etimer.o)
 .comment       0x0000000000000000       0x31 contiki-sky.a(process.o)
 .comment       0x0000000000000000       0x31 contiki-sky.a(rtimer.o)
 .comment       0x0000000000000000       0x31 contiki-sky.a(timer.o)
 .comment       0x0000000000000000       0x31 contiki-sky.a(serial-line.o)
 .comment       0x0000000000000000       0x31 contiki-sky.a(list.o)
 .comment       0x0000000000000000       0x31 contiki-sky.a(random.o)
 .comment       0x0000000000000000       0x31 contiki-sky.a(ringbuf.o)
 .comment       0x0000000000000000       0x31 contiki-sky.a(rime.o)
 .comment       0x0000000000000000       0x31 contiki-sky.a(csma.o)
 .comment       0x0000000000000000       0x31 contiki-sky.a(mac.o)
 .comment       0x0000000000000000       0x31 contiki-sky.a(linkaddr.o)
 .comment       0x0000000000000000       0x31 contiki-sky.a(packetbuf.o)
 .comment       0x0000000000000000       0x31 contiki-sky.a(queuebuf.o)
 .comment       0x0000000000000000       0x31 contiki-sky.a(contikimac.o)
 .comment       0x0000000000000000       0x31 contiki-sky.a(nullsec.o)
 .comment       0x0000000000000000       0x31 contiki-sky.a(spi.o)
 .comment       0x0000000000000000       0x31 contiki-sky.a(rtimer-arch.o)
 .comment       0x0000000000000000       0x31 contiki-sky.a(compower.o)
 .comment       0x0000000000000000       0x31 contiki-sky.a(memb.o)
 .comment       0x0000000000000000       0x31 contiki-sky.a(abc.o)
 .comment       0x0000000000000000       0x31 contiki-sky.a(announcement.o)
 .comment       0x0000000000000000       0x31 contiki-sky.a(broadcast-annou)
 .comment       0x0000000000000000       0x31 contiki-sky.a(broadcast.o)
 .comment       0x0000000000000000       0x31 contiki-sky.a(chameleon.o)
 .comment       0x0000000000000000       0x31 contiki-sky.a(channel.o)
 .comment       0x0000000000000000       0x31 contiki-sky.a(mac-sequence.o)
 .comment       0x0000000000000000       0x31 contiki-sky.a(contikimac-fram)
 .comment       0x0000000000000000       0x31 contiki-sky.a(chameleon-bitop)
 .comment       0x0000000000000000       0x31 contiki-sky.a(framer-802154.o)
 .comment       0x0000000000000000       0x31 contiki-sky.a(frame802154.o)
 .comment       0x0000000000000000       0x31 /usr/local/Cellar/msp430-gcc/4.7.0/lib/gcc/msp430/4.7.0/../../../../msp430/lib/mmpy-16/libc.a(printf.o)
 .comment       0x0000000000000000       0x31 /usr/local/Cellar/msp430-gcc/4.7.0/lib/gcc/msp430/4.7.0/../../../../msp430/lib/mmpy-16/libc.a(vuprintf.o)
 .comment       0x0000000000000000       0x31 /usr/local/Cellar/msp430-gcc/4.7.0/lib/gcc/msp430/4.7.0/../../../../msp430/lib/mmpy-16/libc.a(rand.o)
 .comment       0x0000000000000000       0x31 /usr/local/Cellar/msp430-gcc/4.7.0/lib/gcc/msp430/4.7.0/../../../../msp430/lib/mmpy-16/libc.a(memcmp.o)
 .comment       0x0000000000000000       0x31 /usr/local/Cellar/msp430-gcc/4.7.0/lib/gcc/msp430/4.7.0/../../../../msp430/lib/mmpy-16/libc.a(memcpy.o)
 .comment       0x0000000000000000       0x31 /usr/local/Cellar/msp430-gcc/4.7.0/lib/gcc/msp430/4.7.0/../../../../msp430/lib/mmpy-16/libc.a(memset.o)

.debug
 *(.debug)

.line
 *(.line)

.debug_srcinfo
 *(.debug_srcinfo)

.debug_sfnames
 *(.debug_sfnames)

.debug_aranges  0x0000000000000000      0x164
 *(.debug_aranges)
 .debug_aranges
                0x0000000000000000       0x14 /usr/local/Cellar/msp430-gcc/4.7.0/lib/gcc/msp430/4.7.0/mmpy-16/crt0ivtbl16.o
 .debug_aranges
                0x0000000000000014       0x14 /usr/local/Cellar/msp430-gcc/4.7.0/lib/gcc/msp430/4.7.0/mmpy-16/libgcc.a(_mulsi3.o)
 .debug_aranges
                0x0000000000000028       0x14 /usr/local/Cellar/msp430-gcc/4.7.0/lib/gcc/msp430/4.7.0/mmpy-16/libgcc.a(_udivmod32.o)
 .debug_aranges
                0x000000000000003c       0x18 /usr/local/Cellar/msp430-gcc/4.7.0/lib/gcc/msp430/4.7.0/../../../../msp430/lib/mmpy-16/libc.a(printf.o)
 .debug_aranges
                0x0000000000000054       0x18 /usr/local/Cellar/msp430-gcc/4.7.0/lib/gcc/msp430/4.7.0/../../../../msp430/lib/mmpy-16/libc.a(vuprintf.o)
 .debug_aranges
                0x000000000000006c       0x1c /usr/local/Cellar/msp430-gcc/4.7.0/lib/gcc/msp430/4.7.0/../../../../msp430/lib/mmpy-16/libc.a(rand.o)
 .debug_aranges
                0x0000000000000088       0x14 /usr/local/Cellar/msp430-gcc/4.7.0/lib/gcc/msp430/4.7.0/../../../../msp430/lib/mmpy-16/libc.a(memcmp.o)
 .debug_aranges
                0x000000000000009c       0x14 /usr/local/Cellar/msp430-gcc/4.7.0/lib/gcc/msp430/4.7.0/../../../../msp430/lib/mmpy-16/libc.a(memcpy.o)
 .debug_aranges
                0x00000000000000b0       0x14 /usr/local/Cellar/msp430-gcc/4.7.0/lib/gcc/msp430/4.7.0/../../../../msp430/lib/mmpy-16/libc.a(memset.o)
 .debug_aranges
                0x00000000000000c4       0x14 /usr/local/Cellar/msp430-gcc/4.7.0/lib/gcc/msp430/4.7.0/mmpy-16/libgcc.a(_udivmod16.o)
 .debug_aranges
                0x00000000000000d8       0x14 /usr/local/Cellar/msp430-gcc/4.7.0/lib/gcc/msp430/4.7.0/mmpy-16/libgcc.a(_udivmod64.o)
 .debug_aranges
                0x00000000000000ec       0x14 /usr/local/Cellar/msp430-gcc/4.7.0/lib/gcc/msp430/4.7.0/mmpy-16/libcrt0.a(__watchdog_support.o)
 .debug_aranges
                0x0000000000000100       0x14 /usr/local/Cellar/msp430-gcc/4.7.0/lib/gcc/msp430/4.7.0/mmpy-16/libcrt0.a(__init_stack.o)
 .debug_aranges
                0x0000000000000114       0x14 /usr/local/Cellar/msp430-gcc/4.7.0/lib/gcc/msp430/4.7.0/mmpy-16/libcrt0.a(_copy_data.o)
 .debug_aranges
                0x0000000000000128       0x14 /usr/local/Cellar/msp430-gcc/4.7.0/lib/gcc/msp430/4.7.0/mmpy-16/libcrt0.a(_clear_bss.o)
 .debug_aranges
                0x000000000000013c       0x14 /usr/local/Cellar/msp430-gcc/4.7.0/lib/gcc/msp430/4.7.0/mmpy-16/libcrt0.a(_endless_loop__.o)
 .debug_aranges
                0x0000000000000150       0x14 /usr/local/Cellar/msp430-gcc/4.7.0/lib/gcc/msp430/4.7.0/mmpy-16/libcrt0.a(_unexpected_.o)

.debug_pubnames
 *(.debug_pubnames)

.debug_info     0x0000000000000000     0x1287
 *(.debug_info)
 .debug_info    0x0000000000000000       0xa3 /usr/local/Cellar/msp430-gcc/4.7.0/lib/gcc/msp430/4.7.0/mmpy-16/crt0ivtbl16.o
 .debug_info    0x00000000000000a3       0xa0 /usr/local/Cellar/msp430-gcc/4.7.0/lib/gcc/msp430/4.7.0/mmpy-16/libgcc.a(_mulsi3.o)
 .debug_info    0x0000000000000143       0xa0 /usr/local/Cellar/msp430-gcc/4.7.0/lib/gcc/msp430/4.7.0/mmpy-16/libgcc.a(_udivmod32.o)
 .debug_info    0x00000000000001e3      0x16e /usr/local/Cellar/msp430-gcc/4.7.0/lib/gcc/msp430/4.7.0/../../../../msp430/lib/mmpy-16/libc.a(printf.o)
 .debug_info    0x0000000000000351      0x5d4 /usr/local/Cellar/msp430-gcc/4.7.0/lib/gcc/msp430/4.7.0/../../../../msp430/lib/mmpy-16/libc.a(vuprintf.o)
 .debug_info    0x0000000000000925      0x146 /usr/local/Cellar/msp430-gcc/4.7.0/lib/gcc/msp430/4.7.0/../../../../msp430/lib/mmpy-16/libc.a(rand.o)
 .debug_info    0x0000000000000a6b       0xe5 /usr/local/Cellar/msp430-gcc/4.7.0/lib/gcc/msp430/4.7.0/../../../../msp430/lib/mmpy-16/libc.a(memcmp.o)
 .debug_info    0x0000000000000b50      0x12c /usr/local/Cellar/msp430-gcc/4.7.0/lib/gcc/msp430/4.7.0/../../../../msp430/lib/mmpy-16/libc.a(memcpy.o)
 .debug_info    0x0000000000000c7c      0x117 /usr/local/Cellar/msp430-gcc/4.7.0/lib/gcc/msp430/4.7.0/../../../../msp430/lib/mmpy-16/libc.a(memset.o)
 .debug_info    0x0000000000000d93       0xa0 /usr/local/Cellar/msp430-gcc/4.7.0/lib/gcc/msp430/4.7.0/mmpy-16/libgcc.a(_udivmod16.o)
 .debug_info    0x0000000000000e33       0xa0 /usr/local/Cellar/msp430-gcc/4.7.0/lib/gcc/msp430/4.7.0/mmpy-16/libgcc.a(_udivmod64.o)
 .debug_info    0x0000000000000ed3       0x9e /usr/local/Cellar/msp430-gcc/4.7.0/lib/gcc/msp430/4.7.0/mmpy-16/libcrt0.a(__watchdog_support.o)
 .debug_info    0x0000000000000f71       0x9e /usr/local/Cellar/msp430-gcc/4.7.0/lib/gcc/msp430/4.7.0/mmpy-16/libcrt0.a(__init_stack.o)
 .debug_info    0x000000000000100f       0x9e /usr/local/Cellar/msp430-gcc/4.7.0/lib/gcc/msp430/4.7.0/mmpy-16/libcrt0.a(_copy_data.o)
 .debug_info    0x00000000000010ad       0x9e /usr/local/Cellar/msp430-gcc/4.7.0/lib/gcc/msp430/4.7.0/mmpy-16/libcrt0.a(_clear_bss.o)
 .debug_info    0x000000000000114b       0x9e /usr/local/Cellar/msp430-gcc/4.7.0/lib/gcc/msp430/4.7.0/mmpy-16/libcrt0.a(_endless_loop__.o)
 .debug_info    0x00000000000011e9       0x9e /usr/local/Cellar/msp430-gcc/4.7.0/lib/gcc/msp430/4.7.0/mmpy-16/libcrt0.a(_unexpected_.o)
 *(.gnu.linkonce.wi.*)

.debug_abbrev   0x0000000000000000      0x6f9
 *(.debug_abbrev)
 .debug_abbrev  0x0000000000000000       0x14 /usr/local/Cellar/msp430-gcc/4.7.0/lib/gcc/msp430/4.7.0/mmpy-16/crt0ivtbl16.o
 .debug_abbrev  0x0000000000000014       0x14 /usr/local/Cellar/msp430-gcc/4.7.0/lib/gcc/msp430/4.7.0/mmpy-16/libgcc.a(_mulsi3.o)
 .debug_abbrev  0x0000000000000028       0x14 /usr/local/Cellar/msp430-gcc/4.7.0/lib/gcc/msp430/4.7.0/mmpy-16/libgcc.a(_udivmod32.o)
 .debug_abbrev  0x000000000000003c       0xfa /usr/local/Cellar/msp430-gcc/4.7.0/lib/gcc/msp430/4.7.0/../../../../msp430/lib/mmpy-16/libc.a(printf.o)
 .debug_abbrev  0x0000000000000136      0x23e /usr/local/Cellar/msp430-gcc/4.7.0/lib/gcc/msp430/4.7.0/../../../../msp430/lib/mmpy-16/libc.a(vuprintf.o)
 .debug_abbrev  0x0000000000000374       0xfb /usr/local/Cellar/msp430-gcc/4.7.0/lib/gcc/msp430/4.7.0/../../../../msp430/lib/mmpy-16/libc.a(rand.o)
 .debug_abbrev  0x000000000000046f       0x9e /usr/local/Cellar/msp430-gcc/4.7.0/lib/gcc/msp430/4.7.0/../../../../msp430/lib/mmpy-16/libc.a(memcmp.o)
 .debug_abbrev  0x000000000000050d       0xab /usr/local/Cellar/msp430-gcc/4.7.0/lib/gcc/msp430/4.7.0/../../../../msp430/lib/mmpy-16/libc.a(memcpy.o)
 .debug_abbrev  0x00000000000005b8       0xa1 /usr/local/Cellar/msp430-gcc/4.7.0/lib/gcc/msp430/4.7.0/../../../../msp430/lib/mmpy-16/libc.a(memset.o)
 .debug_abbrev  0x0000000000000659       0x14 /usr/local/Cellar/msp430-gcc/4.7.0/lib/gcc/msp430/4.7.0/mmpy-16/libgcc.a(_udivmod16.o)
 .debug_abbrev  0x000000000000066d       0x14 /usr/local/Cellar/msp430-gcc/4.7.0/lib/gcc/msp430/4.7.0/mmpy-16/libgcc.a(_udivmod64.o)
 .debug_abbrev  0x0000000000000681       0x14 /usr/local/Cellar/msp430-gcc/4.7.0/lib/gcc/msp430/4.7.0/mmpy-16/libcrt0.a(__watchdog_support.o)
 .debug_abbrev  0x0000000000000695       0x14 /usr/local/Cellar/msp430-gcc/4.7.0/lib/gcc/msp430/4.7.0/mmpy-16/libcrt0.a(__init_stack.o)
 .debug_abbrev  0x00000000000006a9       0x14 /usr/local/Cellar/msp430-gcc/4.7.0/lib/gcc/msp430/4.7.0/mmpy-16/libcrt0.a(_copy_data.o)
 .debug_abbrev  0x00000000000006bd       0x14 /usr/local/Cellar/msp430-gcc/4.7.0/lib/gcc/msp430/4.7.0/mmpy-16/libcrt0.a(_clear_bss.o)
 .debug_abbrev  0x00000000000006d1       0x14 /usr/local/Cellar/msp430-gcc/4.7.0/lib/gcc/msp430/4.7.0/mmpy-16/libcrt0.a(_endless_loop__.o)
 .debug_abbrev  0x00000000000006e5       0x14 /usr/local/Cellar/msp430-gcc/4.7.0/lib/gcc/msp430/4.7.0/mmpy-16/libcrt0.a(_unexpected_.o)

.debug_line     0x0000000000000000      0xb5f
 *(.debug_line)
 .debug_line    0x0000000000000000       0x5a /usr/local/Cellar/msp430-gcc/4.7.0/lib/gcc/msp430/4.7.0/mmpy-16/crt0ivtbl16.o
 .debug_line    0x000000000000005a       0x6d /usr/local/Cellar/msp430-gcc/4.7.0/lib/gcc/msp430/4.7.0/mmpy-16/libgcc.a(_mulsi3.o)
 .debug_line    0x00000000000000c7       0x75 /usr/local/Cellar/msp430-gcc/4.7.0/lib/gcc/msp430/4.7.0/mmpy-16/libgcc.a(_udivmod32.o)
 .debug_line    0x000000000000013c       0xb4 /usr/local/Cellar/msp430-gcc/4.7.0/lib/gcc/msp430/4.7.0/../../../../msp430/lib/mmpy-16/libc.a(printf.o)
 .debug_line    0x00000000000001f0      0x315 /usr/local/Cellar/msp430-gcc/4.7.0/lib/gcc/msp430/4.7.0/../../../../msp430/lib/mmpy-16/libc.a(vuprintf.o)
 .debug_line    0x0000000000000505       0x68 /usr/local/Cellar/msp430-gcc/4.7.0/lib/gcc/msp430/4.7.0/../../../../msp430/lib/mmpy-16/libc.a(rand.o)
 .debug_line    0x000000000000056d       0x9a /usr/local/Cellar/msp430-gcc/4.7.0/lib/gcc/msp430/4.7.0/../../../../msp430/lib/mmpy-16/libc.a(memcmp.o)
 .debug_line    0x0000000000000607      0x123 /usr/local/Cellar/msp430-gcc/4.7.0/lib/gcc/msp430/4.7.0/../../../../msp430/lib/mmpy-16/libc.a(memcpy.o)
 .debug_line    0x000000000000072a       0xfd /usr/local/Cellar/msp430-gcc/4.7.0/lib/gcc/msp430/4.7.0/../../../../msp430/lib/mmpy-16/libc.a(memset.o)
 .debug_line    0x0000000000000827       0x66 /usr/local/Cellar/msp430-gcc/4.7.0/lib/gcc/msp430/4.7.0/mmpy-16/libgcc.a(_udivmod16.o)
 .debug_line    0x000000000000088d       0xbf /usr/local/Cellar/msp430-gcc/4.7.0/lib/gcc/msp430/4.7.0/mmpy-16/libgcc.a(_udivmod64.o)
 .debug_line    0x000000000000094c       0x58 /usr/local/Cellar/msp430-gcc/4.7.0/lib/gcc/msp430/4.7.0/mmpy-16/libcrt0.a(__watchdog_support.o)
 .debug_line    0x00000000000009a4       0x56 /usr/local/Cellar/msp430-gcc/4.7.0/lib/gcc/msp430/4.7.0/mmpy-16/libcrt0.a(__init_stack.o)
 .debug_line    0x00000000000009fa       0x5c /usr/local/Cellar/msp430-gcc/4.7.0/lib/gcc/msp430/4.7.0/mmpy-16/libcrt0.a(_copy_data.o)
 .debug_line    0x0000000000000a56       0x5c /usr/local/Cellar/msp430-gcc/4.7.0/lib/gcc/msp430/4.7.0/mmpy-16/libcrt0.a(_clear_bss.o)
 .debug_line    0x0000000000000ab2       0x57 /usr/local/Cellar/msp430-gcc/4.7.0/lib/gcc/msp430/4.7.0/mmpy-16/libcrt0.a(_endless_loop__.o)
 .debug_line    0x0000000000000b09       0x56 /usr/local/Cellar/msp430-gcc/4.7.0/lib/gcc/msp430/4.7.0/mmpy-16/libcrt0.a(_unexpected_.o)

.debug_frame    0x0000000000000000      0x192
 *(.debug_frame)
 .debug_frame   0x0000000000000000       0x2a /usr/local/Cellar/msp430-gcc/4.7.0/lib/gcc/msp430/4.7.0/../../../../msp430/lib/mmpy-16/libc.a(printf.o)
 .debug_frame   0x000000000000002a       0xa0 /usr/local/Cellar/msp430-gcc/4.7.0/lib/gcc/msp430/4.7.0/../../../../msp430/lib/mmpy-16/libc.a(vuprintf.o)
 .debug_frame   0x00000000000000ca       0x3c /usr/local/Cellar/msp430-gcc/4.7.0/lib/gcc/msp430/4.7.0/../../../../msp430/lib/mmpy-16/libc.a(rand.o)
 .debug_frame   0x0000000000000106       0x28 /usr/local/Cellar/msp430-gcc/4.7.0/lib/gcc/msp430/4.7.0/../../../../msp430/lib/mmpy-16/libc.a(memcmp.o)
 .debug_frame   0x000000000000012e       0x32 /usr/local/Cellar/msp430-gcc/4.7.0/lib/gcc/msp430/4.7.0/../../../../msp430/lib/mmpy-16/libc.a(memcpy.o)
 .debug_frame   0x0000000000000160       0x32 /usr/local/Cellar/msp430-gcc/4.7.0/lib/gcc/msp430/4.7.0/../../../../msp430/lib/mmpy-16/libc.a(memset.o)

.debug_str      0x0000000000000000      0x3cc
 *(.debug_str)
 .debug_str     0x0000000000000000      0x101 /usr/local/Cellar/msp430-gcc/4.7.0/lib/gcc/msp430/4.7.0/../../../../msp430/lib/mmpy-16/libc.a(printf.o)
                                        0x149 (size before relaxing)
 .debug_str     0x0000000000000101      0x218 /usr/local/Cellar/msp430-gcc/4.7.0/lib/gcc/msp430/4.7.0/../../../../msp430/lib/mmpy-16/libc.a(vuprintf.o)
                                        0x394 (size before relaxing)
 .debug_str     0x0000000000000319       0x2f /usr/local/Cellar/msp430-gcc/4.7.0/lib/gcc/msp430/4.7.0/../../../../msp430/lib/mmpy-16/libc.a(rand.o)
                                        0x125 (size before relaxing)
 .debug_str     0x0000000000000348       0x20 /usr/local/Cellar/msp430-gcc/4.7.0/lib/gcc/msp430/4.7.0/../../../../msp430/lib/mmpy-16/libc.a(memcmp.o)