Archive member included because of file (symbol)

contiki-sky.a(contiki-sky-pla)
                              obj_sky/contiki-sky-main.o (init_platform)
contiki-sky.a(button-sensor.o)
                              contiki-sky.a(contiki-sky-pla) (button_sensor)
contiki-sky.a(ds2411.o)       obj_sky/contiki-sky-main.o (ds2411_init)
contiki-sky.a(xmem.o)         obj_sky/contiki-sky-main.o (xmem_init)
contiki-sky.a(node-id.o)      obj_sky/contiki-sky-main.o (node_id_restore)
contiki-sky.a(sensors.o)      contiki-sky.a(button-sensor.o) (sensors_changed)
contiki-sky.a(cc2420.o)       obj_sky/contiki-sky-main.o (cc2420_set_pan_addr)
contiki-sky.a(cc2420-arch.o)  contiki-sky.a(cc2420.o) (cc2420_arch_init)
contiki-sky.a(uart1.o)        obj_sky/contiki-sky-main.o (uart1_active)
contiki-sky.a(uart1-putchar.o)
                              obj_sky/contiki-sky-main.o (putchar)
contiki-sky.a(msp430.o)       obj_sky/contiki-sky-main.o (msp430_dco_required)
contiki-sky.a(clock.o)        obj_sky/contiki-sky-main.o (clock_init)
contiki-sky.a(leds.o)         obj_sky/contiki-sky-main.o (leds_init)
contiki-sky.a(leds-arch.o)    contiki-sky.a(leds.o) (leds_arch_init)
contiki-sky.a(watchdog.o)     obj_sky/contiki-sky-main.o (watchdog_start)
contiki-sky.a(autostart.o)    obj_sky/contiki-sky-main.o (autostart_start)
contiki-sky.a(ctimer.o)       obj_sky/contiki-sky-main.o (ctimer_init)
contiki-sky.a(energest.o)     obj_sky/contiki-sky-main.o (energest_type_set)
contiki-sky.a(etimer.o)       contiki-sky.a(clock.o) (etimer_request_poll)
contiki-sky.a(process.o)      contiki-sky.a(ctimer.o) (process_current)
contiki-sky.a(rtimer.o)       obj_sky/contiki-sky-main.o (rtimer_init)
contiki-sky.a(timer.o)        contiki-sky.a(button-sensor.o) (timer_set)
contiki-sky.a(serial-line.o)  obj_sky/contiki-sky-main.o (serial_line_input_byte)
contiki-sky.a(list.o)         contiki-sky.a(ctimer.o) (list_init)
contiki-sky.a(random.o)       obj_sky/contiki-sky-main.o (random_init)
contiki-sky.a(ringbuf.o)      contiki-sky.a(serial-line.o) (ringbuf_init)
contiki-sky.a(chaos.o)        obj_sky/contiki-sky-main.o (chaosnet_driver)
contiki-sky.a(node.o)         glossy-app.co (chaos_node_count)
contiki-sky.a(join.o)         contiki-sky.a(node.o) (join_init)
contiki-sky.a(glossy.o)       glossy-app.co (glossy_get_off_slot)
contiki-sky.a(nordc.o)        obj_sky/contiki-sky-main.o (nordc_driver)
contiki-sky.a(linkaddr.o)     obj_sky/contiki-sky-main.o (linkaddr_copy)
contiki-sky.a(packetbuf.o)    contiki-sky.a(cc2420.o) (packetbuf_set_datalen)
contiki-sky.a(nullsec.o)      obj_sky/contiki-sky-main.o (nullsec_driver)
contiki-sky.a(spi.o)          contiki-sky.a(xmem.o) (spi_init)
contiki-sky.a(rtimer-arch.o)  contiki-sky.a(rtimer.o) (rtimer_arch_init)
contiki-sky.a(chaos-control.o)
                              contiki-sky.a(chaos.o) (chaos_process)
contiki-sky.a(chaos-multichan)
                              contiki-sky.a(chaos.o) (chaos_multichannel_init)
contiki-sky.a(chaos-random-ge)
                              contiki-sky.a(chaos.o) (chaos_random_generator_produce)
contiki-sky.a(chaos-scheduler)
                              contiki-sky.a(chaos-control.o) (scheduler_init)
/usr/local/Cellar/msp430-gcc/4.7.0/lib/gcc/msp430/4.7.0/mmpy-16/libgcc.a(_mulsi3.o)
                              contiki-sky.a(chaos.o) (__mulsi3)
/usr/local/Cellar/msp430-gcc/4.7.0/lib/gcc/msp430/4.7.0/mmpy-16/libgcc.a(_divmod16.o)
                              contiki-sky.a(glossy.o) (__modhi3)
/usr/local/Cellar/msp430-gcc/4.7.0/lib/gcc/msp430/4.7.0/mmpy-16/libgcc.a(_udivmod32.o)
                              obj_sky/contiki-sky-main.o (__udivsi3)
/usr/local/Cellar/msp430-gcc/4.7.0/lib/gcc/msp430/4.7.0/mmpy-16/libgcc.a(_udivmod16.o)
                              /usr/local/Cellar/msp430-gcc/4.7.0/lib/gcc/msp430/4.7.0/mmpy-16/libgcc.a(_divmod16.o) (__ext_udivmod16)
/usr/local/Cellar/msp430-gcc/4.7.0/lib/gcc/msp430/4.7.0/../../../../msp430/lib/mmpy-16/libc.a(printf.o)
                              glossy-app.co (printf)
/usr/local/Cellar/msp430-gcc/4.7.0/lib/gcc/msp430/4.7.0/../../../../msp430/lib/mmpy-16/libc.a(vuprintf.o)
                              /usr/local/Cellar/msp430-gcc/4.7.0/lib/gcc/msp430/4.7.0/../../../../msp430/lib/mmpy-16/libc.a(printf.o) (vuprintf)
/usr/local/Cellar/msp430-gcc/4.7.0/lib/gcc/msp430/4.7.0/../../../../msp430/lib/mmpy-16/libc.a(puts.o)
                              glossy-app.co (puts)
/usr/local/Cellar/msp430-gcc/4.7.0/lib/gcc/msp430/4.7.0/../../../../msp430/lib/mmpy-16/libc.a(rand.o)
                              contiki-sky.a(random.o) (rand)
/usr/local/Cellar/msp430-gcc/4.7.0/lib/gcc/msp430/4.7.0/../../../../msp430/lib/mmpy-16/libc.a(strcmp.o)
                              contiki-sky.a(chaos.o) (strcmp)
/usr/local/Cellar/msp430-gcc/4.7.0/lib/gcc/msp430/4.7.0/../../../../msp430/lib/mmpy-16/libc.a(strncmp.o)
                              contiki-sky.a(sensors.o) (strncmp)
[...]
Memory Configuration

Name             Origin             Length             Attributes
sfr              0x0000000000000000 0x0000000000000010
peripheral_8bit  0x0000000000000010 0x00000000000000f0
peripheral_16bit 0x0000000000000100 0x0000000000000100
ram_mirror       0x0000000000000200 0x0000000000000800 xw
infomem          0x0000000000001000 0x0000000000000100
infob            0x0000000000001000 0x0000000000000080
infoa            0x0000000000001080 0x0000000000000080
ram              0x0000000000001100 0x0000000000002800 xw
rom              0x0000000000004000 0x000000000000bfe0 xr
vectors          0x000000000000ffe0 0x0000000000000020
bsl              0x0000000000000000 0x0000000000000000
infoc            0x0000000000000000 0x0000000000000000
infod            0x0000000000000000 0x0000000000000000
ram2             0x0000000000000000 0x0000000000000000 xw
signature        0x0000000000000000 0x0000000000000000
usbram           0x0000000000000000 0x0000000000000000 xw
far_rom          0x0000000000000000 0x0000000000000000
*default*        0x0000000000000000 0xffffffffffffffff

Linker script and memory map

LOAD /usr/local/Cellar/msp430-gcc/4.7.0/lib/gcc/msp430/4.7.0/mmpy-16/crt0ivtbl16.o
Address of section .chaos_do_tx set to 0x4000
Address of section .chaos_do_rx set to 0x4800
Address of section .text set to 0x5500
LOAD glossy-app.co
LOAD obj_sky/contiki-sky-main.o
LOAD contiki-sky.a
LOAD /usr/local/Cellar/msp430-gcc/4.7.0/lib/gcc/msp430/4.7.0/mmpy-16/libgcc.a
LOAD /usr/local/Cellar/msp430-gcc/4.7.0/lib/gcc/msp430/4.7.0/../../../../msp430/lib/mmpy-16/libc.a
LOAD /usr/local/Cellar/msp430-gcc/4.7.0/lib/gcc/msp430/4.7.0/mmpy-16/libgcc.a
LOAD /usr/local/Cellar/msp430-gcc/4.7.0/lib/gcc/msp430/4.7.0/mmpy-16/libcrt0.a
                0x0000000000000080                PROVIDE (__info_segment_size, 0x80)
                0x0000000000001000                PROVIDE (__infob, 0x1000)
                0x0000000000001080                PROVIDE (__infoa, 0x1080)
                0x0000000000000000                __IE1 = 0x0
                0x0000000000000002                __IFG1 = 0x2
                0x0000000000000004                __ME1 = 0x4
                0x0000000000000001                __IE2 = 0x1
                0x0000000000000003                __IFG2 = 0x3
                0x0000000000000005                __ME2 = 0x5
                0x0000000000000120                __WDTCTL = 0x120
                0x0000000000000130                __MPY = 0x130
                0x0000000000000132                __MPYS = 0x132
                0x0000000000000134                __MAC = 0x134
                0x0000000000000136                __MACS = 0x136
                0x0000000000000138                __OP2 = 0x138
                0x000000000000013a                __RESLO = 0x13a
                0x000000000000013c                __RESHI = 0x13c
                0x000000000000013e                __SUMEXT = 0x13e
                0x0000000000000020                __P1IN = 0x20
                0x0000000000000021                __P1OUT = 0x21
                0x0000000000000022                __P1DIR = 0x22
                0x0000000000000023                __P1IFG = 0x23
                0x0000000000000024                __P1IES = 0x24
                0x0000000000000025                __P1IE = 0x25
                0x0000000000000026                __P1SEL = 0x26
                0x0000000000000028                __P2IN = 0x28
                0x0000000000000029                __P2OUT = 0x29
                0x000000000000002a                __P2DIR = 0x2a
                0x000000000000002b                __P2IFG = 0x2b
                0x000000000000002c                __P2IES = 0x2c
                0x000000000000002d                __P2IE = 0x2d
                0x000000000000002e                __P2SEL = 0x2e
                0x0000000000000018                __P3IN = 0x18
                0x0000000000000019                __P3OUT = 0x19
                0x000000000000001a                __P3DIR = 0x1a
                0x000000000000001b                __P3SEL = 0x1b
                0x000000000000001c                __P4IN = 0x1c
                0x000000000000001d                __P4OUT = 0x1d
                0x000000000000001e                __P4DIR = 0x1e
                0x000000000000001f                __P4SEL = 0x1f
                0x0000000000000030                __P5IN = 0x30
                0x0000000000000031                __P5OUT = 0x31
                0x0000000000000032                __P5DIR = 0x32
                0x0000000000000033                __P5SEL = 0x33
                0x0000000000000034                __P6IN = 0x34
                0x0000000000000035                __P6OUT = 0x35
                0x0000000000000036                __P6DIR = 0x36
                0x0000000000000037                __P6SEL = 0x37
                0x0000000000000070                __U0CTL = 0x70
                0x0000000000000071                __U0TCTL = 0x71
                0x0000000000000072                __U0RCTL = 0x72
                0x0000000000000073                __U0MCTL = 0x73
                0x0000000000000074                __U0BR0 = 0x74
                0x0000000000000075                __U0BR1 = 0x75
                0x0000000000000076                __U0RXBUF = 0x76
                0x0000000000000077                __U0TXBUF = 0x77
                0x0000000000000078                __U1CTL = 0x78
                0x0000000000000079                __U1TCTL = 0x79
                0x000000000000007a                __U1RCTL = 0x7a
                0x000000000000007b                __U1MCTL = 0x7b
                0x000000000000007c                __U1BR0 = 0x7c
                0x000000000000007d                __U1BR1 = 0x7d
                0x000000000000007e                __U1RXBUF = 0x7e
                0x000000000000007f                __U1TXBUF = 0x7f
                0x0000000000000050                __I2CIE = 0x50
                0x0000000000000051                __I2CIFG = 0x51
                0x0000000000000052                __I2CNDAT = 0x52
                0x0000000000000071                __I2CTCTL = 0x71
                0x0000000000000072                __I2CDCTL = 0x72
                0x0000000000000073                __I2CPSC = 0x73
                0x0000000000000074                __I2CSCLH = 0x74
                0x0000000000000075                __I2CSCLL = 0x75
                0x0000000000000076                __I2CDRB = 0x76
                0x0000000000000076                __I2CDRW = 0x76
                0x0000000000000118                __I2COA = 0x118
                0x000000000000011a                __I2CSA = 0x11a
                0x000000000000011c                __I2CIV = 0x11c
                0x000000000000012e                __TAIV = 0x12e
                0x0000000000000160                __TACTL = 0x160
                0x0000000000000162                __TACCTL0 = 0x162
                0x0000000000000164                __TACCTL1 = 0x164
                0x0000000000000166                __TACCTL2 = 0x166
                0x0000000000000170                __TAR = 0x170
                0x0000000000000172                __TACCR0 = 0x172
                0x0000000000000174                __TACCR1 = 0x174
                0x0000000000000176                __TACCR2 = 0x176
                0x000000000000011e                __TBIV = 0x11e
                0x0000000000000180                __TBCTL = 0x180
                0x0000000000000182                __TBCCTL0 = 0x182
                0x0000000000000184                __TBCCTL1 = 0x184
                0x0000000000000186                __TBCCTL2 = 0x186
                0x0000000000000188                __TBCCTL3 = 0x188
                0x000000000000018a                __TBCCTL4 = 0x18a
                0x000000000000018c                __TBCCTL5 = 0x18c
                0x000000000000018e                __TBCCTL6 = 0x18e
                0x0000000000000190                __TBR = 0x190
                0x0000000000000192                __TBCCR0 = 0x192
                0x0000000000000194                __TBCCR1 = 0x194
                0x0000000000000196                __TBCCR2 = 0x196
                0x0000000000000198                __TBCCR3 = 0x198
                0x000000000000019a                __TBCCR4 = 0x19a
                0x000000000000019c                __TBCCR5 = 0x19c
                0x000000000000019e                __TBCCR6 = 0x19e
                0x0000000000000056                __DCOCTL = 0x56
                0x0000000000000057                __BCSCTL1 = 0x57
                0x0000000000000058                __BCSCTL2 = 0x58
                0x0000000000000055                __SVSCTL = 0x55
                0x0000000000000128                __FCTL1 = 0x128
                0x000000000000012a                __FCTL2 = 0x12a
                0x000000000000012c                __FCTL3 = 0x12c
                0x0000000000000059                __CACTL1 = 0x59
                0x000000000000005a                __CACTL2 = 0x5a
                0x000000000000005b                __CAPD = 0x5b
                0x00000000000001a0                __ADC12CTL0 = 0x1a0
                0x00000000000001a2                __ADC12CTL1 = 0x1a2
                0x00000000000001a4                __ADC12IFG = 0x1a4
                0x00000000000001a6                __ADC12IE = 0x1a6
                0x00000000000001a8                __ADC12IV = 0x1a8
                0x0000000000000140                __ADC12MEM0 = 0x140
                0x0000000000000142                __ADC12MEM1 = 0x142
                0x0000000000000144                __ADC12MEM2 = 0x144
                0x0000000000000146                __ADC12MEM3 = 0x146
                0x0000000000000148                __ADC12MEM4 = 0x148
                0x000000000000014a                __ADC12MEM5 = 0x14a
                0x000000000000014c                __ADC12MEM6 = 0x14c
                0x000000000000014e                __ADC12MEM7 = 0x14e
                0x0000000000000150                __ADC12MEM8 = 0x150
                0x0000000000000152                __ADC12MEM9 = 0x152
                0x0000000000000154                __ADC12MEM10 = 0x154
                0x0000000000000156                __ADC12MEM11 = 0x156
                0x0000000000000158                __ADC12MEM12 = 0x158
                0x000000000000015a                __ADC12MEM13 = 0x15a
                0x000000000000015c                __ADC12MEM14 = 0x15c
                0x000000000000015e                __ADC12MEM15 = 0x15e
                0x0000000000000080                __ADC12MCTL0 = 0x80
                0x0000000000000081                __ADC12MCTL1 = 0x81
                0x0000000000000082                __ADC12MCTL2 = 0x82
                0x0000000000000083                __ADC12MCTL3 = 0x83
                0x0000000000000084                __ADC12MCTL4 = 0x84
                0x0000000000000085                __ADC12MCTL5 = 0x85
                0x0000000000000086                __ADC12MCTL6 = 0x86
                0x0000000000000087                __ADC12MCTL7 = 0x87
                0x0000000000000088                __ADC12MCTL8 = 0x88
                0x0000000000000089                __ADC12MCTL9 = 0x89
                0x000000000000008a                __ADC12MCTL10 = 0x8a
                0x000000000000008b                __ADC12MCTL11 = 0x8b
                0x000000000000008c                __ADC12MCTL12 = 0x8c
                0x000000000000008d                __ADC12MCTL13 = 0x8d
                0x000000000000008e                __ADC12MCTL14 = 0x8e
                0x000000000000008f                __ADC12MCTL15 = 0x8f
                0x00000000000001c0                __DAC12_0CTL = 0x1c0
                0x00000000000001c2                __DAC12_1CTL = 0x1c2
                0x00000000000001c8                __DAC12_0DAT = 0x1c8
                0x00000000000001ca                __DAC12_1DAT = 0x1ca
                0x0000000000000122                __DMACTL0 = 0x122
                0x0000000000000124                __DMACTL1 = 0x124
                0x00000000000001e0                __DMA0CTL = 0x1e0
                0x00000000000001e8                __DMA1CTL = 0x1e8
                0x00000000000001f0                __DMA2CTL = 0x1f0
                0x00000000000001e2                __DMA0SA = 0x1e2
                0x00000000000001e4                __DMA0DA = 0x1e4
                0x00000000000001e6                __DMA0SZ = 0x1e6
                0x00000000000001ea                __DMA1SA = 0x1ea
                0x00000000000001ec                __DMA1DA = 0x1ec
                0x00000000000001ee                __DMA1SZ = 0x1ee
                0x00000000000001f2                __DMA2SA = 0x1f2
                0x00000000000001f4                __DMA2DA = 0x1f4
                0x00000000000001f6                __DMA2SZ = 0x1f6

.hash
 *(.hash)

.dynsym
 *(.dynsym)

.dynstr
 *(.dynstr)

.gnu.version
 *(.gnu.version)

.gnu.version_d
 *(.gnu.version_d)

.gnu.version_r
 *(.gnu.version_r)

.rel.init
 *(.rel.init)

.rela.init
 *(.rela.init)

.rel.fini
 *(.rel.fini)

.rela.fini
 *(.rela.fini)

.rel.text
 *(.rel.text .rel.text.* .rel.gnu.linkonce.t.*)

.rela.text
 *(.rela.text .rela.text.* .rela.gnu.linkonce.t.*)

.rel.rodata
 *(.rel.rodata .rel.rodata.* .rel.gnu.linkonce.r.*)

.rela.rodata
 *(.rela.rodata .rela.rodata.* .rela.gnu.linkonce.r.*)

.rel.data
 *(.rel.data .rel.data.* .rel.gnu.linkonce.d.*)

.rela.data
 *(.rela.data .rela.data.* .rela.gnu.linkonce.d.*)

.rel.bss
 *(.rel.bss .rel.bss.* .rel.gnu.linkonce.b.*)

.rela.bss
 *(.rela.bss .rela.bss.* .rela.gnu.linkonce.b.*)

.rel.ctors
 *(.rel.ctors)

.rela.ctors
 *(.rela.ctors)

.rel.dtors
 *(.rel.dtors)

.rela.dtors
 *(.rela.dtors)

.rel.got
 *(.rel.got)

.rela.got
 *(.rela.got)

.rel.plt
 *(.rel.plt)

.rela.plt
 *(.rela.plt)

.text           0x0000000000005500     0x5566
                0x0000000000005500                . = ALIGN (0x2)
 *(.init .init.*)
 *(.init0)
 .init0         0x0000000000005500        0x0 /usr/local/Cellar/msp430-gcc/4.7.0/lib/gcc/msp430/4.7.0/mmpy-16/libcrt0.a(_reset_vector__.o)
                0x0000000000005500                _reset_vector__
 *(.init1)
 .init1         0x0000000000005500        0xc /usr/local/Cellar/msp430-gcc/4.7.0/lib/gcc/msp430/4.7.0/mmpy-16/libcrt0.a(__watchdog_support.o)
                0x0000000000005500                __watchdog_support
 *(.init2)
 .init2         0x000000000000550c        0x4 /usr/local/Cellar/msp430-gcc/4.7.0/lib/gcc/msp430/4.7.0/mmpy-16/libcrt0.a(__init_stack.o)
                0x000000000000550c                __init_stack
 *(.init3)
 .init3         0x0000000000005510        0x0 /usr/local/Cellar/msp430-gcc/4.7.0/lib/gcc/msp430/4.7.0/mmpy-16/libcrt0.a(__low_level_init.o)
                0x0000000000005510                __low_level_init
 *(.init4)
 .init4         0x0000000000005510       0x18 /usr/local/Cellar/msp430-gcc/4.7.0/lib/gcc/msp430/4.7.0/mmpy-16/libcrt0.a(_copy_data.o)
                0x0000000000005510                __do_copy_data
 .init4         0x0000000000005528       0x16 /usr/local/Cellar/msp430-gcc/4.7.0/lib/gcc/msp430/4.7.0/mmpy-16/libcrt0.a(_clear_bss.o)
                0x0000000000005528                __do_clear_bss
 *(.init5)
 *(.init6)
 *(.init7)
 *(.init8)
 *(.init9)
 .init9         0x000000000000553e      0x272 obj_sky/contiki-sky-main.o
                0x000000000000553e                main
 *(.fini9)
 .fini9         0x00000000000057b0        0x0 /usr/local/Cellar/msp430-gcc/4.7.0/lib/gcc/msp430/4.7.0/mmpy-16/libcrt0.a(__stop_progExec__.o)
                0x00000000000057b0                __stop_progExec__
 *(.fini8)
 *(.fini7)
 *(.fini6)
 *(.fini5)
 *(.fini4)
 *(.fini3)
 *(.fini2)
 *(.fini1)
 *(.fini0)
 .fini0         0x00000000000057b0        0x6 /usr/local/Cellar/msp430-gcc/4.7.0/lib/gcc/msp430/4.7.0/mmpy-16/libcrt0.a(_endless_loop__.o)
                0x00000000000057b0                _endless_loop__
 *(.fini .fini.*)
                0x00000000000057b6                . = ALIGN (0x2)
                0x00000000000057b6                __ctors_start = .
 *(.ctors)
                0x00000000000057b6                __ctors_end = .
                0x00000000000057b6                __dtors_start = .
 *(.dtors)
                0x00000000000057b6                __dtors_end = .
                0x00000000000057b6                . = ALIGN (0x2)
 *(.text .text.* .gnu.linkonce.t.*)
 .text          0x00000000000057b6        0x4 /usr/local/Cellar/msp430-gcc/4.7.0/lib/gcc/msp430/4.7.0/mmpy-16/crt0ivtbl16.o
                0x00000000000057b6                __isr_9
                0x00000000000057b6                __isr_11
                0x00000000000057b6                __isr_2
                0x00000000000057b6                __isr_7
                0x00000000000057b6                __isr_0
                0x00000000000057b6                __isr_8
                0x00000000000057b6                __isr_12
                0x00000000000057b6                __isr_13
                0x00000000000057b6                __isr_14
 .text.process_thread_chaos_glossy_app_process
                0x00000000000057ba       0xc2 glossy-app.co
 .text.round_begin
                0x000000000000587c       0x32 glossy-app.co
 .text.init_platform
                0x00000000000058ae        0xc contiki-sky.a(contiki-sky-pla)
                0x00000000000058ae                init_platform
 .text.status   0x00000000000058ba       0x18 contiki-sky.a(button-sensor.o)
 .text.value    0x00000000000058d2       0x20 contiki-sky.a(button-sensor.o)
 .text.configure
                0x00000000000058f2       0x4c contiki-sky.a(button-sensor.o)
 .text.irq_p2   0x000000000000593e       0x46 contiki-sky.a(button-sensor.o)
                0x000000000000593e                irq_p2
                0x000000000000593e                __isr_1
 .text.owreadb  0x0000000000005984       0x50 contiki-sky.a(ds2411.o)
 .text.ds2411_init
                0x00000000000059d4      0x120 contiki-sky.a(ds2411.o)
                0x00000000000059d4                ds2411_init
 .text.wait_ready
                0x0000000000005af4       0x4a contiki-sky.a(xmem.o)
 .text.xmem_init
                0x0000000000005b3e       0x3c contiki-sky.a(xmem.o)
                0x0000000000005b3e                xmem_init
 .text.xmem_pread
                0x0000000000005b7a       0xa4 contiki-sky.a(xmem.o)
                0x0000000000005b7a                xmem_pread
 .text.node_id_restore
                0x0000000000005c1e       0x38 contiki-sky.a(node-id.o)
                0x0000000000005c1e                node_id_restore
 .text.process_thread_sensors_process
                0x0000000000005c56       0xc2 contiki-sky.a(sensors.o)
 .text.sensors_changed
                0x0000000000005d18       0x2a contiki-sky.a(sensors.o)
                0x0000000000005d18                sensors_changed
 .text.rtimer_arch_now
                0x0000000000005d42       0x20 contiki-sky.a(cc2420.o)
 .text.get_object
                0x0000000000005d62        0x4 contiki-sky.a(cc2420.o)
 .text.set_object
                0x0000000000005d66        0x4 contiki-sky.a(cc2420.o)
 .text.strobe   0x0000000000005d6a       0x1c contiki-sky.a(cc2420.o)
 .text.status   0x0000000000005d86       0x22 contiki-sky.a(cc2420.o)
 .text.getreg   0x0000000000005da8       0x4c contiki-sky.a(cc2420.o)
 .text.setreg   0x0000000000005df4       0x4c contiki-sky.a(cc2420.o)
 .text.write_ram
                0x0000000000005e40       0x7c contiki-sky.a(cc2420.o)
 .text.write_fifo_buf
                0x0000000000005ebc       0x3c contiki-sky.a(cc2420.o)
 .text.get_status
                0x0000000000005ef8       0x20 contiki-sky.a(cc2420.o)
 .text.wait_for_status
                0x0000000000005f18       0x28 contiki-sky.a(cc2420.o)
 .text.wait_for_transmission
                0x0000000000005f40       0x22 contiki-sky.a(cc2420.o)
 .text.on       0x0000000000005f62       0x1a contiki-sky.a(cc2420.o)
 .text.cc2420_receiving_packet
                0x0000000000005f7c        0xc contiki-sky.a(cc2420.o)
 .text.pending_packet
                0x0000000000005f88        0x8 contiki-sky.a(cc2420.o)
 .text.getrxdata
                0x0000000000005f90       0x50 contiki-sky.a(cc2420.o)
 .text.flushrx  0x0000000000005fe0       0x1a contiki-sky.a(cc2420.o)
 .text.off      0x0000000000005ffa       0x28 contiki-sky.a(cc2420.o)
 .text.RELEASE_LOCK
                0x0000000000006022       0x28 contiki-sky.a(cc2420.o)
 .text.cc2420_prepare
                0x000000000000604a       0x3c contiki-sky.a(cc2420.o)
 .text.cc2420_on
                0x0000000000006086       0x22 contiki-sky.a(cc2420.o)
                0x0000000000006086                cc2420_on
 .text.cc2420_transmit
                0x00000000000060a8       0x50 contiki-sky.a(cc2420.o)
 .text.cc2420_send
                0x00000000000060f8       0x12 contiki-sky.a(cc2420.o)
 .text.cc2420_off
                0x000000000000610a       0x30 contiki-sky.a(cc2420.o)
                0x000000000000610a                cc2420_off
 .text.cc2420_cca
                0x000000000000613a       0x68 contiki-sky.a(cc2420.o)
 .text.cc2420_read
                0x00000000000061a2       0xc0 contiki-sky.a(cc2420.o)
 .text.process_thread_cc2420_process
                0x0000000000006262       0x5c contiki-sky.a(cc2420.o)
 .text.encrypt  0x00000000000062be       0x88 contiki-sky.a(cc2420.o)
 .text.cc2420_flushrx
                0x0000000000006346        0x6 contiki-sky.a(cc2420.o)
                0x0000000000006346                cc2420_flushrx
 .text.cc2420_set_security
                0x000000000000634c       0x62 contiki-sky.a(cc2420.o)
                0x000000000000634c                cc2420_set_security
 .text.cc2420_set_nonce
                0x00000000000063ae       0x22 contiki-sky.a(cc2420.o)
                0x00000000000063ae                cc2420_set_nonce
 .text.cc2420_decrypt_rx
                0x00000000000063d0       0x12 contiki-sky.a(cc2420.o)
                0x00000000000063d0                cc2420_decrypt_rx
 .text.cc2420_set_key
                0x00000000000063e2       0x18 contiki-sky.a(cc2420.o)
                0x00000000000063e2                cc2420_set_key
 .text.set_key  0x00000000000063fa        0x6 contiki-sky.a(cc2420.o)
 .text.cc2420_set_channel
                0x0000000000006400       0x3c contiki-sky.a(cc2420.o)
                0x0000000000006400                cc2420_set_channel
 .text.cc2420_set_channel_fast
                0x000000000000643c       0x5e contiki-sky.a(cc2420.o)
                0x000000000000643c                cc2420_set_channel_fast
 .text.cc2420_set_pan_addr
                0x000000000000649a       0x4c contiki-sky.a(cc2420.o)
                0x000000000000649a                cc2420_set_pan_addr
 .text.cc2420_interrupt
                0x00000000000064e6       0x16 contiki-sky.a(cc2420.o)
                0x00000000000064e6                cc2420_interrupt
 .text.cc2420_set_txpower
                0x00000000000064fc       0x2c contiki-sky.a(cc2420.o)
                0x00000000000064fc                cc2420_set_txpower
 .text.cc2420_get_txpower
                0x0000000000006528       0x1e contiki-sky.a(cc2420.o)
                0x0000000000006528                cc2420_get_txpower
 .text.cc2420_rssi
                0x0000000000006546       0x4c contiki-sky.a(cc2420.o)
                0x0000000000006546                cc2420_rssi
 .text.get_value
                0x0000000000006592       0xa8 contiki-sky.a(cc2420.o)
 .text.cc2420_set_cca_threshold
                0x000000000000663a       0x16 contiki-sky.a(cc2420.o)
                0x000000000000663a                cc2420_set_cca_threshold
 .text.set_value
                0x0000000000006650       0x86 contiki-sky.a(cc2420.o)
 .text.cc2420_sfd_sync
                0x00000000000066d6       0x5e contiki-sky.a(cc2420.o)
                0x00000000000066d6                cc2420_sfd_sync
 .text.cc2420_read_sfd_timer
                0x0000000000006734       0x38 contiki-sky.a(cc2420.o)
                0x0000000000006734                cc2420_read_sfd_timer
 .text.cc2420_address_decode
                0x000000000000676c       0x7c contiki-sky.a(cc2420.o)
                0x000000000000676c                cc2420_address_decode
 .text.cc2420_set_autoack
                0x00000000000067e8       0x78 contiki-sky.a(cc2420.o)
                0x00000000000067e8                cc2420_set_autoack
 .text.cc2420_set_interrupt_enable
                0x0000000000006860       0x40 contiki-sky.a(cc2420.o)
                0x0000000000006860                cc2420_set_interrupt_enable
 .text.cc2420_init
                0x00000000000068a0      0x116 contiki-sky.a(cc2420.o)
                0x00000000000068a0                cc2420_init
 .text.cc2420_port1_interrupt
                0x00000000000069b6       0x20 contiki-sky.a(cc2420-arch.o)
                0x00000000000069b6                __isr_4
                0x00000000000069b6                cc2420_port1_interrupt
 .text.cc2420_arch_init
                0x00000000000069d6       0x1a contiki-sky.a(cc2420-arch.o)
                0x00000000000069d6                cc2420_arch_init
 .text.uart1_active
                0x00000000000069f0       0x18 contiki-sky.a(uart1.o)
                0x00000000000069f0                uart1_active
 .text.uart1_set_input
                0x0000000000006a08        0x6 contiki-sky.a(uart1.o)
                0x0000000000006a08                uart1_set_input
 .text.uart1_writeb
                0x0000000000006a0e       0x18 contiki-sky.a(uart1.o)
                0x0000000000006a0e                uart1_writeb
 .text.uart1_init
                0x0000000000006a26       0xc6 contiki-sky.a(uart1.o)
                0x0000000000006a26                uart1_init
 .text.uart1_rx_interrupt
                0x0000000000006aec       0x50 contiki-sky.a(uart1.o)
                0x0000000000006aec                uart1_rx_interrupt
                0x0000000000006aec                __isr_3
 .text.putchar  0x0000000000006b3c       0x10 contiki-sky.a(uart1-putchar.o)
                0x0000000000006b3c                putchar
 .text.msp430_init_dco
                0x0000000000006b4c       0x82 contiki-sky.a(msp430.o)
                0x0000000000006b4c                msp430_init_dco
 .text.msp430_cpu_init
                0x0000000000006bce       0x2a contiki-sky.a(msp430.o)
                0x0000000000006bce                msp430_cpu_init
 .text.splhigh_
                0x0000000000006bf8        0x8 contiki-sky.a(msp430.o)
                0x0000000000006bf8                splhigh_
 .text.msp430_sync_dco_log
                0x0000000000006c00       0x9e contiki-sky.a(msp430.o)
                0x0000000000006c00                msp430_sync_dco_log
 .text.msp430_rand
                0x0000000000006c9e       0xca contiki-sky.a(msp430.o)
                0x0000000000006c9e                msp430_rand
 .text.timera1  0x0000000000006d68       0xdc contiki-sky.a(clock.o)
                0x0000000000006d68                __isr_5
                0x0000000000006d68                timera1
 .text.clock_time
                0x0000000000006e44       0x1a contiki-sky.a(clock.o)
                0x0000000000006e44                clock_time
 .text.clock_init
                0x0000000000006e5e       0x28 contiki-sky.a(clock.o)
                0x0000000000006e5e                clock_init
 .text.clock_delay
                0x0000000000006e86        0xc contiki-sky.a(clock.o)
                0x0000000000006e86                clock_delay
 .text.clock_seconds
                0x0000000000006e92       0x1a contiki-sky.a(clock.o)
                0x0000000000006e92                clock_seconds
 .text.leds_init
                0x0000000000006eac        0xa contiki-sky.a(leds.o)
                0x0000000000006eac                leds_init
 .text.leds_on  0x0000000000006eb6        0xe contiki-sky.a(leds.o)
                0x0000000000006eb6                leds_on
 .text.leds_off
                0x0000000000006ec4       0x12 contiki-sky.a(leds.o)
                0x0000000000006ec4                leds_off
 .text.leds_toggle
                0x0000000000006ed6        0xe contiki-sky.a(leds.o)
                0x0000000000006ed6                leds_toggle
 .text.leds_blink
                0x0000000000006ee4       0x20 contiki-sky.a(leds.o)
                0x0000000000006ee4                leds_blink
 .text.leds_arch_init
                0x0000000000006f04        0xe contiki-sky.a(leds-arch.o)
                0x0000000000006f04                leds_arch_init
 .text.leds_arch_set
                0x0000000000006f12       0x38 contiki-sky.a(leds-arch.o)
                0x0000000000006f12                leds_arch_set
 .text.printchar
                0x0000000000006f4a        0xe contiki-sky.a(watchdog.o)
 .text.hexprint
                0x0000000000006f58       0x48 contiki-sky.a(watchdog.o)
 .text.printstring
                0x0000000000006fa0       0x16 contiki-sky.a(watchdog.o)
 .text.watchdog_start
                0x0000000000006fb6       0x14 contiki-sky.a(watchdog.o)
                0x0000000000006fb6                watchdog_start
 .text.watchdog_periodic
                0x0000000000006fca       0x12 contiki-sky.a(watchdog.o)
                0x0000000000006fca                watchdog_periodic
 .text.watchdog_stop
                0x0000000000006fdc       0x16 contiki-sky.a(watchdog.o)
                0x0000000000006fdc                watchdog_stop
 .text.watchdog_init
                0x0000000000006ff2       0x12 contiki-sky.a(watchdog.o)
                0x0000000000006ff2                watchdog_init
 .text.watchdog_reboot
                0x0000000000007004       0x18 contiki-sky.a(watchdog.o)
                0x0000000000007004                watchdog_reboot
 .text.watchdog_interrupt
                0x000000000000701c       0x8e contiki-sky.a(watchdog.o)
                0x000000000000701c                __isr_10
                0x000000000000701c                watchdog_interrupt
 .text.autostart_start
                0x00000000000070aa       0x16 contiki-sky.a(autostart.o)
                0x00000000000070aa                autostart_start
 .text.process_thread_ctimer_process
                0x00000000000070c0       0xa8 contiki-sky.a(ctimer.o)
 .text.ctimer_init
                0x0000000000007168       0x18 contiki-sky.a(ctimer.o)
                0x0000000000007168                ctimer_init
 .text.ctimer_set_with_process
                0x0000000000007180       0x4e contiki-sky.a(ctimer.o)
                0x0000000000007180                ctimer_set_with_process
 .text.ctimer_set_absolute
                0x00000000000071ce       0x3a contiki-sky.a(ctimer.o)
                0x00000000000071ce                ctimer_set_absolute
 .text.energest_type_set
                0x0000000000007208        0x2 contiki-sky.a(energest.o)
                0x0000000000007208                energest_type_set
 .text.energest_init
                0x000000000000720a        0x2 contiki-sky.a(energest.o)
                0x000000000000720a                energest_init
 .text.energest_type_time
                0x000000000000720c        0x6 contiki-sky.a(energest.o)
                0x000000000000720c                energest_type_time
 .text.energest_flush
                0x0000000000007212        0x2 contiki-sky.a(energest.o)
                0x0000000000007212                energest_flush
 .text.update_time
                0x0000000000007214       0x78 contiki-sky.a(etimer.o)
 .text.etimer_request_poll
                0x000000000000728c        0xa contiki-sky.a(etimer.o)
                0x000000000000728c                etimer_request_poll
 .text.process_thread_etimer_process
                0x0000000000007296       0xcc contiki-sky.a(etimer.o)
 .text.add_timer
                0x0000000000007362       0x40 contiki-sky.a(etimer.o)
 .text.etimer_set
                0x00000000000073a2       0x12 contiki-sky.a(etimer.o)
                0x00000000000073a2                etimer_set
 .text.etimer_adjust_absolute
                0x00000000000073b4        0xe contiki-sky.a(etimer.o)
                0x00000000000073b4                etimer_adjust_absolute
 .text.etimer_pending
                0x00000000000073c2        0xc contiki-sky.a(etimer.o)
                0x00000000000073c2                etimer_pending
 .text.etimer_next_expiration_time
                0x00000000000073ce       0x16 contiki-sky.a(etimer.o)
                0x00000000000073ce                etimer_next_expiration_time
 .text.call_process
                0x00000000000073e4       0x46 contiki-sky.a(process.o)
 .text.exit_process
                0x000000000000742a       0x96 contiki-sky.a(process.o)
 .text.do_poll  0x00000000000074c0       0x30 contiki-sky.a(process.o)
 .text.process_alloc_event
                0x00000000000074f0        0xe contiki-sky.a(process.o)
                0x00000000000074f0                process_alloc_event
 .text.process_init
                0x00000000000074fe       0x1c contiki-sky.a(process.o)
                0x00000000000074fe                process_init
 .text.process_run
                0x000000000000751a       0xa2 contiki-sky.a(process.o)
                0x000000000000751a                process_run
 .text.process_nevents
                0x00000000000075bc        0xe contiki-sky.a(process.o)
                0x00000000000075bc                process_nevents
 .text.process_post
                0x00000000000075ca       0x54 contiki-sky.a(process.o)
                0x00000000000075ca                process_post
 .text.process_post_synch
                0x000000000000761e       0x12 contiki-sky.a(process.o)
                0x000000000000761e                process_post_synch
 .text.process_start
                0x0000000000007630       0x36 contiki-sky.a(process.o)
                0x0000000000007630                process_start
 .text.process_poll
                0x0000000000007666       0x18 contiki-sky.a(process.o)
                0x0000000000007666                process_poll
 .text.rtimer_init
                0x000000000000767e        0x6 contiki-sky.a(rtimer.o)
                0x000000000000767e                rtimer_init
 .text.rtimer_set_override
                0x0000000000007684       0x1c contiki-sky.a(rtimer.o)
                0x0000000000007684                rtimer_set_override
 .text.rtimer_run_next
                0x00000000000076a0       0x26 contiki-sky.a(rtimer.o)
                0x00000000000076a0                rtimer_run_next
 .text.timer_set
                0x00000000000076c6       0x1c contiki-sky.a(timer.o)
                0x00000000000076c6                timer_set
 .text.timer_expired
                0x00000000000076e2       0x2a contiki-sky.a(timer.o)
                0x00000000000076e2                timer_expired
 .text.process_thread_serial_line_process
                0x000000000000770c       0x9e contiki-sky.a(serial-line.o)
 .text.serial_line_input_byte
                0x00000000000077aa       0x4a contiki-sky.a(serial-line.o)
                0x00000000000077aa                serial_line_input_byte
 .text.serial_line_init
                0x00000000000077f4       0x1c contiki-sky.a(serial-line.o)
                0x00000000000077f4                serial_line_init
 .text.list_init
                0x0000000000007810        0x6 contiki-sky.a(list.o)
                0x0000000000007810                list_init
 .text.list_head
                0x0000000000007816        0x4 contiki-sky.a(list.o)
                0x0000000000007816                list_head
 .text.list_tail
                0x000000000000781a       0x12 contiki-sky.a(list.o)
                0x000000000000781a                list_tail
 .text.list_remove
                0x000000000000782c       0x34 contiki-sky.a(list.o)
                0x000000000000782c                list_remove
 .text.list_add
                0x0000000000007860       0x2a contiki-sky.a(list.o)
                0x0000000000007860                list_add
 .text.random_init
                0x000000000000788a        0x6 contiki-sky.a(random.o)
                0x000000000000788a                random_init
 .text.ringbuf_init
                0x0000000000007890       0x14 contiki-sky.a(ringbuf.o)
                0x0000000000007890                ringbuf_init
 .text.ringbuf_put
                0x00000000000078a4       0x38 contiki-sky.a(ringbuf.o)
                0x00000000000078a4                ringbuf_put
 .text.ringbuf_get
                0x00000000000078dc       0x32 contiki-sky.a(ringbuf.o)
                0x00000000000078dc                ringbuf_get
 .text.rtimer_arch_now
                0x000000000000790e       0x20 contiki-sky.a(chaos.o)
 .text.rtimer_arch_now_vht_dco
                0x000000000000792e       0x20 contiki-sky.a(chaos.o)
 .text.rtimer_arch_now_vht
                0x000000000000794e       0x68 contiki-sky.a(chaos.o)
 .text.rtimer_sync_dco
                0x00000000000079b6       0x24 contiki-sky.a(chaos.o)
 .text.CC2420_GET_STATUS_FAST
                0x00000000000079da       0x22 contiki-sky.a(chaos.o)
 .text.cc2420_fast_on
                0x00000000000079fc       0x1e contiki-sky.a(chaos.o)
 .text.channel_check_interval
                0x0000000000007a1a        0x6 contiki-sky.a(chaos.o)
 .text.send_packet
                0x0000000000007a20        0x2 contiki-sky.a(chaos.o)
 .text.packet_input
                0x0000000000007a22        0x2 contiki-sky.a(chaos.o)
 .text.chaos_net_init
                0x0000000000007a24        0x2 contiki-sky.a(chaos.o)
 .text.chaos_net_input
                0x0000000000007a26        0x2 contiki-sky.a(chaos.o)
 .text.turn_off
                0x0000000000007a28        0xc contiki-sky.a(chaos.o)
 .text.turn_on  0x0000000000007a34        0xe contiki-sky.a(chaos.o)
 .text.cc2420_fast_off
                0x0000000000007a42       0x28 contiki-sky.a(chaos.o)
 .text.cc2420_fast_rx.isra.1.constprop.4
                0x0000000000007a6a      0x2d0 contiki-sky.a(chaos.o)
 .text.chaos_clear_rx_tx_packets
                0x0000000000007d3a       0x1e contiki-sky.a(chaos.o)
                0x0000000000007d3a                chaos_clear_rx_tx_packets
 .text.chaos_make_const_nonce
                0x0000000000007d58       0x36 contiki-sky.a(chaos.o)
                0x0000000000007d58                chaos_make_const_nonce
 .text.chaos_init
                0x0000000000007d8e       0xa6 contiki-sky.a(chaos.o)
 .text.chaos_round
                0x0000000000007e34      0x89a contiki-sky.a(chaos.o)
                0x0000000000007e34                chaos_round
 .text.chaos_associate
                0x00000000000086ce      0x214 contiki-sky.a(chaos.o)
                0x00000000000086ce                chaos_associate
 .text.set_round_rtimer
                0x00000000000088e2        0xa contiki-sky.a(chaos.o)
                0x00000000000088e2                set_round_rtimer
 .text.get_round_rtimer
                0x00000000000088ec        0xa contiki-sky.a(chaos.o)
                0x00000000000088ec                get_round_rtimer
 .text.get_round_synced
                0x00000000000088f6        0x6 contiki-sky.a(chaos.o)
                0x00000000000088f6                get_round_synced
 .text.get_next_round_begin
                0x00000000000088fc        0x6 contiki-sky.a(chaos.o)
                0x00000000000088fc                get_next_round_begin
 .text.get_next_round_id
                0x0000000000008902        0x6 contiki-sky.a(chaos.o)
                0x0000000000008902                get_next_round_id
 .text.init_node_index
                0x0000000000008908        0x6 contiki-sky.a(node.o)
                0x0000000000008908                init_node_index
 .text.set_stable_initiator
                0x000000000000890e        0x8 contiki-sky.a(node.o)
                0x000000000000890e                set_stable_initiator
 .text.is_pending
                0x0000000000008916       0x12 contiki-sky.a(join.o)
 .text.round_begin_sniffer
                0x0000000000008928       0x42 contiki-sky.a(join.o)
 .text.round_end_sniffer
                0x000000000000896a       0x2c contiki-sky.a(join.o)
 .text.merge_sort
                0x0000000000008996       0xc4 contiki-sky.a(join.o)
 .text.round_begin
                0x0000000000008a5a      0x108 contiki-sky.a(join.o)
 .text.process  0x0000000000008b62      0x70a contiki-sky.a(join.o)
 .text.join_print_nodes
                0x000000000000926c       0x42 contiki-sky.a(join.o)
                0x000000000000926c                join_print_nodes
 .text.join_init
                0x00000000000092ae       0x7e contiki-sky.a(join.o)
                0x00000000000092ae                join_init
 .text.join_last_round_is_complete
                0x000000000000932c        0x6 contiki-sky.a(join.o)
                0x000000000000932c                join_last_round_is_complete
 .text.join_get_off_slot
                0x0000000000009332        0x6 contiki-sky.a(join.o)
                0x0000000000009332                join_get_off_slot
 .text.join_get_commit_slot
                0x0000000000009338        0x6 contiki-sky.a(join.o)
                0x0000000000009338                join_get_commit_slot
 .text.process  0x000000000000933e       0xa4 contiki-sky.a(glossy.o)
 .text.glossy_get_off_slot
                0x00000000000093e2        0x6 contiki-sky.a(glossy.o)
                0x00000000000093e2                glossy_get_off_slot
 .text.glossy_is_pending
                0x00000000000093e8        0x4 contiki-sky.a(glossy.o)
                0x00000000000093e8                glossy_is_pending
 .text.glossy_round_begin
                0x00000000000093ec       0x62 contiki-sky.a(glossy.o)
                0x00000000000093ec                glossy_round_begin
 .text.send_packet
                0x000000000000944e        0x2 contiki-sky.a(nordc.o)
 .text.send_list
                0x0000000000009450        0x2 contiki-sky.a(nordc.o)
 .text.packet_input
                0x0000000000009452        0x2 contiki-sky.a(nordc.o)
 .text.on       0x0000000000009454        0x4 contiki-sky.a(nordc.o)
 .text.off      0x0000000000009458        0x4 contiki-sky.a(nordc.o)
 .text.channel_check_interval
                0x000000000000945c        0x4 contiki-sky.a(nordc.o)
 .text.init     0x0000000000009460        0x2 contiki-sky.a(nordc.o)
 .text.linkaddr_copy
                0x0000000000009462        0xc contiki-sky.a(linkaddr.o)
                0x0000000000009462                linkaddr_copy
 .text.linkaddr_set_node_addr
                0x000000000000946e        0xc contiki-sky.a(linkaddr.o)
                0x000000000000946e                linkaddr_set_node_addr
 .text.packetbuf_set_datalen
                0x000000000000947a        0x6 contiki-sky.a(packetbuf.o)
                0x000000000000947a                packetbuf_set_datalen
 .text.packetbuf_dataptr
                0x0000000000009480        0xe contiki-sky.a(packetbuf.o)
                0x0000000000009480                packetbuf_dataptr
 .text.packetbuf_attr_clear
                0x000000000000948e       0x28 contiki-sky.a(packetbuf.o)
                0x000000000000948e                packetbuf_attr_clear
 .text.packetbuf_clear
                0x00000000000094b6       0x1a contiki-sky.a(packetbuf.o)
                0x00000000000094b6                packetbuf_clear
 .text.init     0x00000000000094d0        0x2 contiki-sky.a(nullsec.o)
 .text.send     0x00000000000094d2        0xa contiki-sky.a(nullsec.o)
 .text.input    0x00000000000094dc        0x6 contiki-sky.a(nullsec.o)
 .text.spi_init
                0x00000000000094e2       0x30 contiki-sky.a(spi.o)
                0x00000000000094e2                spi_init
 .text.timera0  0x0000000000009512       0x2e contiki-sky.a(rtimer-arch.o)
                0x0000000000009512                __isr_6
                0x0000000000009512                timera0
 .text.rtimer_arch_init
                0x0000000000009540        0xe contiki-sky.a(rtimer-arch.o)
                0x0000000000009540                rtimer_arch_init
 .text.rtimer_arch_schedule
                0x000000000000954e        0x6 contiki-sky.a(rtimer-arch.o)
                0x000000000000954e                rtimer_arch_schedule
 .text.rtimer_arch_now
                0x0000000000009554       0x20 contiki-sky.a(chaos-control.o)
 .text.chaos_round_proc
                0x0000000000009574       0x5e contiki-sky.a(chaos-control.o)
 .text.chaos_pre_processing
                0x00000000000095d2       0x58 contiki-sky.a(chaos-control.o)
 .text.chaos_control_get_round_rtimer
                0x000000000000962a        0xa contiki-sky.a(chaos-control.o)
                0x000000000000962a                chaos_control_get_round_rtimer
 .text.chaos_schedule_check_timer_miss
                0x0000000000009634       0x2c contiki-sky.a(chaos-control.o)
                0x0000000000009634                chaos_schedule_check_timer_miss
 .text.process_thread_chaos_process
                0x0000000000009660      0x4d2 contiki-sky.a(chaos-control.o)
 .text.chaos_multichannel_init
                0x0000000000009b32        0xa contiki-sky.a(chaos-multichan)
                0x0000000000009b32                chaos_multichannel_init
 .text.chaos_multichannel_update_black_list
                0x0000000000009b3c        0x2 contiki-sky.a(chaos-multichan)
                0x0000000000009b3c                chaos_multichannel_update_black_list
 .text.chaos_multichannel_round_init
                0x0000000000009b3e        0x2 contiki-sky.a(chaos-multichan)
                0x0000000000009b3e                chaos_multichannel_round_init
 .text.chaos_multichannel_lookup_channel
                0x0000000000009b40       0x32 contiki-sky.a(chaos-multichan)
                0x0000000000009b40                chaos_multichannel_lookup_channel
 .text.chaos_multichannel_update_current_channel
                0x0000000000009b72        0xa contiki-sky.a(chaos-multichan)
                0x0000000000009b72                chaos_multichannel_update_current_channel
 .text.chaos_multichannel_get_current_channel
                0x0000000000009b7c        0x6 contiki-sky.a(chaos-multichan)
                0x0000000000009b7c                chaos_multichannel_get_current_channel
 .text.chaos_random_generator_set_seed
                0x0000000000009b82       0x56 contiki-sky.a(chaos-random-ge)
                0x0000000000009b82                chaos_random_generator_set_seed
 .text.chaos_random_generator_produce
                0x0000000000009bd8      0x19a contiki-sky.a(chaos-random-ge)
                0x0000000000009bd8                chaos_random_generator_produce
 .text.chaos_random_generator_update_table
                0x0000000000009d72       0x20 contiki-sky.a(chaos-random-ge)
                0x0000000000009d72                chaos_random_generator_update_table
 .text.chaos_random_generator_init
                0x0000000000009d92       0x1a contiki-sky.a(chaos-random-ge)
                0x0000000000009d92                chaos_random_generator_init
 .text.chaos_random_generator_fast
                0x0000000000009dac       0x1a contiki-sky.a(chaos-random-ge)
                0x0000000000009dac                chaos_random_generator_fast
 .text.scheduler_init
                0x0000000000009dc6       0x48 contiki-sky.a(chaos-scheduler)
                0x0000000000009dc6                scheduler_init
 .text.scheduler_round_begin
                0x0000000000009e0e       0x72 contiki-sky.a(chaos-scheduler)
                0x0000000000009e0e                scheduler_round_begin
 .text.scheduler_round_end
                0x0000000000009e80       0x52 contiki-sky.a(chaos-scheduler)
                0x0000000000009e80                scheduler_round_end
 .text.scheduler_get_current_app
                0x0000000000009ed2        0x6 contiki-sky.a(chaos-scheduler)
                0x0000000000009ed2                scheduler_get_current_app
 .text.scheduler_get_next_round_app_id
                0x0000000000009ed8        0x6 contiki-sky.a(chaos-scheduler)
                0x0000000000009ed8                scheduler_get_next_round_app_id
 .text.scheduler_get_next_round_begin
                0x0000000000009ede        0x6 contiki-sky.a(chaos-scheduler)
                0x0000000000009ede                scheduler_get_next_round_begin
 .text.libgcc   0x0000000000009ee4       0x2c /usr/local/Cellar/msp430-gcc/4.7.0/lib/gcc/msp430/4.7.0/mmpy-16/libgcc.a(_mulsi3.o)
                0x0000000000009ee4                __mulsi3
 .text.libgcc   0x0000000000009f10       0x3a /usr/local/Cellar/msp430-gcc/4.7.0/lib/gcc/msp430/4.7.0/mmpy-16/libgcc.a(_divmod16.o)
                0x0000000000009f10                __ext_divmod16
                0x0000000000009f10                __divhi3
                0x0000000000009f42                __modhi3
 .text.libgcc   0x0000000000009f4a       0x40 /usr/local/Cellar/msp430-gcc/4.7.0/lib/gcc/msp430/4.7.0/mmpy-16/libgcc.a(_udivmod32.o)
                0x0000000000009f4a                __udivsi3
                0x0000000000009f4a                __ext_udivmod32
                0x0000000000009f80                __umodsi3
 .text.libgcc   0x0000000000009f8a       0x22 /usr/local/Cellar/msp430-gcc/4.7.0/lib/gcc/msp430/4.7.0/mmpy-16/libgcc.a(_udivmod16.o)
                0x0000000000009f8a                __udivhi3
                0x0000000000009f8a                __ext_udivmod16
                0x0000000000009fa4                __umodhi3
 .text.printf   0x0000000000009fac       0x10 /usr/local/Cellar/msp430-gcc/4.7.0/lib/gcc/msp430/4.7.0/../../../../msp430/lib/mmpy-16/libc.a(printf.o)
                0x0000000000009fac                printf
 .text.print_field
                0x0000000000009fbc      0x194 /usr/local/Cellar/msp430-gcc/4.7.0/lib/gcc/msp430/4.7.0/../../../../msp430/lib/mmpy-16/libc.a(vuprintf.o)
 .text.vuprintf
                0x000000000000a150      0x63c /usr/local/Cellar/msp430-gcc/4.7.0/lib/gcc/msp430/4.7.0/../../../../msp430/lib/mmpy-16/libc.a(vuprintf.o)
                0x000000000000a150                vuprintf
 .text.puts     0x000000000000a78c       0x2c /usr/local/Cellar/msp430-gcc/4.7.0/lib/gcc/msp430/4.7.0/../../../../msp430/lib/mmpy-16/libc.a(puts.o)
                0x000000000000a78c                puts
 .text.srand    0x000000000000a7b8        0xa /usr/local/Cellar/msp430-gcc/4.7.0/lib/gcc/msp430/4.7.0/../../../../msp430/lib/mmpy-16/libc.a(rand.o)
                0x000000000000a7b8                srand
 .text.strcmp   0x000000000000a7c2       0x1e /usr/local/Cellar/msp430-gcc/4.7.0/lib/gcc/msp430/4.7.0/../../../../msp430/lib/mmpy-16/libc.a(strcmp.o)
                0x000000000000a7c2                strcmp
 .text.memcmp   0x000000000000a7e0       0x30 /usr/local/Cellar/msp430-gcc/4.7.0/lib/gcc/msp430/4.7.0/../../../../msp430/lib/mmpy-16/libc.a(memcmp.o)
                0x000000000000a7e0                memcmp
 .text.memcpy   0x000000000000a810       0xfa /usr/local/Cellar/msp430-gcc/4.7.0/lib/gcc/msp430/4.7.0/../../../../msp430/lib/mmpy-16/libc.a(memcpy.o)
                0x000000000000a810                memcpy
 .text.memset   0x000000000000a90a       0x6a /usr/local/Cellar/msp430-gcc/4.7.0/lib/gcc/msp430/4.7.0/../../../../msp430/lib/mmpy-16/libc.a(memset.o)
                0x000000000000a90a                memset
 .text.libgcc   0x000000000000a974       0xf0 /usr/local/Cellar/msp430-gcc/4.7.0/lib/gcc/msp430/4.7.0/mmpy-16/libgcc.a(_udivmod64.o)
                0x000000000000a974                __xabi_udivmod64
                0x000000000000a9d2                __udivdi3
                0x000000000000a9f8                __umoddi3
                0x000000000000aa26                __udivmoddi4
 .text.crt0     0x000000000000aa64        0x2 /usr/local/Cellar/msp430-gcc/4.7.0/lib/gcc/msp430/4.7.0/mmpy-16/libcrt0.a(_unexpected_.o)
                0x000000000000aa64                _unexpected_
 *(.near.text .near.text.*)

.rodata         0x000000000000aa68      0x58c
                0x000000000000aa68                . = ALIGN (0x2)
 *(.rodata .rodata.* .gnu.linkonce.r.*)
 .rodata        0x000000000000aa68       0xee glossy-app.co
                0x000000000000ab1a                autostart_processes
                0x000000000000ab2f                chaos_app_count
                0x000000000000ab30                chaos_apps
                0x000000000000ab46                chaos_glossy_app
 .rodata        0x000000000000ab56       0xfa obj_sky/contiki-sky-main.o
 .rodata        0x000000000000ac50       0x10 contiki-sky.a(button-sensor.o)
                0x000000000000ac58                button_sensor
 .rodata        0x000000000000ac60        0x8 contiki-sky.a(sensors.o)
 .rodata.get_value
                0x000000000000ac68       0x1c contiki-sky.a(cc2420.o)
 .rodata        0x000000000000ac84       0x3e contiki-sky.a(cc2420.o)
                0x000000000000ac84                cc2420_aes_128_driver
                0x000000000000ac88                cc2420_driver
 .rodata        0x000000000000acc2       0x2f contiki-sky.a(watchdog.o)
 .rodata        0x000000000000acf1        0xf contiki-sky.a(ctimer.o)
 .rodata        0x000000000000ad00        0xc contiki-sky.a(etimer.o)
 .rodata        0x000000000000ad0c        0xe contiki-sky.a(serial-line.o)
 .rodata        0x000000000000ad1a       0xa4 contiki-sky.a(chaos.o)
                0x000000000000ada0                chaosnet_driver
                0x000000000000adb0                chaosmac_driver
 .rodata        0x000000000000adbe       0x22 contiki-sky.a(join.o)
                0x000000000000add0                join
 .rodata        0x000000000000ade0       0x16 contiki-sky.a(nordc.o)
                0x000000000000ade6                nordc_driver
 .rodata        0x000000000000adf6        0x2 contiki-sky.a(linkaddr.o)
                0x000000000000adf6                linkaddr_null
 .rodata        0x000000000000adf8       0x10 contiki-sky.a(nullsec.o)
                0x000000000000ae00                nullsec_driver
 .rodata        0x000000000000ae08      0x19f contiki-sky.a(chaos-control.o)
 .rodata        0x000000000000afa7       0x46 contiki-sky.a(chaos-scheduler)
 .rodata.vuprintf
                0x000000000000afed        0x7 /usr/local/Cellar/msp430-gcc/4.7.0/lib/gcc/msp430/4.7.0/../../../../msp430/lib/mmpy-16/libc.a(vuprintf.o)
 *(.near.rodata .near.rodata.*)
                0x000000000000aff4                . = ALIGN (0x2)
                0x000000000000aff4                _etext = .

.data           0x0000000000001100       0xac load address 0x000000000000aff4
                0x0000000000001100                . = ALIGN (0x2)
                0x0000000000001100                __data_start = .
 *(.data .data.* .gnu.linkonce.d.*)
 .data          0x0000000000001100        0xa glossy-app.co
                0x0000000000001100                chaos_glossy_app_process
 .data          0x000000000000110a        0x4 contiki-sky.a(contiki-sky-pla)
                0x000000000000110a                sensors
 .data          0x000000000000110e        0xa contiki-sky.a(sensors.o)
                0x000000000000110e                sensors_process
 .data          0x0000000000001118        0xc contiki-sky.a(cc2420.o)
                0x000000000000111a                cc2420_process
 .data          0x0000000000001124        0x2 contiki-sky.a(msp430.o)
 .data          0x0000000000001126        0xa contiki-sky.a(ctimer.o)
                0x0000000000001126                ctimer_process
 .data          0x0000000000001130        0xa contiki-sky.a(etimer.o)
                0x0000000000001130                etimer_process
 .data          0x000000000000113a        0xa contiki-sky.a(serial-line.o)
                0x000000000000113a                serial_line_process
 .data          0x0000000000001144        0xa contiki-sky.a(chaos.o)
 .data          0x000000000000114e        0xa contiki-sky.a(chaos-control.o)
                0x000000000000114e                chaos_process
 .data          0x0000000000001158       0x40 contiki-sky.a(chaos-multichan)
                0x0000000000001158                chaos_channel_hopping_sequence
 .data          0x0000000000001198       0x10 contiki-sky.a(chaos-random-ge)
 .data.next     0x00000000000011a8        0x4 /usr/local/Cellar/msp430-gcc/4.7.0/lib/gcc/msp430/4.7.0/../../../../msp430/lib/mmpy-16/libc.a(rand.o)
 *(.near.data .near.data.*)
                0x00000000000011ac                . = ALIGN (0x2)
                0x00000000000011ac                _edata = .
                0x000000000000aff4                __data_load_start = LOADADDR (.data)
                0x00000000000000ac                __data_size = SIZEOF (.data)

.bss            0x00000000000011ac     0x1254 load address 0x000000000000b0a0
                0x00000000000011ac                __bss_start = .
 *(.bss .bss.*)
 .bss           0x00000000000011ac        0xa glossy-app.co
 .bss           0x00000000000011b6        0x4 obj_sky/contiki-sky-main.o
 .bss           0x00000000000011ba        0x8 contiki-sky.a(button-sensor.o)
 .bss           0x00000000000011c2        0x2 contiki-sky.a(node-id.o)
                0x00000000000011c2                node_id
 .bss           0x00000000000011c4        0x6 contiki-sky.a(sensors.o)
 .bss           0x00000000000011ca        0x8 contiki-sky.a(cc2420.o)
 .bss           0x00000000000011d2        0x4 contiki-sky.a(uart1.o)
 .bss           0x00000000000011d6        0xa contiki-sky.a(clock.o)
 .bss           0x00000000000011e0        0x1 contiki-sky.a(leds.o)
 *fill*         0x00000000000011e1        0x1 00
 .bss           0x00000000000011e2        0x6 contiki-sky.a(watchdog.o)
 .bss           0x00000000000011e8        0x4 contiki-sky.a(ctimer.o)
 .bss           0x00000000000011ec        0x6 contiki-sky.a(etimer.o)
 .bss           0x00000000000011f2       0x42 contiki-sky.a(process.o)
                0x00000000000011f2                process_current
                0x00000000000011f4                process_list
 .bss           0x0000000000001234        0x2 contiki-sky.a(rtimer.o)
 .bss           0x0000000000001236      0x10a contiki-sky.a(serial-line.o)
 .bss           0x0000000000001340      0x44a contiki-sky.a(chaos.o)
                0x0000000000001340                chaos_slot_stats
                0x0000000000001360                chaos_slot_timing_tx_sum
                0x0000000000001364                chaos_slot_timing_rx_sum
                0x0000000000001368                chaos_slot_timing_log_current
                0x000000000000137e                chaos_slot_timing_log_min
                0x0000000000001394                chaos_slot_timing_log_max
                0x00000000000013aa                chaos_slot_log
 .bss           0x000000000000178a        0x6 contiki-sky.a(node.o)
                0x000000000000178a                stable_initiator
                0x000000000000178c                chaos_has_node_index
                0x000000000000178d                chaos_node_count
                0x000000000000178e                chaos_node_index
 .bss           0x0000000000001790      0x30e contiki-sky.a(join.o)
                0x0000000000001790                join_debug_var
                0x0000000000001798                rx_pkt_copy
                0x0000000000001819                rx_pkt_crc_err
 .bss           0x0000000000001a9e        0xe contiki-sky.a(glossy.o)
 .bss           0x0000000000001aac       0xb8 contiki-sky.a(packetbuf.o)
 .bss           0x0000000000001b64       0x40 contiki-sky.a(chaos-control.o)
                0x0000000000001b64                dco_ref
                0x0000000000001b66                rtimer_ref
 .bss           0x0000000000001ba4        0x2 contiki-sky.a(chaos-multichan)
                0x0000000000001ba4                chaos_current_channel
 .bss           0x0000000000001ba6      0x806 contiki-sky.a(chaos-random-ge)
 .bss           0x00000000000023ac        0xa contiki-sky.a(chaos-scheduler)
 *(.near.bss .near.bss.*)
 *(COMMON)
 COMMON         0x00000000000023b6        0x2 contiki-sky.a(contiki-sky-pla)
                0x00000000000023b6                sensors_flags
 COMMON         0x00000000000023b8        0x8 contiki-sky.a(ds2411.o)
                0x00000000000023b8                ds2411_id
 COMMON         0x00000000000023c0        0x1 contiki-sky.a(sensors.o)
                0x00000000000023c0                sensors_event
 *fill*         0x00000000000023c1        0x1 00
 COMMON         0x00000000000023c2       0x10 contiki-sky.a(cc2420.o)
                0x00000000000023c2                cc2420_last_rssi
                0x00000000000023c4                cc2420_sfd_start_time
                0x00000000000023c6                cc2420_time_of_departure
                0x00000000000023c8                cc2420_time_of_arrival
                0x00000000000023ca                cc2420_last_correlation
                0x00000000000023cb                radio_last_correlation
                0x00000000000023cc                cc2420_authority_level_of_sender
                0x00000000000023ce                radio_last_rssi
                0x00000000000023cf                cc2420_sfd_counter
                0x00000000000023d0                cc2420_sfd_end_time
 COMMON         0x00000000000023d2        0x2 contiki-sky.a(msp430.o)
                0x00000000000023d2                msp430_dco_required
 COMMON         0x00000000000023d4        0x1 contiki-sky.a(process.o)
                0x00000000000023d4                process_maxevents
 COMMON         0x00000000000023d5        0x1 contiki-sky.a(serial-line.o)
                0x00000000000023d5                serial_line_event_message
 COMMON         0x00000000000023d6        0x2 contiki-sky.a(linkaddr.o)
                0x00000000000023d6                linkaddr_node_addr
 COMMON         0x00000000000023d8       0x28 contiki-sky.a(packetbuf.o)
                0x00000000000023d8                packetbuf_addrs
                0x00000000000023dc                packetbuf_attrs
                0x0000000000002400                . = ALIGN (0x2)
                0x0000000000002400                __bss_end = .
                0x0000000000001254                __bss_size = SIZEOF (.bss)

.noinit         0x0000000000002400        0x2 load address 0x000000000000b0a0
                0x0000000000002400                . = ALIGN (0x2)
                0x0000000000002400                __noinit_start = .
 *(.noinit .noinit.*)
 .noinit.crt0   0x0000000000002400        0x2 /usr/local/Cellar/msp430-gcc/4.7.0/lib/gcc/msp430/4.7.0/mmpy-16/libcrt0.a(__watchdog_support.o)
                0x0000000000002400                __wdt_clear_value
                0x0000000000002402                . = ALIGN (0x2)
                0x0000000000002402                __noinit_end = .
                0x0000000000002402                . = ALIGN (0x2)
                0x0000000000002402                _end = .

.infomem        0x0000000000001000        0x0
                0x0000000000001000                . = ALIGN (0x2)
 *(.infomem .infomem.*)

.infomemnobits  0x0000000000001000        0x0
                0x0000000000001000                . = ALIGN (0x2)
 *(.infomemnobits .infomemnobits.*)

.infoa          0x0000000000001080        0x0
                0x0000000000001080                . = ALIGN (0x2)
 *(.infoa .infoa.*)

.infob          0x0000000000001000        0x0
                0x0000000000001000                . = ALIGN (0x2)
 *(.infob .infob.*)

.infoc          0x0000000000000000        0x0
                0x0000000000000000                . = ALIGN (0x2)
 *(.infoc .infoc.*)

.infod          0x0000000000000000        0x0
                0x0000000000000000                . = ALIGN (0x2)
 *(.infod .infod.*)
                0x000000000000ffff                PROVIDE (__vte_0, 0xffff)
                0x000000000000ffff                PROVIDE (__vte_1, 0xffff)
                0x000000000000ffff                PROVIDE (__vte_2, 0xffff)
                0x000000000000ffff                PROVIDE (__vte_3, 0xffff)
                0x000000000000ffff                PROVIDE (__vte_4, 0xffff)
                0x000000000000ffff                PROVIDE (__vte_5, 0xffff)
                0x000000000000ffff                PROVIDE (__vte_6, 0xffff)
                0x000000000000ffff                PROVIDE (__vte_7, 0xffff)
                0x000000000000ffff                PROVIDE (__vte_8, 0xffff)
                0x000000000000ffff                PROVIDE (__vte_9, 0xffff)
                0x000000000000ffff                PROVIDE (__vte_10, 0xffff)
                0x000000000000ffff                PROVIDE (__vte_11, 0xffff)
                0x000000000000ffff                PROVIDE (__vte_12, 0xffff)
                0x000000000000ffff                PROVIDE (__vte_13, 0xffff)
                0x000000000000ffff                PROVIDE (__vte_14, 0xffff)
                0x000000000000ffff                PROVIDE (__vte_15, 0xffff)
                0x000000000000ffff                PROVIDE (__vte_16, 0xffff)
                0x000000000000ffff                PROVIDE (__vte_17, 0xffff)
                0x000000000000ffff                PROVIDE (__vte_18, 0xffff)
                0x000000000000ffff                PROVIDE (__vte_19, 0xffff)
                0x000000000000ffff                PROVIDE (__vte_20, 0xffff)
                0x000000000000ffff                PROVIDE (__vte_21, 0xffff)
                0x000000000000ffff                PROVIDE (__vte_22, 0xffff)
                0x000000000000ffff                PROVIDE (__vte_23, 0xffff)
                0x000000000000ffff                PROVIDE (__vte_24, 0xffff)
                0x000000000000ffff                PROVIDE (__vte_25, 0xffff)
                0x000000000000ffff                PROVIDE (__vte_26, 0xffff)
                0x000000000000ffff                PROVIDE (__vte_27, 0xffff)
                0x000000000000ffff                PROVIDE (__vte_28, 0xffff)
                0x000000000000ffff                PROVIDE (__vte_29, 0xffff)
                0x000000000000ffff                PROVIDE (__vte_30, 0xffff)
                0x000000000000ffff                PROVIDE (__vte_31, 0xffff)

.vectors        0x000000000000ffe0       0x20
                0x000000000000ffe0                __vectors_start = .
 *(.vectors*)
 .vectors       0x000000000000ffe0       0x20 /usr/local/Cellar/msp430-gcc/4.7.0/lib/gcc/msp430/4.7.0/mmpy-16/crt0ivtbl16.o
                0x000000000000ffe0                __ivtbl_16
                0x0000000000010000                _vectors_end = .

.fartext        0x0000000000000000        0x0
                0x0000000000000000                . = ALIGN (0x2)
 *(.fartext .fartext.*)

.far.text       0x0000000000000000        0x0
                0x0000000000000000                . = ALIGN (0x2)
 *(.far.text .far.text.*)

.far.rodata     0x0000000000000000        0x0
                0x0000000000000000                . = ALIGN (0x2)
 *(.far.rodata .far.rodata.*)
                0x0000000000000000                . = ALIGN (0x2)
                0x0000000000000000                _efartext = .

.far.data       0x0000000000000000        0x0
                0x0000000000000000                . = ALIGN (0x2)
                0x0000000000000000                __far_data_start = .
 *(.far.data .far.data.*)
                0x0000000000000000                . = ALIGN (0x2)
                0x0000000000000000                _efardata = .
                0x0000000000000000                __far_data_load_start = LOADADDR (.far.data)
                0x0000000000000000                __far_data_size = SIZEOF (.far.data)

.far.bss        0x0000000000000000        0x0
                0x0000000000000000                . = ALIGN (0x2)
                0x0000000000000000                __far_bss_start = .
 *(.far.bss .far.bss.*)
                0x0000000000000000                . = ALIGN (0x2)
                0x0000000000000000                __far_bss_end = .
                0x0000000000000000                __far_bss_size = SIZEOF (.far.bss)
                0x0000000000000000                . = ALIGN (0x2)
                0x0000000000000000                _far_end = .

.profiler
 *(.profiler)

.stab           0x0000000000000000    0x17ad8
 *(.stab)
 .stab          0x0000000000000000      0xee8 glossy-app.co
 .stab          0x0000000000000ee8     0x132c obj_sky/contiki-sky-main.o
                                       0x17f4 (size before relaxing)
 .stab          0x0000000000002214      0x264 contiki-sky.a(contiki-sky-pla)
                                        0x5e8 (size before relaxing)
 .stab          0x0000000000002478      0x450 contiki-sky.a(button-sensor.o)
                                        0x7ec (size before relaxing)
 .stab          0x00000000000028c8      0x630 contiki-sky.a(ds2411.o)
                                        0xb70 (size before relaxing)
 .stab          0x0000000000002ef8      0x9b4 contiki-sky.a(xmem.o)
                                        0xf0c (size before relaxing)
 .stab          0x00000000000038ac      0x2b8 contiki-sky.a(node-id.o)
                                        0x4e0 (size before relaxing)
 .stab          0x0000000000003b64      0x6a8 contiki-sky.a(sensors.o)
                                        0xbf4 (size before relaxing)
 .stab          0x000000000000420c     0x2d00 contiki-sky.a(cc2420.o)
                                       0x37ec (size before relaxing)
 .stab          0x0000000000006f0c      0xb58 contiki-sky.a(cc2420-arch.o)
                                       0x1548 (size before relaxing)
 .stab          0x0000000000007a64      0x564 contiki-sky.a(uart1.o)
                                        0x8e8 (size before relaxing)
 .stab          0x0000000000007fc8      0x24c contiki-sky.a(uart1-putchar.o)
                                        0x5e8 (size before relaxing)
 .stab          0x0000000000008214      0xa2c contiki-sky.a(msp430.o)
                                        0xdb0 (size before relaxing)
 .stab          0x0000000000008c40      0x918 contiki-sky.a(clock.o)
                                        0xc9c (size before relaxing)
 .stab          0x0000000000009558      0x4d4 contiki-sky.a(leds.o)
                                        0x858 (size before relaxing)
 .stab          0x0000000000009a2c      0x384 contiki-sky.a(leds-arch.o)
                                        0x708 (size before relaxing)
 .stab          0x0000000000009db0      0x660 contiki-sky.a(watchdog.o)
                                        0x9e4 (size before relaxing)
 .stab          0x000000000000a410      0x294 contiki-sky.a(autostart.o)
                                        0x534 (size before relaxing)
 .stab          0x000000000000a6a4      0x8dc contiki-sky.a(ctimer.o)
                                        0xc78 (size before relaxing)
 .stab          0x000000000000af80      0x2e8 contiki-sky.a(energest.o)
                                        0x66c (size before relaxing)
 .stab          0x000000000000b268      0xaec contiki-sky.a(etimer.o)
                                        0xdbc (size before relaxing)
 .stab          0x000000000000bd54      0xb70 contiki-sky.a(process.o)
                                       0x1008 (size before relaxing)
 .stab          0x000000000000c8c4      0x42c contiki-sky.a(rtimer.o)
                                        0x7b0 (size before relaxing)
 .stab          0x000000000000ccf0      0x348 contiki-sky.a(timer.o)
                                        0x588 (size before relaxing)
 .stab          0x000000000000d038      0x528 contiki-sky.a(serial-line.o)
                                        0xa74 (size before relaxing)
 .stab          0x000000000000d560      0x7bc contiki-sky.a(list.o)
                                        0x7c8 (size before relaxing)
 .stab          0x000000000000dd1c      0x240 contiki-sky.a(random.o)
                                        0x618 (size before relaxing)
 .stab          0x000000000000df5c      0x3f0 contiki-sky.a(ringbuf.o)
                                        0x630 (size before relaxing)
 .stab          0x000000000000e34c     0x2f40 contiki-sky.a(chaos.o)
                                       0x37c8 (size before relaxing)
 .stab          0x000000000001128c      0x864 contiki-sky.a(node.o)
                                        0xe28 (size before relaxing)
 .stab          0x0000000000011af0     0x180c contiki-sky.a(join.o)
                                       0x2208 (size before relaxing)
 .stab          0x00000000000132fc      0x63c contiki-sky.a(glossy.o)
                                        0xfe4 (size before relaxing)
 .stab          0x0000000000013938      0x3b4 contiki-sky.a(nordc.o)
                                        0x6a8 (size before relaxing)
 .stab          0x0000000000013cec      0x2ac contiki-sky.a(linkaddr.o)
                                        0x6a8 (size before relaxing)
 .stab          0x0000000000013f98      0xd38 contiki-sky.a(packetbuf.o)
                                       0x1b9c (size before relaxing)
 .stab          0x0000000000014cd0      0x630 contiki-sky.a(nullsec.o)
                                        0xcfc (size before relaxing)
 .stab          0x0000000000015300      0x1f8 contiki-sky.a(spi.o)
                                        0x420 (size before relaxing)
 .stab          0x00000000000154f8      0x300 contiki-sky.a(rtimer-arch.o)
                                        0x684 (size before relaxing)
 .stab          0x00000000000157f8     0x1068 contiki-sky.a(chaos-control.o)
                                       0x1b48 (size before relaxing)
 .stab          0x0000000000016860      0x6b4 contiki-sky.a(chaos-multichan)
                                       0x1050 (size before relaxing)
 .stab          0x0000000000016f14      0x4bc contiki-sky.a(chaos-random-ge)
                                        0xa20 (size before relaxing)
 .stab          0x00000000000173d0      0x708 contiki-sky.a(chaos-scheduler)
                                       0x10c8 (size before relaxing)

.stabstr        0x0000000000000000    0x14656
 *(.stabstr)
 .stabstr       0x0000000000000000    0x14656 glossy-app.co

.stab.excl
 *(.stab.excl)

.stab.exclstr
 *(.stab.exclstr)

.stab.index
 *(.stab.index)

.stab.indexstr
 *(.stab.indexstr)

.comment        0x0000000000000000       0x30
 *(.comment)
 .comment       0x0000000000000000       0x30 glossy-app.co
                                         0x31 (size before relaxing)
 .comment       0x0000000000000000       0x31 obj_sky/contiki-sky-main.o
 .comment       0x0000000000000000       0x31 contiki-sky.a(contiki-sky-pla)
 .comment       0x0000000000000000       0x31 contiki-sky.a(button-sensor.o)
 .comment       0x0000000000000000       0x31 contiki-sky.a(ds2411.o)
 .comment       0x0000000000000000       0x31 contiki-sky.a(xmem.o)
 .comment       0x0000000000000000       0x31 contiki-sky.a(node-id.o)
 .comment       0x0000000000000000       0x31 contiki-sky.a(sensors.o)
 .comment       0x0000000000000000       0x31 contiki-sky.a(cc2420.o)
 .comment       0x0000000000000000       0x31 contiki-sky.a(cc2420-arch.o)
 .comment       0x0000000000000000       0x31 contiki-sky.a(uart1.o)
 .comment       0x0000000000000000       0x31 contiki-sky.a(uart1-putchar.o)
 .comment       0x0000000000000000       0x31 contiki-sky.a(msp430.o)
 .comment       0x0000000000000000       0x31 contiki-sky.a(clock.o)
 .comment       0x0000000000000000       0x31 contiki-sky.a(leds.o)
 .comment       0x0000000000000000       0x31 contiki-sky.a(leds-arch.o)
 .comment       0x0000000000000000       0x31 contiki-sky.a(watchdog.o)
 .comment       0x0000000000000000       0x31 contiki-sky.a(autostart.o)
 .comment       0x0000000000000000       0x31 contiki-sky.a(ctimer.o)
 .comment       0x0000000000000000       0x31 contiki-sky.a(energest.o)
 .comment       0x0000000000000000       0x31 contiki-sky.a(etimer.o)
 .comment       0x0000000000000000       0x31 contiki-sky.a(process.o)
 .comment       0x0000000000000000       0x31 contiki-sky.a(rtimer.o)
 .comment       0x0000000000000000       0x31 contiki-sky.a(timer.o)
 .comment       0x0000000000000000       0x31 contiki-sky.a(serial-line.o)
 .comment       0x0000000000000000       0x31 contiki-sky.a(list.o)
 .comment       0x0000000000000000       0x31 contiki-sky.a(random.o)
 .comment       0x0000000000000000       0x31 contiki-sky.a(ringbuf.o)
 .comment       0x0000000000000000       0x31 contiki-sky.a(chaos.o)
 .comment       0x0000000000000000       0x31 contiki-sky.a(node.o)
 .comment       0x0000000000000000       0x31 contiki-sky.a(join.o)
 .comment       0x0000000000000000       0x31 contiki-sky.a(glossy.o)
 .comment       0x0000000000000000       0x31 contiki-sky.a(nordc.o)
 .comment       0x0000000000000000       0x31 contiki-sky.a(linkaddr.o)
 .comment       0x0000000000000000       0x31 contiki-sky.a(packetbuf.o)
 .comment       0x0000000000000000       0x31 contiki-sky.a(nullsec.o)
 .comment       0x0000000000000000       0x31 contiki-sky.a(spi.o)
 .comment       0x0000000000000000       0x31 contiki-sky.a(rtimer-arch.o)
 .comment       0x0000000000000000       0x31 contiki-sky.a(chaos-control.o)
 .comment       0x0000000000000000       0x31 contiki-sky.a(chaos-multichan)
 .comment       0x0000000000000000       0x31 contiki-sky.a(chaos-random-ge)
 .comment       0x0000000000000000       0x31 contiki-sky.a(chaos-scheduler)
 .comment       0x0000000000000000       0x31 /usr/local/Cellar/msp430-gcc/4.7.0/lib/gcc/msp430/4.7.0/../../../../msp430/lib/mmpy-16/libc.a(printf.o)
 .comment       0x0000000000000000       0x31 /usr/local/Cellar/msp430-gcc/4.7.0/lib/gcc/msp430/4.7.0/../../../../msp430/lib/mmpy-16/libc.a(vuprintf.o)
 .comment       0x0000000000000000       0x31 /usr/local/Cellar/msp430-gcc/4.7.0/lib/gcc/msp430/4.7.0/../../../../msp430/lib/mmpy-16/libc.a(puts.o)
 .comment       0x0000000000000000       0x31 /usr/local/Cellar/msp430-gcc/4.7.0/lib/gcc/msp430/4.7.0/../../../../msp430/lib/mmpy-16/libc.a(rand.o)
 .comment       0x0000000000000000       0x31 /usr/local/Cellar/msp430-gcc/4.7.0/lib/gcc/msp430/4.7.0/../../../../msp430/lib/mmpy-16/libc.a(strcmp.o)
 .comment       0x0000000000000000       0x31 /usr/local/Cellar/msp430-gcc/4.7.0/lib/gcc/msp430/4.7.0/../../../../msp430/lib/mmpy-16/libc.a(memcmp.o)
 .comment       0x0000000000000000       0x31 /usr/local/Cellar/msp430-gcc/4.7.0/lib/gcc/msp430/4.7.0/../../../../msp430/lib/mmpy-16/libc.a(memcpy.o)
 .comment       0x0000000000000000       0x31 /usr/local/Cellar/msp430-gcc/4.7.0/lib/gcc/msp430/4.7.0/../../../../msp430/lib/mmpy-16/libc.a(memset.o)

.debug
 *(.debug)

.line
 *(.line)

.debug_srcinfo
 *(.debug_srcinfo)

.debug_sfnames
 *(.debug_sfnames)

.debug_aranges  0x0000000000000000      0x1a0
 *(.debug_aranges)
 .debug_aranges
                0x0000000000000000       0x14 /usr/local/Cellar/msp430-gcc/4.7.0/lib/gcc/msp430/4.7.0/mmpy-16/crt0ivtbl16.o
 .debug_aranges
                0x0000000000000014       0x14 /usr/local/Cellar/msp430-gcc/4.7.0/lib/gcc/msp430/4.7.0/mmpy-16/libgcc.a(_mulsi3.o)
 .debug_aranges
                0x0000000000000028       0x14 /usr/local/Cellar/msp430-gcc/4.7.0/lib/gcc/msp430/4.7.0/mmpy-16/libgcc.a(_divmod16.o)
 .debug_aranges
                0x000000000000003c       0x14 /usr/local/Cellar/msp430-gcc/4.7.0/lib/gcc/msp430/4.7.0/mmpy-16/libgcc.a(_udivmod32.o)
 .debug_aranges
                0x0000000000000050       0x14 /usr/local/Cellar/msp430-gcc/4.7.0/lib/gcc/msp430/4.7.0/mmpy-16/libgcc.a(_udivmod16.o)
 .debug_aranges
                0x0000000000000064       0x18 /usr/local/Cellar/msp430-gcc/4.7.0/lib/gcc/msp430/4.7.0/../../../../msp430/lib/mmpy-16/libc.a(printf.o)
 .debug_aranges
                0x000000000000007c       0x18 /usr/local/Cellar/msp430-gcc/4.7.0/lib/gcc/msp430/4.7.0/../../../../msp430/lib/mmpy-16/libc.a(vuprintf.o)
 .debug_aranges
                0x0000000000000094       0x14 /usr/local/Cellar/msp430-gcc/4.7.0/lib/gcc/msp430/4.7.0/../../../../msp430/lib/mmpy-16/libc.a(puts.o)
 .debug_aranges
                0x00000000000000a8       0x1c /usr/local/Cellar/msp430-gcc/4.7.0/lib/gcc/msp430/4.7.0/../../../../msp430/lib/mmpy-16/libc.a(rand.o)
 .debug_aranges
                0x00000000000000c4       0x14 /usr/local/Cellar/msp430-gcc/4.7.0/lib/gcc/msp430/4.7.0/../../../../msp430/lib/mmpy-16/libc.a(strcmp.o)
 .debug_aranges
                0x00000000000000d8       0x14 /usr/local/Cellar/msp430-gcc/4.7.0/lib/gcc/msp430/4.7.0/../../../../msp430/lib/mmpy-16/libc.a(memcmp.o)
 .debug_aranges
                0x00000000000000ec       0x14 /usr/local/Cellar/msp430-gcc/4.7.0/lib/gcc/msp430/4.7.0/../../../../msp430/lib/mmpy-16/libc.a(memcpy.o)
 .debug_aranges
                0x0000000000000100       0x14 /usr/local/Cellar/msp430-gcc/4.7.0/lib/gcc/msp430/4.7.0/../../../../msp430/lib/mmpy-16/libc.a(memset.o)
 .debug_aranges
                0x0000000000000114       0x14 /usr/local/Cellar/msp430-gcc/4.7.0/lib/gcc/msp430/4.7.0/mmpy-16/libgcc.a(_udivmod64.o)
 .debug_aranges
                0x0000000000000128       0x14 /usr/local/Cellar/msp430-gcc/4.7.0/lib/gcc/msp430/4.7.0/mmpy-16/libcrt0.a(__watchdog_support.o)
 .debug_aranges
                0x000000000000013c       0x14 /usr/local/Cellar/msp430-gcc/4.7.0/lib/gcc/msp430/4.7.0/mmpy-16/libcrt0.a(__init_stack.o)
 .debug_aranges
                0x0000000000000150       0x14 /usr/local/Cellar/msp430-gcc/4.7.0/lib/gcc/msp430/4.7.0/mmpy-16/libcrt0.a(_copy_data.o)
 .debug_aranges
                0x0000000000000164       0x14 /usr/local/Cellar/msp430-gcc/4.7.0/lib/gcc/msp430/4.7.0/mmpy-16/libcrt0.a(_clear_bss.o)
 .debug_aranges
                0x0000000000000178       0x14 /usr/local/Cellar/msp430-gcc/4.7.0/lib/gcc/msp430/4.7.0/mmpy-16/libcrt0.a(_endless_loop__.o)
 .debug_aranges
                0x000000000000018c       0x14 /usr/local/Cellar/msp430-gcc/4.7.0/lib/gcc/msp430/4.7.0/mmpy-16/libcrt0.a(_unexpected_.o)

.debug_pubnames
 *(.debug_pubnames)

.debug_info     0x0000000000000000     0x1497
 *(.debug_info)
 .debug_info    0x0000000000000000       0xa3 /usr/local/Cellar/msp430-gcc/4.7.0/lib/gcc/msp430/4.7.0/mmpy-16/crt0ivtbl16.o
 .debug_info    0x00000000000000a3       0xa0 /usr/local/Cellar/msp430-gcc/4.7.0/lib/gcc/msp430/4.7.0/mmpy-16/libgcc.a(_mulsi3.o)
 .debug_info    0x0000000000000143       0xa0 /usr/local/Cellar/msp430-gcc/4.7.0/lib/gcc/msp430/4.7.0/mmpy-16/libgcc.a(_divmod16.o)
 .debug_info    0x00000000000001e3       0xa0 /usr/local/Cellar/msp430-gcc/4.7.0/lib/gcc/msp430/4.7.0/mmpy-16/libgcc.a(_udivmod32.o)
 .debug_info    0x0000000000000283       0xa0 /usr/local/Cellar/msp430-gcc/4.7.0/lib/gcc/msp430/4.7.0/mmpy-16/libgcc.a(_udivmod16.o)
 .debug_info    0x0000000000000323      0x16e /usr/local/Cellar/msp430-gcc/4.7.0/lib/gcc/msp430/4.7.0/../../../../msp430/lib/mmpy-16/libc.a(printf.o)
 .debug_info    0x0000000000000491      0x5d4 /usr/local/Cellar/msp430-gcc/4.7.0/lib/gcc/msp430/4.7.0/../../../../msp430/lib/mmpy-16/libc.a(vuprintf.o)
 .debug_info    0x0000000000000a65       0xc7 /usr/local/Cellar/msp430-gcc/4.7.0/lib/gcc/msp430/4.7.0/../../../../msp430/lib/mmpy-16/libc.a(puts.o)
 .debug_info    0x0000000000000b2c      0x146 /usr/local/Cellar/msp430-gcc/4.7.0/lib/gcc/msp430/4.7.0/../../../../msp430/lib/mmpy-16/libc.a(rand.o)
 .debug_info    0x0000000000000c72       0xa9 /usr/local/Cellar/msp430-gcc/4.7.0/lib/gcc/msp430/4.7.0/../../../../msp430/lib/mmpy-16/libc.a(strcmp.o)
 .debug_info    0x0000000000000d1b       0xe5 /usr/local/Cellar/msp430-gcc/4.7.0/lib/gcc/msp430/4.7.0/../../../../msp430/lib/mmpy-16/libc.a(memcmp.o)
 .debug_info    0x0000000000000e00      0x12c /usr/local/Cellar/msp430-gcc/4.7.0/lib/gcc/msp430/4.7.0/../../../../msp430/lib/mmpy-16/libc.a(memcpy.o)
 .debug_info    0x0000000000000f2c      0x117 /usr/local/Cellar/msp430-gcc/4.7.0/lib/gcc/msp430/4.7.0/../../../../msp430/lib/mmpy-16/libc.a(memset.o)
 .debug_info    0x0000000000001043       0xa0 /usr/local/Cellar/msp430-gcc/4.7.0/lib/gcc/msp430/4.7.0/mmpy-16/libgcc.a(_udivmod64.o)
 .debug_info    0x00000000000010e3       0x9e /usr/local/Cellar/msp430-gcc/4.7.0/lib/gcc/msp430/4.7.0/mmpy-16/libcrt0.a(__watchdog_support.o)
 .debug_info    0x0000000000001181       0x9e /usr/local/Cellar/msp430-gcc/4.7.0/lib/gcc/msp430/4.7.0/mmpy-16/libcrt0.a(__init_stack.o)
 .debug_info    0x000000000000121f       0x9e /usr/local/Cellar/msp430-gcc/4.7.0/lib/gcc/msp430/4.7.0/mmpy-16/libcrt0.a(_copy_data.o)
 .debug_info    0x00000000000012bd       0x9e /usr/local/Cellar/msp430-gcc/4.7.0/lib/gcc/msp430/4.7.0/mmpy-16/libcrt0.a(_clear_bss.o)
 .debug_info    0x000000000000135b       0x9e /usr/local/Cellar/msp430-gcc/4.7.0/lib/gcc/msp430/4.7.0/mmpy-16/libcrt0.a(_endless_loop__.o)
 .debug_info    0x00000000000013f9       0x9e /usr/local/Cellar/msp430-gcc/4.7.0/lib/gcc/msp430/4.7.0/mmpy-16/libcrt0.a(_unexpected_.o)
 *(.gnu.linkonce.wi.*)

.debug_abbrev   0x0000000000000000      0x815
 *(.debug_abbrev)
 .debug_abbrev  0x0000000000000000       0x14 /usr/local/Cellar/msp430-gcc/4.7.0/lib/gcc/msp430/4.7.0/mmpy-16/crt0ivtbl16.o
 .debug_abbrev  0x0000000000000014       0x14 /usr/local/Cellar/msp430-gcc/4.7.0/lib/gcc/msp430/4.7.0/mmpy-16/libgcc.a(_mulsi3.o)
 .debug_abbrev  0x0000000000000028       0x14 /usr/local/Cellar/msp430-gcc/4.7.0/lib/gcc/msp430/4.7.0/mmpy-16/libgcc.a(_divmod16.o)
 .debug_abbrev  0x000000000000003c       0x14 /usr/local/Cellar/msp430-gcc/4.7.0/lib/gcc/msp430/4.7.0/mmpy-16/libgcc.a(_udivmod32.o)
 .debug_abbrev  0x0000000000000050       0x14 /usr/local/Cellar/msp430-gcc/4.7.0/lib/gcc/msp430/4.7.0/mmpy-16/libgcc.a(_udivmod16.o)
 .debug_abbrev  0x0000000000000064       0xfa /usr/local/Cellar/msp430-gcc/4.7.0/lib/gcc/msp430/4.7.0/../../../../msp430/lib/mmpy-16/libc.a(printf.o)
 .debug_abbrev  0x000000000000015e      0x23e /usr/local/Cellar/msp430-gcc/4.7.0/lib/gcc/msp430/4.7.0/../../../../msp430/lib/mmpy-16/libc.a(vuprintf.o)
 .debug_abbrev  0x000000000000039c       0xa3 /usr/local/Cellar/msp430-gcc/4.7.0/lib/gcc/msp430/4.7.0/../../../../msp430/lib/mmpy-16/libc.a(puts.o)
 .debug_abbrev  0x000000000000043f       0xfb /usr/local/Cellar/msp430-gcc/4.7.0/lib/gcc/msp430/4.7.0/../../../../msp430/lib/mmpy-16/libc.a(rand.o)
 .debug_abbrev  0x000000000000053a       0x65 /usr/local/Cellar/msp430-gcc/4.7.0/lib/gcc/msp430/4.7.0/../../../../msp430/lib/mmpy-16/libc.a(strcmp.o)
 .debug_abbrev  0x000000000000059f       0x9e /usr/local/Cellar/msp430-gcc/4.7.0/lib/gcc/msp430/4.7.0/../../../../msp430/lib/mmpy-16/libc.a(memcmp.o)
 .debug_abbrev  0x000000000000063d       0xab /usr/local/Cellar/msp430-gcc/4.7.0/lib/gcc/msp430/4.7.0/../../../../msp430/lib/mmpy-16/libc.a(memcpy.o)
 .debug_abbrev  0x00000000000006e8       0xa1 /usr/local/Cellar/msp430-gcc/4.7.0/lib/gcc/msp430/4.7.0/../../../../msp430/lib/mmpy-16/libc.a(memset.o)
 .debug_abbrev  0x0000000000000789       0x14 /usr/local/Cellar/msp430-gcc/4.7.0/lib/gcc/msp430/4.7.0/mmpy-16/libgcc.a(_udivmod64.o)
 .debug_abbrev  0x000000000000079d       0x14 /usr/local/Cellar/msp430-gcc/4.7.0/lib/gcc/msp430/4.7.0/mmpy-16/libcrt0.a(__watchdog_support.o)
 .debug_abbrev  0x00000000000007b1       0x14 /usr/local/Cellar/msp430-gcc/4.7.0/lib/gcc/msp430/4.7.0/mmpy-16/libcrt0.a(__init_stack.o)
 .debug_abbrev  0x00000000000007c5       0x14 /usr/local/Cellar/msp430-gcc/4.7.0/lib/gcc/msp430/4.7.0/mmpy-16/libcrt0.a(_copy_data.o)
 .debug_abbrev  0x00000000000007d9       0x14 /usr/local/Cellar/msp430-gcc/4.7.0/lib/gcc/msp430/4.7.0/mmpy-16/libcrt0.a(_clear_bss.o)
 .debug_abbrev  0x00000000000007ed       0x14 /usr/local/Cellar/msp430-gcc/4.7.0/lib/gcc/msp430/4.7.0/mmpy-16/libcrt0.a(_endless_loop__.o)
 .debug_abbrev  0x0000000000000801       0x14 /usr/local/Cellar/msp430-gcc/4.7.0/lib/gcc/msp430/4.7.0/mmpy-16/libcrt0.a(_unexpected_.o)

.debug_line     0x0000000000000000      0xc7e
 *(.debug_line)
 .debug_line    0x0000000000000000       0x5a /usr/local/Cellar/msp430-gcc/4.7.0/lib/gcc/msp430/4.7.0/mmpy-16/crt0ivtbl16.o
 .debug_line    0x000000000000005a       0x6d /usr/local/Cellar/msp430-gcc/4.7.0/lib/gcc/msp430/4.7.0/mmpy-16/libgcc.a(_mulsi3.o)
 .debug_line    0x00000000000000c7       0x71 /usr/local/Cellar/msp430-gcc/4.7.0/lib/gcc/msp430/4.7.0/mmpy-16/libgcc.a(_divmod16.o)
 .debug_line    0x0000000000000138       0x75 /usr/local/Cellar/msp430-gcc/4.7.0/lib/gcc/msp430/4.7.0/mmpy-16/libgcc.a(_udivmod32.o)
 .debug_line    0x00000000000001ad       0x66 /usr/local/Cellar/msp430-gcc/4.7.0/lib/gcc/msp430/4.7.0/mmpy-16/libgcc.a(_udivmod16.o)
 .debug_line    0x0000000000000213       0xb4 /usr/local/Cellar/msp430-gcc/4.7.0/lib/gcc/msp430/4.7.0/../../../../msp430/lib/mmpy-16/libc.a(printf.o)
 .debug_line    0x00000000000002c7      0x315 /usr/local/Cellar/msp430-gcc/4.7.0/lib/gcc/msp430/4.7.0/../../../../msp430/lib/mmpy-16/libc.a(vuprintf.o)
 .debug_line    0x00000000000005dc       0x65 /usr/local/Cellar/msp430-gcc/4.7.0/lib/gcc/msp430/4.7.0/../../../../msp430/lib/mmpy-16/libc.a(puts.o)
 .debug_line    0x0000000000000641       0x68 /usr/local/Cellar/msp430-gcc/4.7.0/lib/gcc/msp430/4.7.0/../../../../msp430/lib/mmpy-16/libc.a(rand.o)
 .debug_line    0x00000000000006a9       0x49 /usr/local/Cellar/msp430-gcc/4.7.0/lib/gcc/msp430/4.7.0/../../../../msp430/lib/mmpy-16/libc.a(strcmp.o)
 .debug_line    0x00000000000006f2       0x9a /usr/local/Cellar/msp430-gcc/4.7.0/lib/gcc/msp430/4.7.0/../../../../msp430/lib/mmpy-16/libc.a(memcmp.o)
 .debug_line    0x000000000000078c      0x123 /usr/local/Cellar/msp430-gcc/4.7.0/lib/gcc/msp430/4.7.0/../../../../msp430/lib/mmpy-16/libc.a(memcpy.o)
 .debug_line    0x00000000000008af       0xfd /usr/local/Cellar/msp430-gcc/4.7.0/lib/gcc/msp430/4.7.0/../../../../msp430/lib/mmpy-16/libc.a(memset.o)
 .debug_line    0x00000000000009ac       0xbf /usr/local/Cellar/msp430-gcc/4.7.0/lib/gcc/msp430/4.7.0/mmpy-16/libgcc.a(_udivmod64.o)
 .debug_line    0x0000000000000a6b       0x58 /usr/local/Cellar/msp430-gcc/4.7.0/lib/gcc/msp430/4.7.0/mmpy-16/libcrt0.a(__watchdog_support.o)
 .debug_line    0x0000000000000ac3       0x56 /usr/local/Cellar/msp430-gcc/4.7.0/lib/gcc/msp430/4.7.0/mmpy-16/libcrt0.a(__init_stack.o)
 .debug_line    0x0000000000000b19       0x5c /usr/local/Cellar/msp430-gcc/4.7.0/lib/gcc/msp430/4.7.0/mmpy-16/libcrt0.a(_copy_data.o)
 .debug_line    0x0000000000000b75       0x5c /usr/local/Cellar/msp430-gcc/4.7.0/lib/gcc/msp430/4.7.0/mmpy-16/libcrt0.a(_clear_bss.o)
 .debug_line    0x0000000000000bd1       0x57 /usr/local/Cellar/msp430-gcc/4.7.0/lib/gcc/msp430/4.7.0/mmpy-16/libcrt0.a(_endless_loop__.o)
 .debug_line    0x0000000000000c28       0x56 /usr/local/Cellar/msp430-gcc/4.7.0/lib/gcc/msp430/4.7.0/mmpy-16/libcrt0.a(_unexpected_.o)

.debug_frame    0x0000000000000000      0x1d4
 *(.debug_frame)
 .debug_frame   0x0000000000000000       0x2a /usr/local/Cellar/msp430-gcc/4.7.0/lib/gcc/msp430/4.7.0/../../../../msp430/lib/mmpy-16/libc.a(printf.o)
 .debug_frame   0x000000000000002a       0xa0 /usr/local/Cellar/msp430-gcc/4.7.0/lib/gcc/msp430/4.7.0/../../../../msp430/lib/mmpy-16/libc.a(vuprintf.o)
 .debug_frame   0x00000000000000ca       0x24 /usr/local/Cellar/msp430-gcc/4.7.0/lib/gcc/msp430/4.7.0/../../../../msp430/lib/mmpy-16/libc.a(puts.o)
 .debug_frame   0x00000000000000ee       0x3c /usr/local/Cellar/msp430-gcc/4.7.0/lib/gcc/msp430/4.7.0/../../../../msp430/lib/mmpy-16/libc.a(rand.o)
 .debug_frame   0x000000000000012a       0x1e /usr/local/Cellar/msp430-gcc/4.7.0/lib/gcc/msp430/4.7.0/../../../../msp430/lib/mmpy-16/libc.a(strcmp.o)
 .debug_frame   0x0000000000000148       0x28 /usr/local/Cellar/msp430-gcc/4.7.0/lib/gcc/msp430/4.7.0/../../../../msp430/lib/mmpy-16/libc.a(memcmp.o)
 .debug_frame   0x0000000000000170       0x32 /usr/local/Cellar/msp430-gcc/4.7.0/lib/gcc/msp430/4.7.0/../../../../msp430/lib/mmpy-16/libc.a(memcpy.o)
 .debug_frame   0x00000000000001a2       0x32 /usr/local/Cellar/msp430-gcc/4.7.0/lib/gcc/msp430/4.7.0/../../../../msp430/lib/mmpy-16/libc.a(memset.o)

.debug_str      0x0000000000000000      0x403
 *(.debug_str)
 .debug_str     0x0000000000000000      0x102 /usr/local/Cellar/msp430-gcc/4.7.0/lib/gcc/msp430/4.7.0/../../../../msp430/lib/mmpy-16/libc.a(printf.o)
                                        0x14a (size before relaxing)
 .debug_str     0x0000000000000102      0x218 /usr/local/Cellar/msp430-gcc/4.7.0/lib/gcc/msp430/4.7.0/../../../../msp430/lib/mmpy-16/libc.a(vuprintf.o)
                                        0x395 (size before relaxing)
 .debug_str     0x000000000000031a       0x1d /usr/local/Cellar/msp430-gcc/4.7.0/lib/gcc/msp430/4.7.0/../../../../msp430/lib/mmpy-16/libc.a(puts.o)
                                        0x10f (size before relaxing)
 .debug_str     0x0000000000000337       0x2f /usr/local/Cellar/msp430-gcc/4.7.0/lib/gcc/msp430/4.7.0/../../../../msp430/lib/mmpy-16/libc.a(rand.o)
                                        0x126 (size before relaxing)
 .debug_str     0x0000000000000366       0x19 /usr/local/Cellar/msp430-gcc/4.7.0/lib/gcc/msp430/4.7.0/../../../../msp430/lib/mmpy-16/libc.a(strcmp.o)
                                        0x10b (size before relaxing)
 .debug_str     0x000000000000037f       0x20 /usr/local/Cellar/msp430-gcc/4.7.0/lib/gcc/msp430/4.7.0/../../../../msp430/lib/mmpy-16/libc.a(memcmp.o)
                                        0x112 (size before relaxing)
 .debug_str     0x000000000000039f       0x3e /usr/local/Cellar/msp430-gcc/4.7.0/lib/gcc/msp430/4.7.0/../../../../msp430/lib/mmpy-16/libc.a(memcpy.o)
                                        0x140 (size before relaxing)
 .debug_str     0x00000000000003dd       0x26 /usr/local/Cellar/msp430-gcc/4.7.0/lib/gcc/msp430/4.7.0/../../../../msp430/lib/mmpy-16/libc.a(memset.o)
                                        0x13e (size before relaxing)

.debug_loc      0x0000000000000000      0xbfe
 *(.debug_loc)
 .debug_loc     0x0000000000000000       0x4c /usr/local/Cellar/msp430-gcc/4.7.0/lib/gcc/msp430/4.7.0/../../../../msp430/lib/mmpy-16/libc.a(printf.o)
 .debug_loc     0x000000000000004c      0x7fa /usr/local/Cellar/msp430-gcc/4.7.0/lib/gcc/msp430/4.7.0/../../../../msp430/lib/mmpy-16/libc.a(vuprintf.o)
 .debug_loc     0x0000000000000846       0x26 /usr/local/Cellar/msp430-gcc/4.7.0/lib/gcc/msp430/4.7.0/../../../../msp430/lib/mmpy-16/libc.a(puts.o)
 .debug_loc     0x000000000000086c       0x4f /usr/local/Cellar/msp430-gcc/4.7.0/lib/gcc/msp430/4.7.0/../../../../msp430/lib/mmpy-16/libc.a(rand.o)
 .debug_loc     0x00000000000008bb       0x32 /usr/local/Cellar/msp430-gcc/4.7.0/lib/gcc/msp430/4.7.0/../../../../msp430/lib/mmpy-16/libc.a(strcmp.o)
 .debug_loc     0x00000000000008ed       0x4d /usr/local/Cellar/msp430-gcc/4.7.0/lib/gcc/msp430/4.7.0/../../../../msp430/lib/mmpy-16/libc.a(memcmp.o)