Archive member included because of file (symbol)

contiki-sky.a(contiki-sky-pla)
                              obj_sky/contiki-sky-main.o (init_platform)
contiki-sky.a(button-sensor.o)
                              contiki-sky.a(contiki-sky-pla) (button_sensor)
contiki-sky.a(ds2411.o)       obj_sky/contiki-sky-main.o (ds2411_init)
contiki-sky.a(xmem.o)         obj_sky/contiki-sky-main.o (xmem_init)
contiki-sky.a(node-id.o)      max-app.co (node_id)
contiki-sky.a(sensors.o)      contiki-sky.a(button-sensor.o) (sensors_changed)
contiki-sky.a(cc2420.o)       obj_sky/contiki-sky-main.o (cc2420_set_pan_addr)
contiki-sky.a(cc2420-arch.o)  contiki-sky.a(cc2420.o) (cc2420_arch_init)
contiki-sky.a(uart1.o)        obj_sky/contiki-sky-main.o (uart1_active)
contiki-sky.a(uart1-putchar.o)
                              max-app.co (putchar)
contiki-sky.a(msp430.o)       obj_sky/contiki-sky-main.o (msp430_dco_required)
contiki-sky.a(clock.o)        obj_sky/contiki-sky-main.o (clock_init)
contiki-sky.a(leds.o)         obj_sky/contiki-sky-main.o (leds_init)
contiki-sky.a(leds-arch.o)    contiki-sky.a(leds.o) (leds_arch_init)
contiki-sky.a(watchdog.o)     obj_sky/contiki-sky-main.o (watchdog_start)
contiki-sky.a(autostart.o)    obj_sky/contiki-sky-main.o (autostart_start)
contiki-sky.a(ctimer.o)       obj_sky/contiki-sky-main.o (ctimer_init)
contiki-sky.a(energest.o)     obj_sky/contiki-sky-main.o (energest_type_set)
contiki-sky.a(etimer.o)       contiki-sky.a(clock.o) (etimer_request_poll)
contiki-sky.a(process.o)      contiki-sky.a(ctimer.o) (process_current)
contiki-sky.a(rtimer.o)       obj_sky/contiki-sky-main.o (rtimer_init)
contiki-sky.a(timer.o)        contiki-sky.a(button-sensor.o) (timer_set)
contiki-sky.a(serial-line.o)  obj_sky/contiki-sky-main.o (serial_line_input_byte)
contiki-sky.a(list.o)         contiki-sky.a(ctimer.o) (list_init)
contiki-sky.a(random.o)       obj_sky/contiki-sky-main.o (random_init)
contiki-sky.a(ringbuf.o)      contiki-sky.a(serial-line.o) (ringbuf_init)
contiki-sky.a(chaos.o)        obj_sky/contiki-sky-main.o (chaosnet_driver)
contiki-sky.a(node.o)         max-app.co (chaos_node_count)
contiki-sky.a(join.o)         contiki-sky.a(node.o) (join_init)
contiki-sky.a(max.o)          max-app.co (max_get_flags_length)
contiki-sky.a(nordc.o)        obj_sky/contiki-sky-main.o (nordc_driver)
contiki-sky.a(linkaddr.o)     obj_sky/contiki-sky-main.o (linkaddr_copy)
contiki-sky.a(packetbuf.o)    contiki-sky.a(cc2420.o) (packetbuf_set_datalen)
contiki-sky.a(nullsec.o)      obj_sky/contiki-sky-main.o (nullsec_driver)
contiki-sky.a(spi.o)          contiki-sky.a(xmem.o) (spi_init)
contiki-sky.a(rtimer-arch.o)  contiki-sky.a(rtimer.o) (rtimer_arch_init)
contiki-sky.a(chaos-control.o)
                              contiki-sky.a(chaos.o) (chaos_process)
contiki-sky.a(chaos-log.o)    contiki-sky.a(chaos-control.o) (chaos_log_process_pending)
contiki-sky.a(chaos-multichan)
                              contiki-sky.a(chaos.o) (chaos_multichannel_init)
contiki-sky.a(chaos-random-ge)
                              contiki-sky.a(chaos.o) (chaos_random_generator_produce)
contiki-sky.a(chaos-scheduler)
                              contiki-sky.a(chaos-control.o) (scheduler_init)
contiki-sky.a(ringbufindex.o)
                              contiki-sky.a(chaos-log.o) (ringbufindex_init)
/usr/local/Cellar/msp430-gcc/4.7.0/lib/gcc/msp430/4.7.0/mmpy-16/libgcc.a(_mulsi3.o)
                              contiki-sky.a(chaos.o) (__mulsi3)
/usr/local/Cellar/msp430-gcc/4.7.0/lib/gcc/msp430/4.7.0/mmpy-16/libgcc.a(_udivmod32.o)
                              obj_sky/contiki-sky-main.o (__udivsi3)
/usr/local/Cellar/msp430-gcc/4.7.0/lib/gcc/msp430/4.7.0/../../../../msp430/lib/mmpy-16/libc.a(printf.o)
                              max-app.co (printf)
/usr/local/Cellar/msp430-gcc/4.7.0/lib/gcc/msp430/4.7.0/../../../../msp430/lib/mmpy-16/libc.a(sprintf.o)
                              contiki-sky.a(chaos.o) (snprintf)
/usr/local/Cellar/msp430-gcc/4.7.0/lib/gcc/msp430/4.7.0/../../../../msp430/lib/mmpy-16/libc.a(vuprintf.o)
                              /usr/local/Cellar/msp430-gcc/4.7.0/lib/gcc/msp430/4.7.0/../../../../msp430/lib/mmpy-16/libc.a(printf.o) (vuprintf)
/usr/local/Cellar/msp430-gcc/4.7.0/lib/gcc/msp430/4.7.0/../../../../msp430/lib/mmpy-16/libc.a(puts.o)
                              max-app.co (puts)
/usr/local/Cellar/msp430-gcc/4.7.0/lib/gcc/msp430/4.7.0/../../../../msp430/lib/mmpy-16/libc.a(rand.o)
                              contiki-sky.a(random.o) (rand)
/usr/local/Cellar/msp430-gcc/4.7.0/lib/gcc/msp430/4.7.0/../../../../msp430/lib/mmpy-16/libc.a(strcmp.o)
                              contiki-sky.a(chaos.o) (strcmp)
/usr/local/Cellar/msp430-gcc/4.7.0/lib/gcc/msp430/4.7.0/../../../../msp430/lib/mmpy-16/libc.a(strncmp.o)
                              contiki-sky.a(sensors.o) (strncmp)
/usr/local/Cellar/msp430-gcc/4.7.0/lib/gcc/msp430/4.7.0/../../../../msp430/lib/mmpy-16/libc.a(memcmp.o)
[...]
Memory Configuration

Name             Origin             Length             Attributes
sfr              0x0000000000000000 0x0000000000000010
peripheral_8bit  0x0000000000000010 0x00000000000000f0
peripheral_16bit 0x0000000000000100 0x0000000000000100
ram_mirror       0x0000000000000200 0x0000000000000800 xw
infomem          0x0000000000001000 0x0000000000000100
infob            0x0000000000001000 0x0000000000000080
infoa            0x0000000000001080 0x0000000000000080
ram              0x0000000000001100 0x0000000000002800 xw
rom              0x0000000000004000 0x000000000000bfe0 xr
vectors          0x000000000000ffe0 0x0000000000000020
bsl              0x0000000000000000 0x0000000000000000
infoc            0x0000000000000000 0x0000000000000000
infod            0x0000000000000000 0x0000000000000000
ram2             0x0000000000000000 0x0000000000000000 xw
signature        0x0000000000000000 0x0000000000000000
usbram           0x0000000000000000 0x0000000000000000 xw
far_rom          0x0000000000000000 0x0000000000000000
*default*        0x0000000000000000 0xffffffffffffffff

Linker script and memory map

LOAD /usr/local/Cellar/msp430-gcc/4.7.0/lib/gcc/msp430/4.7.0/mmpy-16/crt0ivtbl16.o
Address of section .chaos_do_tx set to 0x4000
Address of section .chaos_do_rx set to 0x4800
Address of section .text set to 0x5500
LOAD max-app.co
LOAD obj_sky/contiki-sky-main.o
LOAD contiki-sky.a
LOAD /usr/local/Cellar/msp430-gcc/4.7.0/lib/gcc/msp430/4.7.0/mmpy-16/libgcc.a
LOAD /usr/local/Cellar/msp430-gcc/4.7.0/lib/gcc/msp430/4.7.0/../../../../msp430/lib/mmpy-16/libc.a
LOAD /usr/local/Cellar/msp430-gcc/4.7.0/lib/gcc/msp430/4.7.0/mmpy-16/libgcc.a
LOAD /usr/local/Cellar/msp430-gcc/4.7.0/lib/gcc/msp430/4.7.0/mmpy-16/libcrt0.a
                0x0000000000000080                PROVIDE (__info_segment_size, 0x80)
                0x0000000000001000                PROVIDE (__infob, 0x1000)
                0x0000000000001080                PROVIDE (__infoa, 0x1080)
                0x0000000000000000                __IE1 = 0x0
                0x0000000000000002                __IFG1 = 0x2
                0x0000000000000004                __ME1 = 0x4
                0x0000000000000001                __IE2 = 0x1
                0x0000000000000003                __IFG2 = 0x3
                0x0000000000000005                __ME2 = 0x5
                0x0000000000000120                __WDTCTL = 0x120
                0x0000000000000130                __MPY = 0x130
                0x0000000000000132                __MPYS = 0x132
                0x0000000000000134                __MAC = 0x134
                0x0000000000000136                __MACS = 0x136
                0x0000000000000138                __OP2 = 0x138
                0x000000000000013a                __RESLO = 0x13a
                0x000000000000013c                __RESHI = 0x13c
                0x000000000000013e                __SUMEXT = 0x13e
                0x0000000000000020                __P1IN = 0x20
                0x0000000000000021                __P1OUT = 0x21
                0x0000000000000022                __P1DIR = 0x22
                0x0000000000000023                __P1IFG = 0x23
                0x0000000000000024                __P1IES = 0x24
                0x0000000000000025                __P1IE = 0x25
                0x0000000000000026                __P1SEL = 0x26
                0x0000000000000028                __P2IN = 0x28
                0x0000000000000029                __P2OUT = 0x29
                0x000000000000002a                __P2DIR = 0x2a
                0x000000000000002b                __P2IFG = 0x2b
                0x000000000000002c                __P2IES = 0x2c
                0x000000000000002d                __P2IE = 0x2d
                0x000000000000002e                __P2SEL = 0x2e
                0x0000000000000018                __P3IN = 0x18
                0x0000000000000019                __P3OUT = 0x19
                0x000000000000001a                __P3DIR = 0x1a
                0x000000000000001b                __P3SEL = 0x1b
                0x000000000000001c                __P4IN = 0x1c
                0x000000000000001d                __P4OUT = 0x1d
                0x000000000000001e                __P4DIR = 0x1e
                0x000000000000001f                __P4SEL = 0x1f
                0x0000000000000030                __P5IN = 0x30
                0x0000000000000031                __P5OUT = 0x31
                0x0000000000000032                __P5DIR = 0x32
                0x0000000000000033                __P5SEL = 0x33
                0x0000000000000034                __P6IN = 0x34
                0x0000000000000035                __P6OUT = 0x35
                0x0000000000000036                __P6DIR = 0x36
                0x0000000000000037                __P6SEL = 0x37
                0x0000000000000070                __U0CTL = 0x70
                0x0000000000000071                __U0TCTL = 0x71
                0x0000000000000072                __U0RCTL = 0x72
                0x0000000000000073                __U0MCTL = 0x73
                0x0000000000000074                __U0BR0 = 0x74
                0x0000000000000075                __U0BR1 = 0x75
                0x0000000000000076                __U0RXBUF = 0x76
                0x0000000000000077                __U0TXBUF = 0x77
                0x0000000000000078                __U1CTL = 0x78
                0x0000000000000079                __U1TCTL = 0x79
                0x000000000000007a                __U1RCTL = 0x7a
                0x000000000000007b                __U1MCTL = 0x7b
                0x000000000000007c                __U1BR0 = 0x7c
                0x000000000000007d                __U1BR1 = 0x7d
                0x000000000000007e                __U1RXBUF = 0x7e
                0x000000000000007f                __U1TXBUF = 0x7f
                0x0000000000000050                __I2CIE = 0x50
                0x0000000000000051                __I2CIFG = 0x51
                0x0000000000000052                __I2CNDAT = 0x52
                0x0000000000000071                __I2CTCTL = 0x71
                0x0000000000000072                __I2CDCTL = 0x72
                0x0000000000000073                __I2CPSC = 0x73
                0x0000000000000074                __I2CSCLH = 0x74
                0x0000000000000075                __I2CSCLL = 0x75
                0x0000000000000076                __I2CDRB = 0x76
                0x0000000000000076                __I2CDRW = 0x76
                0x0000000000000118                __I2COA = 0x118
                0x000000000000011a                __I2CSA = 0x11a
                0x000000000000011c                __I2CIV = 0x11c
                0x000000000000012e                __TAIV = 0x12e
                0x0000000000000160                __TACTL = 0x160
                0x0000000000000162                __TACCTL0 = 0x162
                0x0000000000000164                __TACCTL1 = 0x164
                0x0000000000000166                __TACCTL2 = 0x166
                0x0000000000000170                __TAR = 0x170
                0x0000000000000172                __TACCR0 = 0x172
                0x0000000000000174                __TACCR1 = 0x174
                0x0000000000000176                __TACCR2 = 0x176
                0x000000000000011e                __TBIV = 0x11e
                0x0000000000000180                __TBCTL = 0x180
                0x0000000000000182                __TBCCTL0 = 0x182
                0x0000000000000184                __TBCCTL1 = 0x184
                0x0000000000000186                __TBCCTL2 = 0x186
                0x0000000000000188                __TBCCTL3 = 0x188
                0x000000000000018a                __TBCCTL4 = 0x18a
                0x000000000000018c                __TBCCTL5 = 0x18c
                0x000000000000018e                __TBCCTL6 = 0x18e
                0x0000000000000190                __TBR = 0x190
                0x0000000000000192                __TBCCR0 = 0x192
                0x0000000000000194                __TBCCR1 = 0x194
                0x0000000000000196                __TBCCR2 = 0x196
                0x0000000000000198                __TBCCR3 = 0x198
                0x000000000000019a                __TBCCR4 = 0x19a
                0x000000000000019c                __TBCCR5 = 0x19c
                0x000000000000019e                __TBCCR6 = 0x19e
                0x0000000000000056                __DCOCTL = 0x56
                0x0000000000000057                __BCSCTL1 = 0x57
                0x0000000000000058                __BCSCTL2 = 0x58
                0x0000000000000055                __SVSCTL = 0x55
                0x0000000000000128                __FCTL1 = 0x128
                0x000000000000012a                __FCTL2 = 0x12a
                0x000000000000012c                __FCTL3 = 0x12c
                0x0000000000000059                __CACTL1 = 0x59
                0x000000000000005a                __CACTL2 = 0x5a
                0x000000000000005b                __CAPD = 0x5b
                0x00000000000001a0                __ADC12CTL0 = 0x1a0
                0x00000000000001a2                __ADC12CTL1 = 0x1a2
                0x00000000000001a4                __ADC12IFG = 0x1a4
                0x00000000000001a6                __ADC12IE = 0x1a6
                0x00000000000001a8                __ADC12IV = 0x1a8
                0x0000000000000140                __ADC12MEM0 = 0x140
                0x0000000000000142                __ADC12MEM1 = 0x142
                0x0000000000000144                __ADC12MEM2 = 0x144
                0x0000000000000146                __ADC12MEM3 = 0x146
                0x0000000000000148                __ADC12MEM4 = 0x148
                0x000000000000014a                __ADC12MEM5 = 0x14a
                0x000000000000014c                __ADC12MEM6 = 0x14c
                0x000000000000014e                __ADC12MEM7 = 0x14e
                0x0000000000000150                __ADC12MEM8 = 0x150
                0x0000000000000152                __ADC12MEM9 = 0x152
                0x0000000000000154                __ADC12MEM10 = 0x154
                0x0000000000000156                __ADC12MEM11 = 0x156
                0x0000000000000158                __ADC12MEM12 = 0x158
                0x000000000000015a                __ADC12MEM13 = 0x15a
                0x000000000000015c                __ADC12MEM14 = 0x15c
                0x000000000000015e                __ADC12MEM15 = 0x15e
                0x0000000000000080                __ADC12MCTL0 = 0x80
                0x0000000000000081                __ADC12MCTL1 = 0x81
                0x0000000000000082                __ADC12MCTL2 = 0x82
                0x0000000000000083                __ADC12MCTL3 = 0x83
                0x0000000000000084                __ADC12MCTL4 = 0x84
                0x0000000000000085                __ADC12MCTL5 = 0x85
                0x0000000000000086                __ADC12MCTL6 = 0x86
                0x0000000000000087                __ADC12MCTL7 = 0x87
                0x0000000000000088                __ADC12MCTL8 = 0x88
                0x0000000000000089                __ADC12MCTL9 = 0x89
                0x000000000000008a                __ADC12MCTL10 = 0x8a
                0x000000000000008b                __ADC12MCTL11 = 0x8b
                0x000000000000008c                __ADC12MCTL12 = 0x8c
                0x000000000000008d                __ADC12MCTL13 = 0x8d
                0x000000000000008e                __ADC12MCTL14 = 0x8e
                0x000000000000008f                __ADC12MCTL15 = 0x8f
                0x00000000000001c0                __DAC12_0CTL = 0x1c0
                0x00000000000001c2                __DAC12_1CTL = 0x1c2
                0x00000000000001c8                __DAC12_0DAT = 0x1c8
                0x00000000000001ca                __DAC12_1DAT = 0x1ca
                0x0000000000000122                __DMACTL0 = 0x122
                0x0000000000000124                __DMACTL1 = 0x124
                0x00000000000001e0                __DMA0CTL = 0x1e0
                0x00000000000001e8                __DMA1CTL = 0x1e8
                0x00000000000001f0                __DMA2CTL = 0x1f0
                0x00000000000001e2                __DMA0SA = 0x1e2
                0x00000000000001e4                __DMA0DA = 0x1e4
                0x00000000000001e6                __DMA0SZ = 0x1e6
                0x00000000000001ea                __DMA1SA = 0x1ea
                0x00000000000001ec                __DMA1DA = 0x1ec
                0x00000000000001ee                __DMA1SZ = 0x1ee
                0x00000000000001f2                __DMA2SA = 0x1f2
                0x00000000000001f4                __DMA2DA = 0x1f4
                0x00000000000001f6                __DMA2SZ = 0x1f6

.hash
 *(.hash)

.dynsym
 *(.dynsym)

.dynstr
 *(.dynstr)

.gnu.version
 *(.gnu.version)

.gnu.version_d
 *(.gnu.version_d)

.gnu.version_r
 *(.gnu.version_r)

.rel.init
 *(.rel.init)

.rela.init
 *(.rela.init)

.rel.fini
 *(.rel.fini)

.rela.fini
 *(.rela.fini)

.rel.text
 *(.rel.text .rel.text.* .rel.gnu.linkonce.t.*)

.rela.text
 *(.rela.text .rela.text.* .rela.gnu.linkonce.t.*)

.rel.rodata
 *(.rel.rodata .rel.rodata.* .rel.gnu.linkonce.r.*)

.rela.rodata
 *(.rela.rodata .rela.rodata.* .rela.gnu.linkonce.r.*)

.rel.data
 *(.rel.data .rel.data.* .rel.gnu.linkonce.d.*)

.rela.data
 *(.rela.data .rela.data.* .rela.gnu.linkonce.d.*)

.rel.bss
 *(.rel.bss .rel.bss.* .rel.gnu.linkonce.b.*)

.rela.bss
 *(.rela.bss .rela.bss.* .rela.gnu.linkonce.b.*)

.rel.ctors
 *(.rel.ctors)

.rela.ctors
 *(.rela.ctors)

.rel.dtors
 *(.rel.dtors)

.rela.dtors
 *(.rela.dtors)

.rel.got
 *(.rel.got)

.rela.got
 *(.rela.got)

.rel.plt
 *(.rel.plt)

.rela.plt
 *(.rela.plt)

.text           0x0000000000005500     0x5b72
                0x0000000000005500                . = ALIGN (0x2)
 *(.init .init.*)
 *(.init0)
 .init0         0x0000000000005500        0x0 /usr/local/Cellar/msp430-gcc/4.7.0/lib/gcc/msp430/4.7.0/mmpy-16/libcrt0.a(_reset_vector__.o)
                0x0000000000005500                _reset_vector__
 *(.init1)
 .init1         0x0000000000005500        0xc /usr/local/Cellar/msp430-gcc/4.7.0/lib/gcc/msp430/4.7.0/mmpy-16/libcrt0.a(__watchdog_support.o)
                0x0000000000005500                __watchdog_support
 *(.init2)
 .init2         0x000000000000550c        0x4 /usr/local/Cellar/msp430-gcc/4.7.0/lib/gcc/msp430/4.7.0/mmpy-16/libcrt0.a(__init_stack.o)
                0x000000000000550c                __init_stack
 *(.init3)
 .init3         0x0000000000005510        0x0 /usr/local/Cellar/msp430-gcc/4.7.0/lib/gcc/msp430/4.7.0/mmpy-16/libcrt0.a(__low_level_init.o)
                0x0000000000005510                __low_level_init
 *(.init4)
 .init4         0x0000000000005510       0x18 /usr/local/Cellar/msp430-gcc/4.7.0/lib/gcc/msp430/4.7.0/mmpy-16/libcrt0.a(_copy_data.o)
                0x0000000000005510                __do_copy_data
 .init4         0x0000000000005528       0x16 /usr/local/Cellar/msp430-gcc/4.7.0/lib/gcc/msp430/4.7.0/mmpy-16/libcrt0.a(_clear_bss.o)
                0x0000000000005528                __do_clear_bss
 *(.init5)
 *(.init6)
 *(.init7)
 *(.init8)
 *(.init9)
 .init9         0x000000000000553e      0x274 obj_sky/contiki-sky-main.o
                0x000000000000553e                main
 *(.fini9)
 .fini9         0x00000000000057b2        0x0 /usr/local/Cellar/msp430-gcc/4.7.0/lib/gcc/msp430/4.7.0/mmpy-16/libcrt0.a(__stop_progExec__.o)
                0x00000000000057b2                __stop_progExec__
 *(.fini8)
 *(.fini7)
 *(.fini6)
 *(.fini5)
 *(.fini4)
 *(.fini3)
 *(.fini2)
 *(.fini1)
 *(.fini0)
 .fini0         0x00000000000057b2        0x6 /usr/local/Cellar/msp430-gcc/4.7.0/lib/gcc/msp430/4.7.0/mmpy-16/libcrt0.a(_endless_loop__.o)
                0x00000000000057b2                _endless_loop__
 *(.fini .fini.*)
                0x00000000000057b8                . = ALIGN (0x2)
                0x00000000000057b8                __ctors_start = .
 *(.ctors)
                0x00000000000057b8                __ctors_end = .
                0x00000000000057b8                __dtors_start = .
 *(.dtors)
                0x00000000000057b8                __dtors_end = .
                0x00000000000057b8                . = ALIGN (0x2)
 *(.text .text.* .gnu.linkonce.t.*)
 .text          0x00000000000057b8        0x4 /usr/local/Cellar/msp430-gcc/4.7.0/lib/gcc/msp430/4.7.0/mmpy-16/crt0ivtbl16.o
                0x00000000000057b8                __isr_9
                0x00000000000057b8                __isr_11
                0x00000000000057b8                __isr_2
                0x00000000000057b8                __isr_7
                0x00000000000057b8                __isr_0
                0x00000000000057b8                __isr_8
                0x00000000000057b8                __isr_12
                0x00000000000057b8                __isr_13
                0x00000000000057b8                __isr_14
 .text.process_thread_chaos_max_app_process
                0x00000000000057bc       0xc6 max-app.co
 .text.round_begin
                0x0000000000005882       0x32 max-app.co
 .text.init_platform
                0x00000000000058b4        0xc contiki-sky.a(contiki-sky-pla)
                0x00000000000058b4                init_platform
 .text.status   0x00000000000058c0       0x18 contiki-sky.a(button-sensor.o)
 .text.value    0x00000000000058d8       0x20 contiki-sky.a(button-sensor.o)
 .text.configure
                0x00000000000058f8       0x4c contiki-sky.a(button-sensor.o)
 .text.irq_p2   0x0000000000005944       0x46 contiki-sky.a(button-sensor.o)
                0x0000000000005944                irq_p2
                0x0000000000005944                __isr_1
 .text.owreadb  0x000000000000598a       0x50 contiki-sky.a(ds2411.o)
 .text.ds2411_init
                0x00000000000059da      0x120 contiki-sky.a(ds2411.o)
                0x00000000000059da                ds2411_init
 .text.xmem_init
                0x0000000000005afa       0x3c contiki-sky.a(xmem.o)
                0x0000000000005afa                xmem_init
 .text.process_thread_sensors_process
                0x0000000000005b36       0xc2 contiki-sky.a(sensors.o)
 .text.sensors_changed
                0x0000000000005bf8       0x2a contiki-sky.a(sensors.o)
                0x0000000000005bf8                sensors_changed
 .text.rtimer_arch_now
                0x0000000000005c22       0x20 contiki-sky.a(cc2420.o)
 .text.get_object
                0x0000000000005c42        0x4 contiki-sky.a(cc2420.o)
 .text.set_object
                0x0000000000005c46        0x4 contiki-sky.a(cc2420.o)
 .text.strobe   0x0000000000005c4a       0x1c contiki-sky.a(cc2420.o)
 .text.status   0x0000000000005c66       0x22 contiki-sky.a(cc2420.o)
 .text.getreg   0x0000000000005c88       0x4c contiki-sky.a(cc2420.o)
 .text.setreg   0x0000000000005cd4       0x4c contiki-sky.a(cc2420.o)
 .text.write_ram
                0x0000000000005d20       0x7c contiki-sky.a(cc2420.o)
 .text.write_fifo_buf
                0x0000000000005d9c       0x3c contiki-sky.a(cc2420.o)
 .text.get_status
                0x0000000000005dd8       0x20 contiki-sky.a(cc2420.o)
 .text.wait_for_status
                0x0000000000005df8       0x28 contiki-sky.a(cc2420.o)
 .text.wait_for_transmission
                0x0000000000005e20       0x22 contiki-sky.a(cc2420.o)
 .text.on       0x0000000000005e42       0x1a contiki-sky.a(cc2420.o)
 .text.cc2420_receiving_packet
                0x0000000000005e5c        0xc contiki-sky.a(cc2420.o)
 .text.pending_packet
                0x0000000000005e68        0x8 contiki-sky.a(cc2420.o)
 .text.getrxdata
                0x0000000000005e70       0x50 contiki-sky.a(cc2420.o)
 .text.flushrx  0x0000000000005ec0       0x1a contiki-sky.a(cc2420.o)
 .text.off      0x0000000000005eda       0x28 contiki-sky.a(cc2420.o)
 .text.RELEASE_LOCK
                0x0000000000005f02       0x28 contiki-sky.a(cc2420.o)
 .text.cc2420_prepare
                0x0000000000005f2a       0x3c contiki-sky.a(cc2420.o)
 .text.cc2420_on
                0x0000000000005f66       0x22 contiki-sky.a(cc2420.o)
                0x0000000000005f66                cc2420_on
 .text.cc2420_transmit
                0x0000000000005f88       0x50 contiki-sky.a(cc2420.o)
 .text.cc2420_send
                0x0000000000005fd8       0x12 contiki-sky.a(cc2420.o)
 .text.cc2420_off
                0x0000000000005fea       0x30 contiki-sky.a(cc2420.o)
                0x0000000000005fea                cc2420_off
 .text.cc2420_cca
                0x000000000000601a       0x68 contiki-sky.a(cc2420.o)
 .text.cc2420_read
                0x0000000000006082       0xc0 contiki-sky.a(cc2420.o)
 .text.process_thread_cc2420_process
                0x0000000000006142       0x5c contiki-sky.a(cc2420.o)
 .text.encrypt  0x000000000000619e       0x88 contiki-sky.a(cc2420.o)
 .text.cc2420_flushrx
                0x0000000000006226        0x6 contiki-sky.a(cc2420.o)
                0x0000000000006226                cc2420_flushrx
 .text.cc2420_set_security
                0x000000000000622c       0x62 contiki-sky.a(cc2420.o)
                0x000000000000622c                cc2420_set_security
 .text.cc2420_set_nonce
                0x000000000000628e       0x22 contiki-sky.a(cc2420.o)
                0x000000000000628e                cc2420_set_nonce
 .text.cc2420_decrypt_rx
                0x00000000000062b0       0x12 contiki-sky.a(cc2420.o)
                0x00000000000062b0                cc2420_decrypt_rx
 .text.cc2420_set_key
                0x00000000000062c2       0x18 contiki-sky.a(cc2420.o)
                0x00000000000062c2                cc2420_set_key
 .text.set_key  0x00000000000062da        0x6 contiki-sky.a(cc2420.o)
 .text.cc2420_set_channel
                0x00000000000062e0       0x3c contiki-sky.a(cc2420.o)
                0x00000000000062e0                cc2420_set_channel
 .text.cc2420_set_channel_fast
                0x000000000000631c       0x5e contiki-sky.a(cc2420.o)
                0x000000000000631c                cc2420_set_channel_fast
 .text.cc2420_set_pan_addr
                0x000000000000637a       0x4c contiki-sky.a(cc2420.o)
                0x000000000000637a                cc2420_set_pan_addr
 .text.cc2420_interrupt
                0x00000000000063c6       0x16 contiki-sky.a(cc2420.o)
                0x00000000000063c6                cc2420_interrupt
 .text.cc2420_set_txpower
                0x00000000000063dc       0x2c contiki-sky.a(cc2420.o)
                0x00000000000063dc                cc2420_set_txpower
 .text.cc2420_get_txpower
                0x0000000000006408       0x1e contiki-sky.a(cc2420.o)
                0x0000000000006408                cc2420_get_txpower
 .text.cc2420_rssi
                0x0000000000006426       0x4c contiki-sky.a(cc2420.o)
                0x0000000000006426                cc2420_rssi
 .text.get_value
                0x0000000000006472       0xa8 contiki-sky.a(cc2420.o)
 .text.cc2420_set_cca_threshold
                0x000000000000651a       0x16 contiki-sky.a(cc2420.o)
                0x000000000000651a                cc2420_set_cca_threshold
 .text.set_value
                0x0000000000006530       0x86 contiki-sky.a(cc2420.o)
 .text.cc2420_sfd_sync
                0x00000000000065b6       0x5e contiki-sky.a(cc2420.o)
                0x00000000000065b6                cc2420_sfd_sync
 .text.cc2420_read_sfd_timer
                0x0000000000006614       0x38 contiki-sky.a(cc2420.o)
                0x0000000000006614                cc2420_read_sfd_timer
 .text.cc2420_address_decode
                0x000000000000664c       0x7c contiki-sky.a(cc2420.o)
                0x000000000000664c                cc2420_address_decode
 .text.cc2420_set_autoack
                0x00000000000066c8       0x78 contiki-sky.a(cc2420.o)
                0x00000000000066c8                cc2420_set_autoack
 .text.cc2420_set_interrupt_enable
                0x0000000000006740       0x40 contiki-sky.a(cc2420.o)
                0x0000000000006740                cc2420_set_interrupt_enable
 .text.cc2420_init
                0x0000000000006780      0x12c contiki-sky.a(cc2420.o)
                0x0000000000006780                cc2420_init
 .text.cc2420_port1_interrupt
                0x00000000000068ac       0x20 contiki-sky.a(cc2420-arch.o)
                0x00000000000068ac                __isr_4
                0x00000000000068ac                cc2420_port1_interrupt
 .text.cc2420_arch_init
                0x00000000000068cc       0x1a contiki-sky.a(cc2420-arch.o)
                0x00000000000068cc                cc2420_arch_init
 .text.uart1_active
                0x00000000000068e6       0x18 contiki-sky.a(uart1.o)
                0x00000000000068e6                uart1_active
 .text.uart1_set_input
                0x00000000000068fe        0x6 contiki-sky.a(uart1.o)
                0x00000000000068fe                uart1_set_input
 .text.uart1_writeb
                0x0000000000006904       0x18 contiki-sky.a(uart1.o)
                0x0000000000006904                uart1_writeb
 .text.uart1_init
                0x000000000000691c       0xc6 contiki-sky.a(uart1.o)
                0x000000000000691c                uart1_init
 .text.uart1_rx_interrupt
                0x00000000000069e2       0x50 contiki-sky.a(uart1.o)
                0x00000000000069e2                uart1_rx_interrupt
                0x00000000000069e2                __isr_3
 .text.putchar  0x0000000000006a32       0x10 contiki-sky.a(uart1-putchar.o)
                0x0000000000006a32                putchar
 .text.msp430_init_dco
                0x0000000000006a42       0x82 contiki-sky.a(msp430.o)
                0x0000000000006a42                msp430_init_dco
 .text.msp430_cpu_init
                0x0000000000006ac4       0x2a contiki-sky.a(msp430.o)
                0x0000000000006ac4                msp430_cpu_init
 .text.splhigh_
                0x0000000000006aee        0x8 contiki-sky.a(msp430.o)
                0x0000000000006aee                splhigh_
 .text.timera1  0x0000000000006af6       0xdc contiki-sky.a(clock.o)
                0x0000000000006af6                __isr_5
                0x0000000000006af6                timera1
 .text.clock_time
                0x0000000000006bd2       0x1a contiki-sky.a(clock.o)
                0x0000000000006bd2                clock_time
 .text.clock_init
                0x0000000000006bec       0x28 contiki-sky.a(clock.o)
                0x0000000000006bec                clock_init
 .text.clock_delay
                0x0000000000006c14        0xc contiki-sky.a(clock.o)
                0x0000000000006c14                clock_delay
 .text.leds_init
                0x0000000000006c20        0xa contiki-sky.a(leds.o)
                0x0000000000006c20                leds_init
 .text.leds_on  0x0000000000006c2a        0xe contiki-sky.a(leds.o)
                0x0000000000006c2a                leds_on
 .text.leds_off
                0x0000000000006c38       0x12 contiki-sky.a(leds.o)
                0x0000000000006c38                leds_off
 .text.leds_toggle
                0x0000000000006c4a        0xe contiki-sky.a(leds.o)
                0x0000000000006c4a                leds_toggle
 .text.leds_blink
                0x0000000000006c58       0x20 contiki-sky.a(leds.o)
                0x0000000000006c58                leds_blink
 .text.leds_arch_init
                0x0000000000006c78        0xe contiki-sky.a(leds-arch.o)
                0x0000000000006c78                leds_arch_init
 .text.leds_arch_set
                0x0000000000006c86        0x2 contiki-sky.a(leds-arch.o)
                0x0000000000006c86                leds_arch_set
 .text.watchdog_interrupt
                0x0000000000006c88        0x6 contiki-sky.a(watchdog.o)
                0x0000000000006c88                __isr_10
                0x0000000000006c88                watchdog_interrupt
 .text.watchdog_start
                0x0000000000006c8e       0x14 contiki-sky.a(watchdog.o)
                0x0000000000006c8e                watchdog_start
 .text.watchdog_periodic
                0x0000000000006ca2       0x12 contiki-sky.a(watchdog.o)
                0x0000000000006ca2                watchdog_periodic
 .text.watchdog_stop
                0x0000000000006cb4       0x16 contiki-sky.a(watchdog.o)
                0x0000000000006cb4                watchdog_stop
 .text.watchdog_init
                0x0000000000006cca       0x12 contiki-sky.a(watchdog.o)
                0x0000000000006cca                watchdog_init
 .text.autostart_start
                0x0000000000006cdc       0x16 contiki-sky.a(autostart.o)
                0x0000000000006cdc                autostart_start
 .text.process_thread_ctimer_process
                0x0000000000006cf2       0xa8 contiki-sky.a(ctimer.o)
 .text.ctimer_init
                0x0000000000006d9a       0x18 contiki-sky.a(ctimer.o)
                0x0000000000006d9a                ctimer_init
 .text.ctimer_set_with_process
                0x0000000000006db2       0x4e contiki-sky.a(ctimer.o)
                0x0000000000006db2                ctimer_set_with_process
 .text.ctimer_set_absolute
                0x0000000000006e00       0x3a contiki-sky.a(ctimer.o)
                0x0000000000006e00                ctimer_set_absolute
 .text.energest_type_set
                0x0000000000006e3a        0x2 contiki-sky.a(energest.o)
                0x0000000000006e3a                energest_type_set
 .text.energest_init
                0x0000000000006e3c        0x2 contiki-sky.a(energest.o)
                0x0000000000006e3c                energest_init
 .text.energest_type_time
                0x0000000000006e3e        0x6 contiki-sky.a(energest.o)
                0x0000000000006e3e                energest_type_time
 .text.energest_flush
                0x0000000000006e44        0x2 contiki-sky.a(energest.o)
                0x0000000000006e44                energest_flush
 .text.update_time
                0x0000000000006e46       0x78 contiki-sky.a(etimer.o)
 .text.etimer_request_poll
                0x0000000000006ebe        0xa contiki-sky.a(etimer.o)
                0x0000000000006ebe                etimer_request_poll
 .text.process_thread_etimer_process
                0x0000000000006ec8       0xcc contiki-sky.a(etimer.o)
 .text.add_timer
                0x0000000000006f94       0x40 contiki-sky.a(etimer.o)
 .text.etimer_set
                0x0000000000006fd4       0x12 contiki-sky.a(etimer.o)
                0x0000000000006fd4                etimer_set
 .text.etimer_adjust_absolute
                0x0000000000006fe6        0xe contiki-sky.a(etimer.o)
                0x0000000000006fe6                etimer_adjust_absolute
 .text.etimer_pending
                0x0000000000006ff4        0xc contiki-sky.a(etimer.o)
                0x0000000000006ff4                etimer_pending
 .text.etimer_next_expiration_time
                0x0000000000007000       0x16 contiki-sky.a(etimer.o)
                0x0000000000007000                etimer_next_expiration_time
 .text.call_process
                0x0000000000007016       0x46 contiki-sky.a(process.o)
 .text.exit_process
                0x000000000000705c       0x96 contiki-sky.a(process.o)
 .text.do_poll  0x00000000000070f2       0x30 contiki-sky.a(process.o)
 .text.process_alloc_event
                0x0000000000007122        0xe contiki-sky.a(process.o)
                0x0000000000007122                process_alloc_event
 .text.process_init
                0x0000000000007130       0x1c contiki-sky.a(process.o)
                0x0000000000007130                process_init
 .text.process_run
                0x000000000000714c       0xa2 contiki-sky.a(process.o)
                0x000000000000714c                process_run
 .text.process_nevents
                0x00000000000071ee        0xe contiki-sky.a(process.o)
                0x00000000000071ee                process_nevents
 .text.process_post
                0x00000000000071fc       0x54 contiki-sky.a(process.o)
                0x00000000000071fc                process_post
 .text.process_post_synch
                0x0000000000007250       0x12 contiki-sky.a(process.o)
                0x0000000000007250                process_post_synch
 .text.process_start
                0x0000000000007262       0x36 contiki-sky.a(process.o)
                0x0000000000007262                process_start
 .text.process_poll
                0x0000000000007298       0x18 contiki-sky.a(process.o)
                0x0000000000007298                process_poll
 .text.rtimer_init
                0x00000000000072b0        0x6 contiki-sky.a(rtimer.o)
                0x00000000000072b0                rtimer_init
 .text.rtimer_set_override
                0x00000000000072b6       0x1c contiki-sky.a(rtimer.o)
                0x00000000000072b6                rtimer_set_override
 .text.rtimer_run_next
                0x00000000000072d2       0x26 contiki-sky.a(rtimer.o)
                0x00000000000072d2                rtimer_run_next
 .text.timer_set
                0x00000000000072f8       0x1c contiki-sky.a(timer.o)
                0x00000000000072f8                timer_set
 .text.timer_expired
                0x0000000000007314       0x2a contiki-sky.a(timer.o)
                0x0000000000007314                timer_expired
 .text.process_thread_serial_line_process
                0x000000000000733e       0x9e contiki-sky.a(serial-line.o)
 .text.serial_line_input_byte
                0x00000000000073dc       0x4a contiki-sky.a(serial-line.o)
                0x00000000000073dc                serial_line_input_byte
 .text.serial_line_init
                0x0000000000007426       0x1c contiki-sky.a(serial-line.o)
                0x0000000000007426                serial_line_init
 .text.list_init
                0x0000000000007442        0x6 contiki-sky.a(list.o)
                0x0000000000007442                list_init
 .text.list_head
                0x0000000000007448        0x4 contiki-sky.a(list.o)
                0x0000000000007448                list_head
 .text.list_tail
                0x000000000000744c       0x12 contiki-sky.a(list.o)
                0x000000000000744c                list_tail
 .text.list_remove
                0x000000000000745e       0x34 contiki-sky.a(list.o)
                0x000000000000745e                list_remove
 .text.list_add
                0x0000000000007492       0x2a contiki-sky.a(list.o)
                0x0000000000007492                list_add
 .text.random_init
                0x00000000000074bc        0x6 contiki-sky.a(random.o)
                0x00000000000074bc                random_init
 .text.ringbuf_init
                0x00000000000074c2       0x14 contiki-sky.a(ringbuf.o)
                0x00000000000074c2                ringbuf_init
 .text.ringbuf_put
                0x00000000000074d6       0x38 contiki-sky.a(ringbuf.o)
                0x00000000000074d6                ringbuf_put
 .text.ringbuf_get
                0x000000000000750e       0x32 contiki-sky.a(ringbuf.o)
                0x000000000000750e                ringbuf_get
 .text.rtimer_arch_now
                0x0000000000007540       0x20 contiki-sky.a(chaos.o)
 .text.rtimer_arch_now_vht
                0x0000000000007560       0x86 contiki-sky.a(chaos.o)
 .text.rtimer_sync_dco
                0x00000000000075e6       0x24 contiki-sky.a(chaos.o)
 .text.CC2420_GET_STATUS_FAST
                0x000000000000760a       0x22 contiki-sky.a(chaos.o)
 .text.cc2420_fast_on
                0x000000000000762c       0x1e contiki-sky.a(chaos.o)
 .text.channel_check_interval
                0x000000000000764a        0x6 contiki-sky.a(chaos.o)
 .text.send_packet
                0x0000000000007650        0x2 contiki-sky.a(chaos.o)
 .text.packet_input
                0x0000000000007652        0x2 contiki-sky.a(chaos.o)
 .text.chaos_net_init
                0x0000000000007654        0x2 contiki-sky.a(chaos.o)
 .text.chaos_net_input
                0x0000000000007656        0x2 contiki-sky.a(chaos.o)
 .text.turn_off
                0x0000000000007658        0xc contiki-sky.a(chaos.o)
 .text.turn_on  0x0000000000007664        0xe contiki-sky.a(chaos.o)
 .text.cc2420_fast_off
                0x0000000000007672       0x28 contiki-sky.a(chaos.o)
 .text.cc2420_fast_rx.isra.1.constprop.4
                0x000000000000769a      0x350 contiki-sky.a(chaos.o)
 .text.chaos_clear_rx_tx_packets
                0x00000000000079ea       0x1e contiki-sky.a(chaos.o)
                0x00000000000079ea                chaos_clear_rx_tx_packets
 .text.chaos_make_const_nonce
                0x0000000000007a08       0x36 contiki-sky.a(chaos.o)
                0x0000000000007a08                chaos_make_const_nonce
 .text.chaos_init
                0x0000000000007a3e       0xae contiki-sky.a(chaos.o)
 .text.chaos_round
                0x0000000000007aec      0xa2c contiki-sky.a(chaos.o)
                0x0000000000007aec                chaos_round
 .text.chaos_associate
                0x0000000000008518      0x310 contiki-sky.a(chaos.o)
                0x0000000000008518                chaos_associate
 .text.set_round_rtimer
                0x0000000000008828        0xa contiki-sky.a(chaos.o)
                0x0000000000008828                set_round_rtimer
 .text.get_round_rtimer
                0x0000000000008832        0xa contiki-sky.a(chaos.o)
                0x0000000000008832                get_round_rtimer
 .text.get_round_synced
                0x000000000000883c        0x6 contiki-sky.a(chaos.o)
                0x000000000000883c                get_round_synced
 .text.get_next_round_begin
                0x0000000000008842        0x6 contiki-sky.a(chaos.o)
                0x0000000000008842                get_next_round_begin
 .text.get_next_round_id
                0x0000000000008848        0x6 contiki-sky.a(chaos.o)
                0x0000000000008848                get_next_round_id
 .text.init_node_index
                0x000000000000884e        0x6 contiki-sky.a(node.o)
                0x000000000000884e                init_node_index
 .text.set_stable_initiator
                0x0000000000008854        0x8 contiki-sky.a(node.o)
                0x0000000000008854                set_stable_initiator
 .text.is_pending
                0x000000000000885c       0x10 contiki-sky.a(join.o)
 .text.round_begin_sniffer
                0x000000000000886c       0x42 contiki-sky.a(join.o)
 .text.round_end_sniffer
                0x00000000000088ae       0x2c contiki-sky.a(join.o)
 .text.merge_sort
                0x00000000000088da       0xc4 contiki-sky.a(join.o)
 .text.round_begin
                0x000000000000899e      0x108 contiki-sky.a(join.o)
 .text.process  0x0000000000008aa6      0x75e contiki-sky.a(join.o)
 .text.join_print_nodes
                0x0000000000009204       0x42 contiki-sky.a(join.o)
                0x0000000000009204                join_print_nodes
 .text.join_init
                0x0000000000009246       0x7e contiki-sky.a(join.o)
                0x0000000000009246                join_init
 .text.join_last_round_is_complete
                0x00000000000092c4        0x6 contiki-sky.a(join.o)
                0x00000000000092c4                join_last_round_is_complete
 .text.join_get_off_slot
                0x00000000000092ca        0x6 contiki-sky.a(join.o)
                0x00000000000092ca                join_get_off_slot
 .text.join_get_commit_slot
                0x00000000000092d0        0x6 contiki-sky.a(join.o)
                0x00000000000092d0                join_get_commit_slot
 .text.join_get_slot_count_from_payload
                0x00000000000092d6        0xa contiki-sky.a(join.o)
                0x00000000000092d6                join_get_slot_count_from_payload
 .text.join_is_committed_from_payload
                0x00000000000092e0       0x12 contiki-sky.a(join.o)
                0x00000000000092e0                join_is_committed_from_payload
 .text.process  0x00000000000092f2      0x236 contiki-sky.a(max.o)
 .text.max_get_flags_length
                0x0000000000009528       0x24 contiki-sky.a(max.o)
                0x0000000000009528                max_get_flags_length
 .text.max_is_pending
                0x000000000000954c        0x4 contiki-sky.a(max.o)
                0x000000000000954c                max_is_pending
 .text.max_get_off_slot
                0x0000000000009550        0x6 contiki-sky.a(max.o)
                0x0000000000009550                max_get_off_slot
 .text.max_round_begin
                0x0000000000009556       0xf8 contiki-sky.a(max.o)
                0x0000000000009556                max_round_begin
 .text.send_packet
                0x000000000000964e        0x2 contiki-sky.a(nordc.o)
 .text.send_list
                0x0000000000009650        0x2 contiki-sky.a(nordc.o)
 .text.packet_input
                0x0000000000009652        0x2 contiki-sky.a(nordc.o)
 .text.on       0x0000000000009654        0x4 contiki-sky.a(nordc.o)
 .text.off      0x0000000000009658        0x4 contiki-sky.a(nordc.o)
 .text.channel_check_interval
                0x000000000000965c        0x4 contiki-sky.a(nordc.o)
 .text.init     0x0000000000009660        0x2 contiki-sky.a(nordc.o)
 .text.linkaddr_copy
                0x0000000000009662        0xc contiki-sky.a(linkaddr.o)
                0x0000000000009662                linkaddr_copy
 .text.linkaddr_set_node_addr
                0x000000000000966e        0xc contiki-sky.a(linkaddr.o)
                0x000000000000966e                linkaddr_set_node_addr
 .text.packetbuf_set_datalen
                0x000000000000967a        0x6 contiki-sky.a(packetbuf.o)
                0x000000000000967a                packetbuf_set_datalen
 .text.packetbuf_dataptr
                0x0000000000009680        0xe contiki-sky.a(packetbuf.o)
                0x0000000000009680                packetbuf_dataptr
 .text.packetbuf_attr_clear
                0x000000000000968e       0x28 contiki-sky.a(packetbuf.o)
                0x000000000000968e                packetbuf_attr_clear
 .text.packetbuf_clear
                0x00000000000096b6       0x1a contiki-sky.a(packetbuf.o)
                0x00000000000096b6                packetbuf_clear
 .text.init     0x00000000000096d0        0x2 contiki-sky.a(nullsec.o)
 .text.send     0x00000000000096d2        0xa contiki-sky.a(nullsec.o)
 .text.input    0x00000000000096dc        0x6 contiki-sky.a(nullsec.o)
 .text.spi_init
                0x00000000000096e2       0x30 contiki-sky.a(spi.o)
                0x00000000000096e2                spi_init
 .text.timera0  0x0000000000009712       0x2e contiki-sky.a(rtimer-arch.o)
                0x0000000000009712                __isr_6
                0x0000000000009712                timera0
 .text.rtimer_arch_init
                0x0000000000009740        0xe contiki-sky.a(rtimer-arch.o)
                0x0000000000009740                rtimer_arch_init
 .text.rtimer_arch_schedule
                0x000000000000974e        0x6 contiki-sky.a(rtimer-arch.o)
                0x000000000000974e                rtimer_arch_schedule
 .text.rtimer_arch_now
                0x0000000000009754       0x20 contiki-sky.a(chaos-control.o)
 .text.chaos_round_proc
                0x0000000000009774       0x60 contiki-sky.a(chaos-control.o)
 .text.chaos_pre_processing
                0x00000000000097d4       0x30 contiki-sky.a(chaos-control.o)
 .text.chaos_control_get_round_rtimer
                0x0000000000009804        0xa contiki-sky.a(chaos-control.o)
                0x0000000000009804                chaos_control_get_round_rtimer
 .text.chaos_schedule_check_timer_miss
                0x000000000000980e       0x2c contiki-sky.a(chaos-control.o)
                0x000000000000980e                chaos_schedule_check_timer_miss
 .text.chaos_schedule_check_clock_miss
                0x000000000000983a       0x2a contiki-sky.a(chaos-control.o)
                0x000000000000983a                chaos_schedule_check_clock_miss
 .text.process_thread_chaos_process
                0x0000000000009864      0x4f0 contiki-sky.a(chaos-control.o)
 .text.chaos_log_process_pending
                0x0000000000009d54      0x276 contiki-sky.a(chaos-log.o)
                0x0000000000009d54                chaos_log_process_pending
 .text.chaos_log_prepare_add
                0x0000000000009fca       0x24 contiki-sky.a(chaos-log.o)
                0x0000000000009fca                chaos_log_prepare_add
 .text.chaos_log_commit
                0x0000000000009fee        0xa contiki-sky.a(chaos-log.o)
                0x0000000000009fee                chaos_log_commit
 .text.chaos_log_init
                0x0000000000009ff8        0xe contiki-sky.a(chaos-log.o)
                0x0000000000009ff8                chaos_log_init
 .text.chaos_multichannel_init
                0x000000000000a006        0xa contiki-sky.a(chaos-multichan)
                0x000000000000a006                chaos_multichannel_init
 .text.chaos_multichannel_update_black_list
                0x000000000000a010        0x2 contiki-sky.a(chaos-multichan)
                0x000000000000a010                chaos_multichannel_update_black_list
 .text.chaos_multichannel_round_init
                0x000000000000a012        0x2 contiki-sky.a(chaos-multichan)
                0x000000000000a012                chaos_multichannel_round_init
 .text.chaos_multichannel_lookup_channel
                0x000000000000a014       0x34 contiki-sky.a(chaos-multichan)
                0x000000000000a014                chaos_multichannel_lookup_channel
 .text.chaos_multichannel_update_current_channel
                0x000000000000a048        0xa contiki-sky.a(chaos-multichan)
                0x000000000000a048                chaos_multichannel_update_current_channel
 .text.chaos_multichannel_get_current_channel
                0x000000000000a052        0x6 contiki-sky.a(chaos-multichan)
                0x000000000000a052                chaos_multichannel_get_current_channel
 .text.chaos_random_generator_set_seed
                0x000000000000a058       0x56 contiki-sky.a(chaos-random-ge)
                0x000000000000a058                chaos_random_generator_set_seed
 .text.chaos_random_generator_produce
                0x000000000000a0ae      0x19a contiki-sky.a(chaos-random-ge)
                0x000000000000a0ae                chaos_random_generator_produce
 .text.chaos_random_generator_update_table
                0x000000000000a248       0x20 contiki-sky.a(chaos-random-ge)
                0x000000000000a248                chaos_random_generator_update_table
 .text.chaos_random_generator_init
                0x000000000000a268       0x94 contiki-sky.a(chaos-random-ge)
                0x000000000000a268                chaos_random_generator_init
 .text.chaos_random_generator_fast
                0x000000000000a2fc       0x1e contiki-sky.a(chaos-random-ge)
                0x000000000000a2fc                chaos_random_generator_fast
 .text.scheduler_init
                0x000000000000a31a       0x20 contiki-sky.a(chaos-scheduler)
                0x000000000000a31a                scheduler_init
 .text.scheduler_round_begin
                0x000000000000a33a       0x72 contiki-sky.a(chaos-scheduler)
                0x000000000000a33a                scheduler_round_begin
 .text.scheduler_round_end
                0x000000000000a3ac       0x52 contiki-sky.a(chaos-scheduler)
                0x000000000000a3ac                scheduler_round_end
 .text.scheduler_get_current_app
                0x000000000000a3fe        0x6 contiki-sky.a(chaos-scheduler)
                0x000000000000a3fe                scheduler_get_current_app
 .text.scheduler_get_next_round_app_id
                0x000000000000a404        0x6 contiki-sky.a(chaos-scheduler)
                0x000000000000a404                scheduler_get_next_round_app_id
 .text.scheduler_get_next_round_begin
                0x000000000000a40a        0x6 contiki-sky.a(chaos-scheduler)
                0x000000000000a40a                scheduler_get_next_round_begin
 .text.ringbufindex_init
                0x000000000000a410       0x10 contiki-sky.a(ringbufindex.o)
                0x000000000000a410                ringbufindex_init
 .text.ringbufindex_put
                0x000000000000a420       0x22 contiki-sky.a(ringbufindex.o)
                0x000000000000a420                ringbufindex_put
 .text.ringbufindex_peek_put
                0x000000000000a442       0x26 contiki-sky.a(ringbufindex.o)
                0x000000000000a442                ringbufindex_peek_put
 .text.ringbufindex_get
                0x000000000000a468       0x2a contiki-sky.a(ringbufindex.o)
                0x000000000000a468                ringbufindex_get
 .text.ringbufindex_peek_get
                0x000000000000a492       0x22 contiki-sky.a(ringbufindex.o)
                0x000000000000a492                ringbufindex_peek_get
 .text.libgcc   0x000000000000a4b4       0x2c /usr/local/Cellar/msp430-gcc/4.7.0/lib/gcc/msp430/4.7.0/mmpy-16/libgcc.a(_mulsi3.o)
                0x000000000000a4b4                __mulsi3
 .text.libgcc   0x000000000000a4e0       0x40 /usr/local/Cellar/msp430-gcc/4.7.0/lib/gcc/msp430/4.7.0/mmpy-16/libgcc.a(_udivmod32.o)
                0x000000000000a4e0                __udivsi3
                0x000000000000a4e0                __ext_udivmod32
                0x000000000000a516                __umodsi3
 .text.printf   0x000000000000a520       0x10 /usr/local/Cellar/msp430-gcc/4.7.0/lib/gcc/msp430/4.7.0/../../../../msp430/lib/mmpy-16/libc.a(printf.o)
                0x000000000000a520                printf
 .text.append   0x000000000000a530       0x22 /usr/local/Cellar/msp430-gcc/4.7.0/lib/gcc/msp430/4.7.0/../../../../msp430/lib/mmpy-16/libc.a(sprintf.o)
 .text.call_vuprintf
                0x000000000000a552       0x3a /usr/local/Cellar/msp430-gcc/4.7.0/lib/gcc/msp430/4.7.0/../../../../msp430/lib/mmpy-16/libc.a(sprintf.o)
 .text.snprintf
                0x000000000000a58c       0x1a /usr/local/Cellar/msp430-gcc/4.7.0/lib/gcc/msp430/4.7.0/../../../../msp430/lib/mmpy-16/libc.a(sprintf.o)
                0x000000000000a58c                snprintf
 .text.print_field
                0x000000000000a5a6      0x194 /usr/local/Cellar/msp430-gcc/4.7.0/lib/gcc/msp430/4.7.0/../../../../msp430/lib/mmpy-16/libc.a(vuprintf.o)
 .text.vuprintf
                0x000000000000a73a      0x63c /usr/local/Cellar/msp430-gcc/4.7.0/lib/gcc/msp430/4.7.0/../../../../msp430/lib/mmpy-16/libc.a(vuprintf.o)
                0x000000000000a73a                vuprintf
 .text.puts     0x000000000000ad76       0x2c /usr/local/Cellar/msp430-gcc/4.7.0/lib/gcc/msp430/4.7.0/../../../../msp430/lib/mmpy-16/libc.a(puts.o)
                0x000000000000ad76                puts
 .text.srand    0x000000000000ada2        0xa /usr/local/Cellar/msp430-gcc/4.7.0/lib/gcc/msp430/4.7.0/../../../../msp430/lib/mmpy-16/libc.a(rand.o)
                0x000000000000ada2                srand
 .text.strcmp   0x000000000000adac       0x1e /usr/local/Cellar/msp430-gcc/4.7.0/lib/gcc/msp430/4.7.0/../../../../msp430/lib/mmpy-16/libc.a(strcmp.o)
                0x000000000000adac                strcmp
 .text.memcmp   0x000000000000adca       0x30 /usr/local/Cellar/msp430-gcc/4.7.0/lib/gcc/msp430/4.7.0/../../../../msp430/lib/mmpy-16/libc.a(memcmp.o)
                0x000000000000adca                memcmp
 .text.memcpy   0x000000000000adfa       0xfa /usr/local/Cellar/msp430-gcc/4.7.0/lib/gcc/msp430/4.7.0/../../../../msp430/lib/mmpy-16/libc.a(memcpy.o)
                0x000000000000adfa                memcpy
 .text.memset   0x000000000000aef4       0x6a /usr/local/Cellar/msp430-gcc/4.7.0/lib/gcc/msp430/4.7.0/../../../../msp430/lib/mmpy-16/libc.a(memset.o)
                0x000000000000aef4                memset
 .text.libgcc   0x000000000000af5e       0x22 /usr/local/Cellar/msp430-gcc/4.7.0/lib/gcc/msp430/4.7.0/mmpy-16/libgcc.a(_udivmod16.o)
                0x000000000000af5e                __udivhi3
                0x000000000000af5e                __ext_udivmod16
                0x000000000000af78                __umodhi3
 .text.libgcc   0x000000000000af80       0xf0 /usr/local/Cellar/msp430-gcc/4.7.0/lib/gcc/msp430/4.7.0/mmpy-16/libgcc.a(_udivmod64.o)
                0x000000000000af80                __xabi_udivmod64
                0x000000000000afde                __udivdi3
                0x000000000000b004                __umoddi3
                0x000000000000b032                __udivmoddi4
 .text.crt0     0x000000000000b070        0x2 /usr/local/Cellar/msp430-gcc/4.7.0/lib/gcc/msp430/4.7.0/mmpy-16/libcrt0.a(_unexpected_.o)
                0x000000000000b070                _unexpected_
 *(.near.text .near.text.*)

.rodata         0x000000000000b074      0x6fb
                0x000000000000b074                . = ALIGN (0x2)
 *(.rodata .rodata.* .gnu.linkonce.r.*)
 .rodata        0x000000000000b074       0xca max-app.co
                0x000000000000b100                autostart_processes
                0x000000000000b11a                chaos_app_count
                0x000000000000b11c                chaos_apps
                0x000000000000b12e                chaos_max_app
 .rodata        0x000000000000b13e       0xfa obj_sky/contiki-sky-main.o
 .rodata        0x000000000000b238       0x10 contiki-sky.a(button-sensor.o)
                0x000000000000b240                button_sensor
 .rodata        0x000000000000b248        0x8 contiki-sky.a(sensors.o)
 .rodata.get_value
                0x000000000000b250       0x1c contiki-sky.a(cc2420.o)
 .rodata        0x000000000000b26c       0x3e contiki-sky.a(cc2420.o)
                0x000000000000b26c                cc2420_aes_128_driver
                0x000000000000b270                cc2420_driver
 .rodata        0x000000000000b2aa        0xf contiki-sky.a(ctimer.o)
 .rodata        0x000000000000b2b9        0xc contiki-sky.a(etimer.o)
 .rodata        0x000000000000b2c5        0xe contiki-sky.a(serial-line.o)
 *fill*         0x000000000000b2d3        0x1 00
 .rodata        0x000000000000b2d4      0x182 contiki-sky.a(chaos.o)
                0x000000000000b438                chaosnet_driver
                0x000000000000b448                chaosmac_driver
 .rodata        0x000000000000b456       0x2a contiki-sky.a(join.o)
                0x000000000000b470                join
 .rodata        0x000000000000b480        0x2 contiki-sky.a(max.o)
 .rodata        0x000000000000b482       0x16 contiki-sky.a(nordc.o)
                0x000000000000b488                nordc_driver
 .rodata        0x000000000000b498        0x2 contiki-sky.a(linkaddr.o)
                0x000000000000b498                linkaddr_null
 .rodata        0x000000000000b49a       0x10 contiki-sky.a(nullsec.o)
                0x000000000000b4a2                nullsec_driver
 .rodata        0x000000000000b4aa      0x19f contiki-sky.a(chaos-control.o)
 .rodata        0x000000000000b649       0xb1 contiki-sky.a(chaos-log.o)
 .rodata        0x000000000000b6fa       0x28 contiki-sky.a(chaos-random-ge)
 .rodata        0x000000000000b722       0x46 contiki-sky.a(chaos-scheduler)
 .rodata.vuprintf
                0x000000000000b768        0x7 /usr/local/Cellar/msp430-gcc/4.7.0/lib/gcc/msp430/4.7.0/../../../../msp430/lib/mmpy-16/libc.a(vuprintf.o)
 *(.near.rodata .near.rodata.*)
                0x000000000000b770                . = ALIGN (0x2)
                0x000000000000b770                _etext = .

.data           0x0000000000001100       0x90 load address 0x000000000000b770
                0x0000000000001100                . = ALIGN (0x2)
                0x0000000000001100                __data_start = .
 *(.data .data.* .gnu.linkonce.d.*)
 .data          0x0000000000001100        0xa max-app.co
                0x0000000000001100                chaos_max_app_process
 .data          0x000000000000110a        0x4 obj_sky/contiki-sky-main.o
                0x000000000000110a                TOS_LOCAL_ADDRESS
                0x000000000000110c                TOS_NODE_ID
 .data          0x000000000000110e        0x4 contiki-sky.a(contiki-sky-pla)
                0x000000000000110e                sensors
 .data          0x0000000000001112        0xa contiki-sky.a(sensors.o)
                0x0000000000001112                sensors_process
 .data          0x000000000000111c        0xc contiki-sky.a(cc2420.o)
                0x000000000000111e                cc2420_process
 .data          0x0000000000001128        0x2 contiki-sky.a(msp430.o)
 .data          0x000000000000112a        0xa contiki-sky.a(ctimer.o)
                0x000000000000112a                ctimer_process
 .data          0x0000000000001134        0xa contiki-sky.a(etimer.o)
                0x0000000000001134                etimer_process
 .data          0x000000000000113e        0xa contiki-sky.a(serial-line.o)
                0x000000000000113e                serial_line_process
 .data          0x0000000000001148        0xa contiki-sky.a(chaos.o)
 .data          0x0000000000001152        0xa contiki-sky.a(chaos-control.o)
                0x0000000000001152                chaos_process
 .data          0x000000000000115c       0x20 contiki-sky.a(chaos-multichan)
                0x000000000000115c                chaos_channel_hopping_sequence
 .data          0x000000000000117c       0x10 contiki-sky.a(chaos-random-ge)
 .data.next     0x000000000000118c        0x4 /usr/local/Cellar/msp430-gcc/4.7.0/lib/gcc/msp430/4.7.0/../../../../msp430/lib/mmpy-16/libc.a(rand.o)
 *(.near.data .near.data.*)
                0x0000000000001190                . = ALIGN (0x2)
                0x0000000000001190                _edata = .
                0x000000000000b770                __data_load_start = LOADADDR (.data)
                0x0000000000000090                __data_size = SIZEOF (.data)

.bss            0x0000000000001190     0x12f0 load address 0x000000000000b800
                0x0000000000001190                __bss_start = .
 *(.bss .bss.*)
 .bss           0x0000000000001190        0xa max-app.co
 .bss           0x000000000000119a        0x4 obj_sky/contiki-sky-main.o
 .bss           0x000000000000119e        0x8 contiki-sky.a(button-sensor.o)
 .bss           0x00000000000011a6        0x2 contiki-sky.a(node-id.o)
                0x00000000000011a6                node_id
 .bss           0x00000000000011a8        0x6 contiki-sky.a(sensors.o)
 .bss           0x00000000000011ae        0x8 contiki-sky.a(cc2420.o)
 .bss           0x00000000000011b6        0x4 contiki-sky.a(uart1.o)
 .bss           0x00000000000011ba        0xa contiki-sky.a(clock.o)
 .bss           0x00000000000011c4        0x1 contiki-sky.a(leds.o)
 *fill*         0x00000000000011c5        0x1 00
 .bss           0x00000000000011c6        0x2 contiki-sky.a(watchdog.o)
 .bss           0x00000000000011c8        0x4 contiki-sky.a(ctimer.o)
 .bss           0x00000000000011cc        0x6 contiki-sky.a(etimer.o)
 .bss           0x00000000000011d2       0x42 contiki-sky.a(process.o)
                0x00000000000011d2                process_current
                0x00000000000011d4                process_list
 .bss           0x0000000000001214        0x2 contiki-sky.a(rtimer.o)
 .bss           0x0000000000001216      0x10a contiki-sky.a(serial-line.o)
 .bss           0x0000000000001320      0x44a contiki-sky.a(chaos.o)
                0x0000000000001320                chaos_slot_stats
                0x0000000000001340                chaos_slot_timing_tx_sum
                0x0000000000001344                chaos_slot_timing_rx_sum
                0x0000000000001348                chaos_slot_timing_log_current
                0x000000000000135e                chaos_slot_timing_log_min
                0x0000000000001374                chaos_slot_timing_log_max
                0x000000000000138a                chaos_slot_log
 .bss           0x000000000000176a        0x6 contiki-sky.a(node.o)
                0x000000000000176a                stable_initiator
                0x000000000000176c                chaos_has_node_index
                0x000000000000176d                chaos_node_count
                0x000000000000176e                chaos_node_index
 .bss           0x0000000000001770      0x30e contiki-sky.a(join.o)
                0x0000000000001770                join_debug_var
                0x0000000000001778                rx_pkt_copy
                0x00000000000017f9                rx_pkt_crc_err
 .bss           0x0000000000001a7e       0x1e contiki-sky.a(max.o)
 .bss           0x0000000000001a9c       0xb8 contiki-sky.a(packetbuf.o)
 .bss           0x0000000000001b54       0x38 contiki-sky.a(chaos-control.o)
                0x0000000000001b54                dco_ref
                0x0000000000001b56                rtimer_ref
 .bss           0x0000000000001b8c      0x80a contiki-sky.a(chaos-log.o)
 .bss           0x0000000000002396        0x2 contiki-sky.a(chaos-multichan)
                0x0000000000002396                chaos_current_channel
 .bss           0x0000000000002398       0x86 contiki-sky.a(chaos-random-ge)
 .bss           0x000000000000241e        0xa contiki-sky.a(chaos-scheduler)
 .bss.destination_
                0x0000000000002428        0x2 /usr/local/Cellar/msp430-gcc/4.7.0/lib/gcc/msp430/4.7.0/../../../../msp430/lib/mmpy-16/libc.a(sprintf.o)
 .bss.available_
                0x000000000000242a        0x2 /usr/local/Cellar/msp430-gcc/4.7.0/lib/gcc/msp430/4.7.0/../../../../msp430/lib/mmpy-16/libc.a(sprintf.o)
 *(.near.bss .near.bss.*)
 *(COMMON)
 COMMON         0x000000000000242c        0x2 contiki-sky.a(contiki-sky-pla)
                0x000000000000242c                sensors_flags
 COMMON         0x000000000000242e        0x8 contiki-sky.a(ds2411.o)
                0x000000000000242e                ds2411_id
 COMMON         0x0000000000002436        0x1 contiki-sky.a(sensors.o)
                0x0000000000002436                sensors_event
 *fill*         0x0000000000002437        0x1 00
 COMMON         0x0000000000002438       0x10 contiki-sky.a(cc2420.o)
                0x0000000000002438                cc2420_last_rssi
                0x000000000000243a                cc2420_sfd_start_time
                0x000000000000243c                cc2420_time_of_departure
                0x000000000000243e                cc2420_time_of_arrival
                0x0000000000002440                cc2420_last_correlation
                0x0000000000002441                radio_last_correlation
                0x0000000000002442                cc2420_authority_level_of_sender
                0x0000000000002444                radio_last_rssi
                0x0000000000002445                cc2420_sfd_counter
                0x0000000000002446                cc2420_sfd_end_time
 COMMON         0x0000000000002448        0x2 contiki-sky.a(msp430.o)
                0x0000000000002448                msp430_dco_required
 COMMON         0x000000000000244a        0x1 contiki-sky.a(process.o)
                0x000000000000244a                process_maxevents
 COMMON         0x000000000000244b        0x1 contiki-sky.a(serial-line.o)
                0x000000000000244b                serial_line_event_message
 COMMON         0x000000000000244c        0x9 contiki-sky.a(chaos.o)
                0x000000000000244c                cooja_randomseed
                0x0000000000002450                cooja_debug_ptr
                0x0000000000002452                cooja_request_randomseed
                0x0000000000002454                cooja_debug_point
 *fill*         0x0000000000002455        0x1 00
 COMMON         0x0000000000002456        0x2 contiki-sky.a(linkaddr.o)
                0x0000000000002456                linkaddr_node_addr
 COMMON         0x0000000000002458       0x28 contiki-sky.a(packetbuf.o)
                0x0000000000002458                packetbuf_addrs
                0x000000000000245c                packetbuf_attrs
                0x0000000000002480                . = ALIGN (0x2)
                0x0000000000002480                __bss_end = .
                0x00000000000012f0                __bss_size = SIZEOF (.bss)

.noinit         0x0000000000002480        0x2 load address 0x000000000000b800
                0x0000000000002480                . = ALIGN (0x2)
                0x0000000000002480                __noinit_start = .
 *(.noinit .noinit.*)
 .noinit.crt0   0x0000000000002480        0x2 /usr/local/Cellar/msp430-gcc/4.7.0/lib/gcc/msp430/4.7.0/mmpy-16/libcrt0.a(__watchdog_support.o)
                0x0000000000002480                __wdt_clear_value
                0x0000000000002482                . = ALIGN (0x2)
                0x0000000000002482                __noinit_end = .
                0x0000000000002482                . = ALIGN (0x2)
                0x0000000000002482                _end = .

.infomem        0x0000000000001000        0x0
                0x0000000000001000                . = ALIGN (0x2)
 *(.infomem .infomem.*)

.infomemnobits  0x0000000000001000        0x0
                0x0000000000001000                . = ALIGN (0x2)
 *(.infomemnobits .infomemnobits.*)

.infoa          0x0000000000001080        0x0
                0x0000000000001080                . = ALIGN (0x2)
 *(.infoa .infoa.*)

.infob          0x0000000000001000        0x0
                0x0000000000001000                . = ALIGN (0x2)
 *(.infob .infob.*)

.infoc          0x0000000000000000        0x0
                0x0000000000000000                . = ALIGN (0x2)
 *(.infoc .infoc.*)

.infod          0x0000000000000000        0x0
                0x0000000000000000                . = ALIGN (0x2)
 *(.infod .infod.*)
                0x000000000000ffff                PROVIDE (__vte_0, 0xffff)
                0x000000000000ffff                PROVIDE (__vte_1, 0xffff)
                0x000000000000ffff                PROVIDE (__vte_2, 0xffff)
                0x000000000000ffff                PROVIDE (__vte_3, 0xffff)
                0x000000000000ffff                PROVIDE (__vte_4, 0xffff)
                0x000000000000ffff                PROVIDE (__vte_5, 0xffff)
                0x000000000000ffff                PROVIDE (__vte_6, 0xffff)
                0x000000000000ffff                PROVIDE (__vte_7, 0xffff)
                0x000000000000ffff                PROVIDE (__vte_8, 0xffff)
                0x000000000000ffff                PROVIDE (__vte_9, 0xffff)
                0x000000000000ffff                PROVIDE (__vte_10, 0xffff)
                0x000000000000ffff                PROVIDE (__vte_11, 0xffff)
                0x000000000000ffff                PROVIDE (__vte_12, 0xffff)
                0x000000000000ffff                PROVIDE (__vte_13, 0xffff)
                0x000000000000ffff                PROVIDE (__vte_14, 0xffff)
                0x000000000000ffff                PROVIDE (__vte_15, 0xffff)
                0x000000000000ffff                PROVIDE (__vte_16, 0xffff)
                0x000000000000ffff                PROVIDE (__vte_17, 0xffff)
                0x000000000000ffff                PROVIDE (__vte_18, 0xffff)
                0x000000000000ffff                PROVIDE (__vte_19, 0xffff)
                0x000000000000ffff                PROVIDE (__vte_20, 0xffff)
                0x000000000000ffff                PROVIDE (__vte_21, 0xffff)
                0x000000000000ffff                PROVIDE (__vte_22, 0xffff)
                0x000000000000ffff                PROVIDE (__vte_23, 0xffff)
                0x000000000000ffff                PROVIDE (__vte_24, 0xffff)
                0x000000000000ffff                PROVIDE (__vte_25, 0xffff)
                0x000000000000ffff                PROVIDE (__vte_26, 0xffff)
                0x000000000000ffff                PROVIDE (__vte_27, 0xffff)
                0x000000000000ffff                PROVIDE (__vte_28, 0xffff)
                0x000000000000ffff                PROVIDE (__vte_29, 0xffff)
                0x000000000000ffff                PROVIDE (__vte_30, 0xffff)
                0x000000000000ffff                PROVIDE (__vte_31, 0xffff)

.vectors        0x000000000000ffe0       0x20
                0x000000000000ffe0                __vectors_start = .
 *(.vectors*)
 .vectors       0x000000000000ffe0       0x20 /usr/local/Cellar/msp430-gcc/4.7.0/lib/gcc/msp430/4.7.0/mmpy-16/crt0ivtbl16.o
                0x000000000000ffe0                __ivtbl_16
                0x0000000000010000                _vectors_end = .

.fartext        0x0000000000000000        0x0
                0x0000000000000000                . = ALIGN (0x2)
 *(.fartext .fartext.*)

.far.text       0x0000000000000000        0x0
                0x0000000000000000                . = ALIGN (0x2)
 *(.far.text .far.text.*)

.far.rodata     0x0000000000000000        0x0
                0x0000000000000000                . = ALIGN (0x2)
 *(.far.rodata .far.rodata.*)
                0x0000000000000000                . = ALIGN (0x2)
                0x0000000000000000                _efartext = .

.far.data       0x0000000000000000        0x0
                0x0000000000000000                . = ALIGN (0x2)
                0x0000000000000000                __far_data_start = .
 *(.far.data .far.data.*)
                0x0000000000000000                . = ALIGN (0x2)
                0x0000000000000000                _efardata = .
                0x0000000000000000                __far_data_load_start = LOADADDR (.far.data)
                0x0000000000000000                __far_data_size = SIZEOF (.far.data)

.far.bss        0x0000000000000000        0x0
                0x0000000000000000                . = ALIGN (0x2)
                0x0000000000000000                __far_bss_start = .
 *(.far.bss .far.bss.*)
                0x0000000000000000                . = ALIGN (0x2)
                0x0000000000000000                __far_bss_end = .
                0x0000000000000000                __far_bss_size = SIZEOF (.far.bss)
                0x0000000000000000                . = ALIGN (0x2)
                0x0000000000000000                _far_end = .

.profiler
 *(.profiler)

.stab           0x0000000000000000    0x18ff0
 *(.stab)
 .stab          0x0000000000000000      0xf48 max-app.co
 .stab          0x0000000000000f48     0x1344 obj_sky/contiki-sky-main.o
                                       0x180c (size before relaxing)
 .stab          0x000000000000228c      0x264 contiki-sky.a(contiki-sky-pla)
                                        0x5e8 (size before relaxing)
 .stab          0x00000000000024f0      0x450 contiki-sky.a(button-sensor.o)
                                        0x7ec (size before relaxing)
 .stab          0x0000000000002940      0x630 contiki-sky.a(ds2411.o)
                                        0xb70 (size before relaxing)
 .stab          0x0000000000002f70      0xaa4 contiki-sky.a(xmem.o)
                                        0xffc (size before relaxing)
 .stab          0x0000000000003a14      0x438 contiki-sky.a(node-id.o)
                                        0xd80 (size before relaxing)
 .stab          0x0000000000003e4c      0x6a8 contiki-sky.a(sensors.o)
                                        0xbf4 (size before relaxing)
 .stab          0x00000000000044f4     0x2e98 contiki-sky.a(cc2420.o)
                                       0x3984 (size before relaxing)
 .stab          0x000000000000738c      0xb58 contiki-sky.a(cc2420-arch.o)
                                       0x1548 (size before relaxing)
 .stab          0x0000000000007ee4      0x564 contiki-sky.a(uart1.o)
                                        0x8e8 (size before relaxing)
 .stab          0x0000000000008448      0x24c contiki-sky.a(uart1-putchar.o)
                                        0x5e8 (size before relaxing)
 .stab          0x0000000000008694      0xa2c contiki-sky.a(msp430.o)
                                        0xdb0 (size before relaxing)
 .stab          0x00000000000090c0      0x918 contiki-sky.a(clock.o)
                                        0xc9c (size before relaxing)
 .stab          0x00000000000099d8      0x4d4 contiki-sky.a(leds.o)
                                        0x858 (size before relaxing)
 .stab          0x0000000000009eac      0x2ac contiki-sky.a(leds-arch.o)
                                        0x630 (size before relaxing)
 .stab          0x000000000000a158      0x3d8 contiki-sky.a(watchdog.o)
                                        0x75c (size before relaxing)
 .stab          0x000000000000a530      0x294 contiki-sky.a(autostart.o)
                                        0x534 (size before relaxing)
 .stab          0x000000000000a7c4      0x8dc contiki-sky.a(ctimer.o)
                                        0xc78 (size before relaxing)
 .stab          0x000000000000b0a0      0x2e8 contiki-sky.a(energest.o)
                                        0x66c (size before relaxing)
 .stab          0x000000000000b388      0xaec contiki-sky.a(etimer.o)
                                        0xdbc (size before relaxing)
 .stab          0x000000000000be74      0xb70 contiki-sky.a(process.o)
                                       0x1008 (size before relaxing)
 .stab          0x000000000000c9e4      0x42c contiki-sky.a(rtimer.o)
                                        0x7b0 (size before relaxing)
 .stab          0x000000000000ce10      0x348 contiki-sky.a(timer.o)
                                        0x588 (size before relaxing)
 .stab          0x000000000000d158      0x528 contiki-sky.a(serial-line.o)
                                        0xa74 (size before relaxing)
 .stab          0x000000000000d680      0x7bc contiki-sky.a(list.o)
                                        0x7c8 (size before relaxing)
 .stab          0x000000000000de3c      0x240 contiki-sky.a(random.o)
                                        0x618 (size before relaxing)
 .stab          0x000000000000e07c      0x3f0 contiki-sky.a(ringbuf.o)
                                        0x630 (size before relaxing)
 .stab          0x000000000000e46c     0x327c contiki-sky.a(chaos.o)
                                       0x3aec (size before relaxing)
 .stab          0x00000000000116e8      0x810 contiki-sky.a(node.o)
                                        0xe28 (size before relaxing)
 .stab          0x0000000000011ef8     0x18c0 contiki-sky.a(join.o)
                                       0x22bc (size before relaxing)
 .stab          0x00000000000137b8      0x9cc contiki-sky.a(max.o)
                                       0x1368 (size before relaxing)
 .stab          0x0000000000014184      0x3b4 contiki-sky.a(nordc.o)
                                        0x6a8 (size before relaxing)
 .stab          0x0000000000014538      0x2ac contiki-sky.a(linkaddr.o)
                                        0x6a8 (size before relaxing)
 .stab          0x00000000000147e4      0xd38 contiki-sky.a(packetbuf.o)
                                       0x1b9c (size before relaxing)
 .stab          0x000000000001551c      0x630 contiki-sky.a(nullsec.o)
                                        0xcfc (size before relaxing)
 .stab          0x0000000000015b4c      0x1f8 contiki-sky.a(spi.o)
                                        0x420 (size before relaxing)
 .stab          0x0000000000015d44      0x300 contiki-sky.a(rtimer-arch.o)
                                        0x684 (size before relaxing)
 .stab          0x0000000000016044     0x10a4 contiki-sky.a(chaos-control.o)
                                       0x1bc0 (size before relaxing)
 .stab          0x00000000000170e8      0x684 contiki-sky.a(chaos-log.o)
                                       0x1008 (size before relaxing)
 .stab          0x000000000001776c      0x714 contiki-sky.a(chaos-multichan)
                                       0x10b0 (size before relaxing)
 .stab          0x0000000000017e80      0x564 contiki-sky.a(chaos-random-ge)
                                        0xac8 (size before relaxing)
 .stab          0x00000000000183e4      0x66c contiki-sky.a(chaos-scheduler)
                                       0x102c (size before relaxing)
 .stab          0x0000000000018a50      0x5a0 contiki-sky.a(ringbufindex.o)
                                        0x9a8 (size before relaxing)

.stabstr        0x0000000000000000    0x14f76
 *(.stabstr)
 .stabstr       0x0000000000000000    0x14f76 max-app.co

.stab.excl
 *(.stab.excl)

.stab.exclstr
 *(.stab.exclstr)

.stab.index
 *(.stab.index)

.stab.indexstr
 *(.stab.indexstr)

.comment        0x0000000000000000       0x30
 *(.comment)
 .comment       0x0000000000000000       0x30 max-app.co
                                         0x31 (size before relaxing)
 .comment       0x0000000000000000       0x31 obj_sky/contiki-sky-main.o
 .comment       0x0000000000000000       0x31 contiki-sky.a(contiki-sky-pla)
 .comment       0x0000000000000000       0x31 contiki-sky.a(button-sensor.o)
 .comment       0x0000000000000000       0x31 contiki-sky.a(ds2411.o)
 .comment       0x0000000000000000       0x31 contiki-sky.a(xmem.o)
 .comment       0x0000000000000000       0x31 contiki-sky.a(node-id.o)
 .comment       0x0000000000000000       0x31 contiki-sky.a(sensors.o)
 .comment       0x0000000000000000       0x31 contiki-sky.a(cc2420.o)
 .comment       0x0000000000000000       0x31 contiki-sky.a(cc2420-arch.o)
 .comment       0x0000000000000000       0x31 contiki-sky.a(uart1.o)
 .comment       0x0000000000000000       0x31 contiki-sky.a(uart1-putchar.o)
 .comment       0x0000000000000000       0x31 contiki-sky.a(msp430.o)
 .comment       0x0000000000000000       0x31 contiki-sky.a(clock.o)
 .comment       0x0000000000000000       0x31 contiki-sky.a(leds.o)
 .comment       0x0000000000000000       0x31 contiki-sky.a(leds-arch.o)
 .comment       0x0000000000000000       0x31 contiki-sky.a(watchdog.o)
 .comment       0x0000000000000000       0x31 contiki-sky.a(autostart.o)
 .comment       0x0000000000000000       0x31 contiki-sky.a(ctimer.o)
 .comment       0x0000000000000000       0x31 contiki-sky.a(energest.o)
 .comment       0x0000000000000000       0x31 contiki-sky.a(etimer.o)
 .comment       0x0000000000000000       0x31 contiki-sky.a(process.o)
 .comment       0x0000000000000000       0x31 contiki-sky.a(rtimer.o)
 .comment       0x0000000000000000       0x31 contiki-sky.a(timer.o)
 .comment       0x0000000000000000       0x31 contiki-sky.a(serial-line.o)
 .comment       0x0000000000000000       0x31 contiki-sky.a(list.o)
 .comment       0x0000000000000000       0x31 contiki-sky.a(random.o)
 .comment       0x0000000000000000       0x31 contiki-sky.a(ringbuf.o)
 .comment       0x0000000000000000       0x31 contiki-sky.a(chaos.o)
 .comment       0x0000000000000000       0x31 contiki-sky.a(node.o)
 .comment       0x0000000000000000       0x31 contiki-sky.a(join.o)
 .comment       0x0000000000000000       0x31 contiki-sky.a(max.o)
 .comment       0x0000000000000000       0x31 contiki-sky.a(nordc.o)
 .comment       0x0000000000000000       0x31 contiki-sky.a(linkaddr.o)
 .comment       0x0000000000000000       0x31 contiki-sky.a(packetbuf.o)
 .comment       0x0000000000000000       0x31 contiki-sky.a(nullsec.o)
 .comment       0x0000000000000000       0x31 contiki-sky.a(spi.o)
 .comment       0x0000000000000000       0x31 contiki-sky.a(rtimer-arch.o)
 .comment       0x0000000000000000       0x31 contiki-sky.a(chaos-control.o)
 .comment       0x0000000000000000       0x31 contiki-sky.a(chaos-log.o)
 .comment       0x0000000000000000       0x31 contiki-sky.a(chaos-multichan)
 .comment       0x0000000000000000       0x31 contiki-sky.a(chaos-random-ge)
 .comment       0x0000000000000000       0x31 contiki-sky.a(chaos-scheduler)
 .comment       0x0000000000000000       0x31 contiki-sky.a(ringbufindex.o)
 .comment       0x0000000000000000       0x31 /usr/local/Cellar/msp430-gcc/4.7.0/lib/gcc/msp430/4.7.0/../../../../msp430/lib/mmpy-16/libc.a(printf.o)
 .comment       0x0000000000000000       0x31 /usr/local/Cellar/msp430-gcc/4.7.0/lib/gcc/msp430/4.7.0/../../../../msp430/lib/mmpy-16/libc.a(sprintf.o)
 .comment       0x0000000000000000       0x31 /usr/local/Cellar/msp430-gcc/4.7.0/lib/gcc/msp430/4.7.0/../../../../msp430/lib/mmpy-16/libc.a(vuprintf.o)
 .comment       0x0000000000000000       0x31 /usr/local/Cellar/msp430-gcc/4.7.0/lib/gcc/msp430/4.7.0/../../../../msp430/lib/mmpy-16/libc.a(puts.o)
 .comment       0x0000000000000000       0x31 /usr/local/Cellar/msp430-gcc/4.7.0/lib/gcc/msp430/4.7.0/../../../../msp430/lib/mmpy-16/libc.a(rand.o)
 .comment       0x0000000000000000       0x31 /usr/local/Cellar/msp430-gcc/4.7.0/lib/gcc/msp430/4.7.0/../../../../msp430/lib/mmpy-16/libc.a(strcmp.o)
 .comment       0x0000000000000000       0x31 /usr/local/Cellar/msp430-gcc/4.7.0/lib/gcc/msp430/4.7.0/../../../../msp430/lib/mmpy-16/libc.a(memcmp.o)
 .comment       0x0000000000000000       0x31 /usr/local/Cellar/msp430-gcc/4.7.0/lib/gcc/msp430/4.7.0/../../../../msp430/lib/mmpy-16/libc.a(memcpy.o)
 .comment       0x0000000000000000       0x31 /usr/local/Cellar/msp430-gcc/4.7.0/lib/gcc/msp430/4.7.0/../../../../msp430/lib/mmpy-16/libc.a(memset.o)

.debug
 *(.debug)

.line
 *(.line)

.debug_srcinfo
 *(.debug_srcinfo)

.debug_sfnames
 *(.debug_sfnames)

.debug_aranges  0x0000000000000000      0x1b4
 *(.debug_aranges)
 .debug_aranges
                0x0000000000000000       0x14 /usr/local/Cellar/msp430-gcc/4.7.0/lib/gcc/msp430/4.7.0/mmpy-16/crt0ivtbl16.o
 .debug_aranges
                0x0000000000000014       0x14 /usr/local/Cellar/msp430-gcc/4.7.0/lib/gcc/msp430/4.7.0/mmpy-16/libgcc.a(_mulsi3.o)
 .debug_aranges
                0x0000000000000028       0x14 /usr/local/Cellar/msp430-gcc/4.7.0/lib/gcc/msp430/4.7.0/mmpy-16/libgcc.a(_udivmod32.o)
 .debug_aranges
                0x000000000000003c       0x18 /usr/local/Cellar/msp430-gcc/4.7.0/lib/gcc/msp430/4.7.0/../../../../msp430/lib/mmpy-16/libc.a(printf.o)
 .debug_aranges
                0x0000000000000054       0x28 /usr/local/Cellar/msp430-gcc/4.7.0/lib/gcc/msp430/4.7.0/../../../../msp430/lib/mmpy-16/libc.a(sprintf.o)
 .debug_aranges
                0x000000000000007c       0x18 /usr/local/Cellar/msp430-gcc/4.7.0/lib/gcc/msp430/4.7.0/../../../../msp430/lib/mmpy-16/libc.a(vuprintf.o)
 .debug_aranges
                0x0000000000000094       0x14 /usr/local/Cellar/msp430-gcc/4.7.0/lib/gcc/msp430/4.7.0/../../../../msp430/lib/mmpy-16/libc.a(puts.o)
 .debug_aranges
                0x00000000000000a8       0x1c /usr/local/Cellar/msp430-gcc/4.7.0/lib/gcc/msp430/4.7.0/../../../../msp430/lib/mmpy-16/libc.a(rand.o)
 .debug_aranges
                0x00000000000000c4       0x14 /usr/local/Cellar/msp430-gcc/4.7.0/lib/gcc/msp430/4.7.0/../../../../msp430/lib/mmpy-16/libc.a(strcmp.o)
 .debug_aranges
                0x00000000000000d8       0x14 /usr/local/Cellar/msp430-gcc/4.7.0/lib/gcc/msp430/4.7.0/../../../../msp430/lib/mmpy-16/libc.a(memcmp.o)
 .debug_aranges
                0x00000000000000ec       0x14 /usr/local/Cellar/msp430-gcc/4.7.0/lib/gcc/msp430/4.7.0/../../../../msp430/lib/mmpy-16/libc.a(memcpy.o)
 .debug_aranges
                0x0000000000000100       0x14 /usr/local/Cellar/msp430-gcc/4.7.0/lib/gcc/msp430/4.7.0/../../../../msp430/lib/mmpy-16/libc.a(memset.o)
 .debug_aranges
                0x0000000000000114       0x14 /usr/local/Cellar/msp430-gcc/4.7.0/lib/gcc/msp430/4.7.0/mmpy-16/libgcc.a(_udivmod16.o)
 .debug_aranges
                0x0000000000000128       0x14 /usr/local/Cellar/msp430-gcc/4.7.0/lib/gcc/msp430/4.7.0/mmpy-16/libgcc.a(_udivmod64.o)
 .debug_aranges
                0x000000000000013c       0x14 /usr/local/Cellar/msp430-gcc/4.7.0/lib/gcc/msp430/4.7.0/mmpy-16/libcrt0.a(__watchdog_support.o)
 .debug_aranges
                0x0000000000000150       0x14 /usr/local/Cellar/msp430-gcc/4.7.0/lib/gcc/msp430/4.7.0/mmpy-16/libcrt0.a(__init_stack.o)
 .debug_aranges
                0x0000000000000164       0x14 /usr/local/Cellar/msp430-gcc/4.7.0/lib/gcc/msp430/4.7.0/mmpy-16/libcrt0.a(_copy_data.o)
 .debug_aranges
                0x0000000000000178       0x14 /usr/local/Cellar/msp430-gcc/4.7.0/lib/gcc/msp430/4.7.0/mmpy-16/libcrt0.a(_clear_bss.o)
 .debug_aranges
                0x000000000000018c       0x14 /usr/local/Cellar/msp430-gcc/4.7.0/lib/gcc/msp430/4.7.0/mmpy-16/libcrt0.a(_endless_loop__.o)
 .debug_aranges
                0x00000000000001a0       0x14 /usr/local/Cellar/msp430-gcc/4.7.0/lib/gcc/msp430/4.7.0/mmpy-16/libcrt0.a(_unexpected_.o)

.debug_pubnames
 *(.debug_pubnames)

.debug_info     0x0000000000000000     0x1718
 *(.debug_info)
 .debug_info    0x0000000000000000       0xa3 /usr/local/Cellar/msp430-gcc/4.7.0/lib/gcc/msp430/4.7.0/mmpy-16/crt0ivtbl16.o
 .debug_info    0x00000000000000a3       0xa0 /usr/local/Cellar/msp430-gcc/4.7.0/lib/gcc/msp430/4.7.0/mmpy-16/libgcc.a(_mulsi3.o)
 .debug_info    0x0000000000000143       0xa0 /usr/local/Cellar/msp430-gcc/4.7.0/lib/gcc/msp430/4.7.0/mmpy-16/libgcc.a(_udivmod32.o)
 .debug_info    0x00000000000001e3      0x16e /usr/local/Cellar/msp430-gcc/4.7.0/lib/gcc/msp430/4.7.0/../../../../msp430/lib/mmpy-16/libc.a(printf.o)
 .debug_info    0x0000000000000351      0x321 /usr/local/Cellar/msp430-gcc/4.7.0/lib/gcc/msp430/4.7.0/../../../../msp430/lib/mmpy-16/libc.a(sprintf.o)
 .debug_info    0x0000000000000672      0x5d4 /usr/local/Cellar/msp430-gcc/4.7.0/lib/gcc/msp430/4.7.0/../../../../msp430/lib/mmpy-16/libc.a(vuprintf.o)
 .debug_info    0x0000000000000c46       0xc7 /usr/local/Cellar/msp430-gcc/4.7.0/lib/gcc/msp430/4.7.0/../../../../msp430/lib/mmpy-16/libc.a(puts.o)
 .debug_info    0x0000000000000d0d      0x146 /usr/local/Cellar/msp430-gcc/4.7.0/lib/gcc/msp430/4.7.0/../../../../msp430/lib/mmpy-16/libc.a(rand.o)
 .debug_info    0x0000000000000e53       0xa9 /usr/local/Cellar/msp430-gcc/4.7.0/lib/gcc/msp430/4.7.0/../../../../msp430/lib/mmpy-16/libc.a(strcmp.o)
 .debug_info    0x0000000000000efc       0xe5 /usr/local/Cellar/msp430-gcc/4.7.0/lib/gcc/msp430/4.7.0/../../../../msp430/lib/mmpy-16/libc.a(memcmp.o)
 .debug_info    0x0000000000000fe1      0x12c /usr/local/Cellar/msp430-gcc/4.7.0/lib/gcc/msp430/4.7.0/../../../../msp430/lib/mmpy-16/libc.a(memcpy.o)
 .debug_info    0x000000000000110d      0x117 /usr/local/Cellar/msp430-gcc/4.7.0/lib/gcc/msp430/4.7.0/../../../../msp430/lib/mmpy-16/libc.a(memset.o)
 .debug_info    0x0000000000001224       0xa0 /usr/local/Cellar/msp430-gcc/4.7.0/lib/gcc/msp430/4.7.0/mmpy-16/libgcc.a(_udivmod16.o)
 .debug_info    0x00000000000012c4       0xa0 /usr/local/Cellar/msp430-gcc/4.7.0/lib/gcc/msp430/4.7.0/mmpy-16/libgcc.a(_udivmod64.o)
 .debug_info    0x0000000000001364       0x9e /usr/local/Cellar/msp430-gcc/4.7.0/lib/gcc/msp430/4.7.0/mmpy-16/libcrt0.a(__watchdog_support.o)
 .debug_info    0x0000000000001402       0x9e /usr/local/Cellar/msp430-gcc/4.7.0/lib/gcc/msp430/4.7.0/mmpy-16/libcrt0.a(__init_stack.o)
 .debug_info    0x00000000000014a0       0x9e /usr/local/Cellar/msp430-gcc/4.7.0/lib/gcc/msp430/4.7.0/mmpy-16/libcrt0.a(_copy_data.o)
 .debug_info    0x000000000000153e       0x9e /usr/local/Cellar/msp430-gcc/4.7.0/lib/gcc/msp430/4.7.0/mmpy-16/libcrt0.a(_clear_bss.o)
 .debug_info    0x00000000000015dc       0x9e /usr/local/Cellar/msp430-gcc/4.7.0/lib/gcc/msp430/4.7.0/mmpy-16/libcrt0.a(_endless_loop__.o)
 .debug_info    0x000000000000167a       0x9e /usr/local/Cellar/msp430-gcc/4.7.0/lib/gcc/msp430/4.7.0/mmpy-16/libcrt0.a(_unexpected_.o)
 *(.gnu.linkonce.wi.*)

.debug_abbrev   0x0000000000000000      0x94d
 *(.debug_abbrev)
 .debug_abbrev  0x0000000000000000       0x14 /usr/local/Cellar/msp430-gcc/4.7.0/lib/gcc/msp430/4.7.0/mmpy-16/crt0ivtbl16.o
 .debug_abbrev  0x0000000000000014       0x14 /usr/local/Cellar/msp430-gcc/4.7.0/lib/gcc/msp430/4.7.0/mmpy-16/libgcc.a(_mulsi3.o)
 .debug_abbrev  0x0000000000000028       0x14 /usr/local/Cellar/msp430-gcc/4.7.0/lib/gcc/msp430/4.7.0/mmpy-16/libgcc.a(_udivmod32.o)
 .debug_abbrev  0x000000000000003c       0xfa /usr/local/Cellar/msp430-gcc/4.7.0/lib/gcc/msp430/4.7.0/../../../../msp430/lib/mmpy-16/libc.a(printf.o)
 .debug_abbrev  0x0000000000000136      0x14c /usr/local/Cellar/msp430-gcc/4.7.0/lib/gcc/msp430/4.7.0/../../../../msp430/lib/mmpy-16/libc.a(sprintf.o)
 .debug_abbrev  0x0000000000000282      0x23e /usr/local/Cellar/msp430-gcc/4.7.0/lib/gcc/msp430/4.7.0/../../../../msp430/lib/mmpy-16/libc.a(vuprintf.o)
 .debug_abbrev  0x00000000000004c0       0xa3 /usr/local/Cellar/msp430-gcc/4.7.0/lib/gcc/msp430/4.7.0/../../../../msp430/lib/mmpy-16/libc.a(puts.o)
 .debug_abbrev  0x0000000000000563       0xfb /usr/local/Cellar/msp430-gcc/4.7.0/lib/gcc/msp430/4.7.0/../../../../msp430/lib/mmpy-16/libc.a(rand.o)
 .debug_abbrev  0x000000000000065e       0x65 /usr/local/Cellar/msp430-gcc/4.7.0/lib/gcc/msp430/4.7.0/../../../../msp430/lib/mmpy-16/libc.a(strcmp.o)
 .debug_abbrev  0x00000000000006c3       0x9e /usr/local/Cellar/msp430-gcc/4.7.0/lib/gcc/msp430/4.7.0/../../../../msp430/lib/mmpy-16/libc.a(memcmp.o)
 .debug_abbrev  0x0000000000000761       0xab /usr/local/Cellar/msp430-gcc/4.7.0/lib/gcc/msp430/4.7.0/../../../../msp430/lib/mmpy-16/libc.a(memcpy.o)
 .debug_abbrev  0x000000000000080c       0xa1 /usr/local/Cellar/msp430-gcc/4.7.0/lib/gcc/msp430/4.7.0/../../../../msp430/lib/mmpy-16/libc.a(memset.o)
 .debug_abbrev  0x00000000000008ad       0x14 /usr/local/Cellar/msp430-gcc/4.7.0/lib/gcc/msp430/4.7.0/mmpy-16/libgcc.a(_udivmod16.o)
 .debug_abbrev  0x00000000000008c1       0x14 /usr/local/Cellar/msp430-gcc/4.7.0/lib/gcc/msp430/4.7.0/mmpy-16/libgcc.a(_udivmod64.o)
 .debug_abbrev  0x00000000000008d5       0x14 /usr/local/Cellar/msp430-gcc/4.7.0/lib/gcc/msp430/4.7.0/mmpy-16/libcrt0.a(__watchdog_support.o)
 .debug_abbrev  0x00000000000008e9       0x14 /usr/local/Cellar/msp430-gcc/4.7.0/lib/gcc/msp430/4.7.0/mmpy-16/libcrt0.a(__init_stack.o)
 .debug_abbrev  0x00000000000008fd       0x14 /usr/local/Cellar/msp430-gcc/4.7.0/lib/gcc/msp430/4.7.0/mmpy-16/libcrt0.a(_copy_data.o)
 .debug_abbrev  0x0000000000000911       0x14 /usr/local/Cellar/msp430-gcc/4.7.0/lib/gcc/msp430/4.7.0/mmpy-16/libcrt0.a(_clear_bss.o)
 .debug_abbrev  0x0000000000000925       0x14 /usr/local/Cellar/msp430-gcc/4.7.0/lib/gcc/msp430/4.7.0/mmpy-16/libcrt0.a(_endless_loop__.o)
 .debug_abbrev  0x0000000000000939       0x14 /usr/local/Cellar/msp430-gcc/4.7.0/lib/gcc/msp430/4.7.0/mmpy-16/libcrt0.a(_unexpected_.o)

.debug_line     0x0000000000000000      0xd1f
 *(.debug_line)
 .debug_line    0x0000000000000000       0x5a /usr/local/Cellar/msp430-gcc/4.7.0/lib/gcc/msp430/4.7.0/mmpy-16/crt0ivtbl16.o
 .debug_line    0x000000000000005a       0x6d /usr/local/Cellar/msp430-gcc/4.7.0/lib/gcc/msp430/4.7.0/mmpy-16/libgcc.a(_mulsi3.o)
 .debug_line    0x00000000000000c7       0x75 /usr/local/Cellar/msp430-gcc/4.7.0/lib/gcc/msp430/4.7.0/mmpy-16/libgcc.a(_udivmod32.o)
 .debug_line    0x000000000000013c       0xb4 /usr/local/Cellar/msp430-gcc/4.7.0/lib/gcc/msp430/4.7.0/../../../../msp430/lib/mmpy-16/libc.a(printf.o)
 .debug_line    0x00000000000001f0      0x112 /usr/local/Cellar/msp430-gcc/4.7.0/lib/gcc/msp430/4.7.0/../../../../msp430/lib/mmpy-16/libc.a(sprintf.o)
 .debug_line    0x0000000000000302      0x315 /usr/local/Cellar/msp430-gcc/4.7.0/lib/gcc/msp430/4.7.0/../../../../msp430/lib/mmpy-16/libc.a(vuprintf.o)
 .debug_line    0x0000000000000617       0x65 /usr/local/Cellar/msp430-gcc/4.7.0/lib/gcc/msp430/4.7.0/../../../../msp430/lib/mmpy-16/libc.a(puts.o)
 .debug_line    0x000000000000067c       0x68 /usr/local/Cellar/msp430-gcc/4.7.0/lib/gcc/msp430/4.7.0/../../../../msp430/lib/mmpy-16/libc.a(rand.o)
 .debug_line    0x00000000000006e4       0x49 /usr/local/Cellar/msp430-gcc/4.7.0/lib/gcc/msp430/4.7.0/../../../../msp430/lib/mmpy-16/libc.a(strcmp.o)
 .debug_line    0x000000000000072d       0x9a /usr/local/Cellar/msp430-gcc/4.7.0/lib/gcc/msp430/4.7.0/../../../../msp430/lib/mmpy-16/libc.a(memcmp.o)
 .debug_line    0x00000000000007c7      0x123 /usr/local/Cellar/msp430-gcc/4.7.0/lib/gcc/msp430/4.7.0/../../../../msp430/lib/mmpy-16/libc.a(memcpy.o)
 .debug_line    0x00000000000008ea       0xfd /usr/local/Cellar/msp430-gcc/4.7.0/lib/gcc/msp430/4.7.0/../../../../msp430/lib/mmpy-16/libc.a(memset.o)
 .debug_line    0x00000000000009e7       0x66 /usr/local/Cellar/msp430-gcc/4.7.0/lib/gcc/msp430/4.7.0/mmpy-16/libgcc.a(_udivmod16.o)
 .debug_line    0x0000000000000a4d       0xbf /usr/local/Cellar/msp430-gcc/4.7.0/lib/gcc/msp430/4.7.0/mmpy-16/libgcc.a(_udivmod64.o)
 .debug_line    0x0000000000000b0c       0x58 /usr/local/Cellar/msp430-gcc/4.7.0/lib/gcc/msp430/4.7.0/mmpy-16/libcrt0.a(__watchdog_support.o)
 .debug_line    0x0000000000000b64       0x56 /usr/local/Cellar/msp430-gcc/4.7.0/lib/gcc/msp430/4.7.0/mmpy-16/libcrt0.a(__init_stack.o)
 .debug_line    0x0000000000000bba       0x5c /usr/local/Cellar/msp430-gcc/4.7.0/lib/gcc/msp430/4.7.0/mmpy-16/libcrt0.a(_copy_data.o)
 .debug_line    0x0000000000000c16       0x5c /usr/local/Cellar/msp430-gcc/4.7.0/lib/gcc/msp430/4.7.0/mmpy-16/libcrt0.a(_clear_bss.o)
 .debug_line    0x0000000000000c72       0x57 /usr/local/Cellar/msp430-gcc/4.7.0/lib/gcc/msp430/4.7.0/mmpy-16/libcrt0.a(_endless_loop__.o)
 .debug_line    0x0000000000000cc9       0x56 /usr/local/Cellar/msp430-gcc/4.7.0/lib/gcc/msp430/4.7.0/mmpy-16/libcrt0.a(_unexpected_.o)

.debug_frame    0x0000000000000000      0x23c
 *(.debug_frame)
 .debug_frame   0x0000000000000000       0x2a /usr/local/Cellar/msp430-gcc/4.7.0/lib/gcc/msp430/4.7.0/../../../../msp430/lib/mmpy-16/libc.a(printf.o)
 .debug_frame   0x000000000000002a       0x68 /usr/local/Cellar/msp430-gcc/4.7.0/lib/gcc/msp430/4.7.0/../../../../msp430/lib/mmpy-16/libc.a(sprintf.o)
 .debug_frame   0x0000000000000092       0xa0 /usr/local/Cellar/msp430-gcc/4.7.0/lib/gcc/msp430/4.7.0/../../../../msp430/lib/mmpy-16/libc.a(vuprintf.o)
 .debug_frame   0x0000000000000132       0x24 /usr/local/Cellar/msp430-gcc/4.7.0/lib/gcc/msp430/4.7.0/../../../../msp430/lib/mmpy-16/libc.a(puts.o)
 .debug_frame   0x0000000000000156       0x3c /usr/local/Cellar/msp430-gcc/4.7.0/lib/gcc/msp430/4.7.0/../../../../msp430/lib/mmpy-16/libc.a(rand.o)
 .debug_frame   0x0000000000000192       0x1e /usr/local/Cellar/msp430-gcc/4.7.0/lib/gcc/msp430/4.7.0/../../../../msp430/lib/mmpy-16/libc.a(strcmp.o)
 .debug_frame   0x00000000000001b0       0x28 /usr/local/Cellar/msp430-gcc/4.7.0/lib/gcc/msp430/4.7.0/../../../../msp430/lib/mmpy-16/libc.a(memcmp.o)